12-03 17:25:21.083   601   601 I SFPerfTracer:      triggers: (rate: 4101:1029218) (compose: 0:3) (post: 0:114) (render: 0:118) (36:5218562 frames) (37:5539537)
12-03 17:25:21.083   601   601 D SFPerfTracer:        layers: (6:16) (StatusBar#0 (0xb1ce8000): 0:311103) (RoundedOverlay#0 (0xb1ceb000): 0:10480) (RoundedOverlay#1 (0xb1c37000): 0:11441) (com.android.systemui.ImageWallpaper#0 (0xb1c3a000): 0:8428)* (DimLayerController/Stack=0#0 (0xb1e1b000): 0:8297)* (Sprite#0 (0xb1e3e000): 0:4669)* (DockedStackDim#0 (0xb1e75000): 0:19)* (animation background stackId=1#0 (0xb1e45000): 0:290)* (#0 (0xb1ce6000): 0:9650)* (#1 (0xb1c08000): 0:766) (#2 (0xb1c7c000): 0:522)* (#3 (0xb1e27000): 0:1962)* (NavigationBar#0 (0xb1e05000): 0:502) (#4 (0xb1e34000): 0:117)* (InputMethod#0 (0xb1e1e000): 0:647)* (com.dji.FPVDemo/com.dji.FPVDemo.MainActivity#0 (0xb1e17000): 37:326) 
12-03 17:25:21.240  1973  2022 I ActivityManager: Start proc 2253:com.facebook.katana/u0a125 for broadcast com.facebook.katana/com.facebook.push.c2dm.C2DMBroadcastReceiver
12-03 17:25:21.996   601   818 I SFPerfTracer:      triggers: (rate: 259:7158) (11691071 sw vsyncs) (0 skipped) (0:13776730 vsyncs) (1:26040344)
12-03 17:25:22.589  1973  2598 I ActivityManager: Killing 32656:com.android.keychain/1000 (adj 906): empty #17
12-03 17:25:23.938   601   601 I SFPerfTracer:       trigger: frame rate (-43.842%)	(33.695 fps)	(29.678 ms) 	(46 drops)	(85 frames)
12-03 17:25:23.938   601   601 I SFPerfTracer:      triggers: (rate: 4102:1029264) (compose: 0:3) (post: 0:114) (render: 0:118) (85:5218659 frames) (86:5539637)
12-03 17:25:23.938   601   601 D SFPerfTracer:        layers: (7:16) (StatusBar#0 (0xb1ce8000): 10:311117) (RoundedOverlay#0 (0xb1ceb000): 0:10480) (RoundedOverlay#1 (0xb1c37000): 0:11441) (com.android.systemui.ImageWallpaper#0 (0xb1c3a000): 0:8428)* (DimLayerController/Stack=0#0 (0xb1e1b000): 0:8297)* (Sprite#0 (0xb1e3e000): 0:4669)* (DockedStackDim#0 (0xb1e75000): 0:19)* (animation background stackId=1#0 (0xb1e45000): 0:290)* (#0 (0xb1ce6000): 0:9656)* (#1 (0xb1c08000): 0:770) (#2 (0xb1c7c000): 0:522)* (#3 (0xb1e27000): 2:1966)* (NavigationBar#0 (0xb1e05000): 0:502) (#4 (0xb1e34000): 8:128) (InputMethod#0 (0xb1e1e000): 0:647)* (com.dji.FPVDemo/com.dji.FPVDemo.MainActivity#0 (0xb1e17000): 78:413) 
12-03 17:25:25.338   601   818 I SFPerfTracer:      triggers: (rate: 259:7158) (11691071 sw vsyncs) (0 skipped) (0:13776732 vsyncs) (1:26040445)
12-03 17:25:27.508  2253  2426 E ActivityThread: Failed to find provider info for com.facebook.appmanager.attribution
12-03 17:25:27.583   601   601 I SFPerfTracer:       trigger: frame rate (-38.110%)	(37.134 fps)	(26.930 ms) 	(66 drops)	(134 frames)
12-03 17:25:27.583   601   601 I SFPerfTracer:      triggers: (rate: 4103:1029330) (compose: 0:3) (post: 0:114) (render: 0:118) (134:5218793 frames) (135:5539772)
12-03 17:25:27.584   601   601 D SFPerfTracer:        layers: (7:16) (StatusBar#0 (0xb1ce8000): 0:311117) (RoundedOverlay#0 (0xb1ceb000): 0:10480) (RoundedOverlay#1 (0xb1c37000): 0:11441) (com.android.systemui.ImageWallpaper#0 (0xb1c3a000): 0:8428)* (DimLayerController/Stack=0#0 (0xb1e1b000): 0:8297)* (Sprite#0 (0xb1e3e000): 0:4669)* (DockedStackDim#0 (0xb1e75000): 0:19)* (animation background stackId=1#0 (0xb1e45000): 0:290)* (#0 (0xb1ce6000): 0:9656)* (#1 (0xb1c08000): 0:770) (#2 (0xb1c7c000): 0:522)* (#3 (0xb1e27000): 0:1966)* (NavigationBar#0 (0xb1e05000): 0:502) (#4 (0xb1e34000): 49:177) (InputMethod#0 (0xb1e1e000): 0:647)* (com.dji.FPVDemo/com.dji.FPVDemo.MainActivity#0 (0xb1e17000): 110:523) 
12-03 17:25:27.827   601   818 I SFPerfTracer:      triggers: (rate: 259:7158) (11691071 sw vsyncs) (0 skipped) (0:13776783 vsyncs) (1:26040546)
12-03 17:25:29.014  1973  2022 W BroadcastQueue: Permission Denial: broadcasting Intent { act=android.net.conn.CONNECTIVITY_CHANGE flg=0x4000010 (has extras) } from null (pid=-1, uid=-1) requires com.facebook.permission.prod.FB_APP_COMMUNICATION due to registered receiver BroadcastFilter{1230afb u0 ReceiverList{3c2648a 2253 com.facebook.katana/10125/u0 remote:e2dfef5}}
12-03 17:25:29.015  1973  2022 W BroadcastQueue: Permission Denial: broadcasting Intent { act=android.net.conn.INET_CONDITION_ACTION flg=0x4000010 (has extras) } from null (pid=-1, uid=-1) requires com.facebook.permission.prod.FB_APP_COMMUNICATION due to registered receiver BroadcastFilter{1230afb u0 ReceiverList{3c2648a 2253 com.facebook.katana/10125/u0 remote:e2dfef5}}
12-03 17:25:29.159  1973  2022 W BroadcastQueue: Permission Denial: broadcasting Intent { act=android.net.conn.CONNECTIVITY_CHANGE flg=0x4000010 (has extras) } from null (pid=-1, uid=-1) requires com.facebook.permission.prod.FB_APP_COMMUNICATION due to registered receiver BroadcastFilter{8e1de73 u0 ReceiverList{fe2fae2 2253 com.facebook.katana/10125/u0 remote:6a417ad}}
12-03 17:25:29.594  1973  1973 I ActivityManager: Start proc 2563:com.google.android.partnersetup/u0a33 for service com.google.android.partnersetup/.InstalledAppJobService
12-03 17:25:29.686  1973  2598 I ActivityManager: Start proc 2623:com.facebook.katana:notification/u0a125 for service com.facebook.katana/com.facebook.rti.push.service.FbnsService
12-03 17:25:30.033   601   818 I SFPerfTracer:      triggers: (rate: 259:7158) (11691071 sw vsyncs) (0 skipped) (32:13776880 vsyncs) (34:26040662)
12-03 17:25:30.207   601   601 I SFPerfTracer:      triggers: (rate: 4103:1029351) (compose: 0:3) (post: 0:114) (render: 0:118) (124:5218917 frames) (125:5539897)
12-03 17:25:30.207   601   601 D SFPerfTracer:        layers: (6:16) (StatusBar#0 (0xb1ce8000): 0:311117) (RoundedOverlay#0 (0xb1ceb000): 0:10480) (RoundedOverlay#1 (0xb1c37000): 0:11441) (com.android.systemui.ImageWallpaper#0 (0xb1c3a000): 0:8428)* (DimLayerController/Stack=0#0 (0xb1e1b000): 0:8297)* (Sprite#0 (0xb1e3e000): 0:4669)* (DockedStackDim#0 (0xb1e75000): 0:19)* (animation background stackId=1#0 (0xb1e45000): 0:290)* (#0 (0xb1ce6000): 0:9656)* (#1 (0xb1c08000): 0:770) (#2 (0xb1c7c000): 0:522)* (#3 (0xb1e27000): 1:1967)* (NavigationBar#0 (0xb1e05000): 0:502) (#4 (0xb1e34000): 1:178)* (InputMethod#0 (0xb1e1e000): 0:647)* (com.dji.FPVDemo/com.dji.FPVDemo.MainActivity#0 (0xb1e17000): 125:648) 
12-03 17:25:32.913   601   601 I SFPerfTracer:       trigger: frame rate (-48.806%)	(30.716 fps)	(32.556 ms) 	(49 drops)	(77 frames)
12-03 17:25:32.913   601   601 I SFPerfTracer:      triggers: (rate: 4104:1029400) (compose: 0:3) (post: 0:114) (render: 0:118) (77:5218994 frames) (78:5539976)
12-03 17:25:32.913   601   601 D SFPerfTracer:        layers: (6:16) (StatusBar#0 (0xb1ce8000): 1:311118) (RoundedOverlay#0 (0xb1ceb000): 0:10480) (RoundedOverlay#1 (0xb1c37000): 0:11441) (com.android.systemui.ImageWallpaper#0 (0xb1c3a000): 0:8428)* (DimLayerController/Stack=0#0 (0xb1e1b000): 0:8297)* (Sprite#0 (0xb1e3e000): 0:4669)* (DockedStackDim#0 (0xb1e75000): 0:19)* (animation background stackId=1#0 (0xb1e45000): 0:290)* (#0 (0xb1ce6000): 0:9656)* (#1 (0xb1c08000): 0:770) (#2 (0xb1c7c000): 0:522)* (#3 (0xb1e27000): 0:1967)* (NavigationBar#0 (0xb1e05000): 0:502) (#4 (0xb1e34000): 0:178)* (InputMethod#0 (0xb1e1e000): 0:647)* (com.dji.FPVDemo/com.dji.FPVDemo.MainActivity#0 (0xb1e17000): 78:726) 
12-03 17:25:33.525   601   818 I SFPerfTracer:      triggers: (rate: 259:7158) (11691071 sw vsyncs) (0 skipped) (0:13776881 vsyncs) (1:26040763)
12-03 17:25:36.739   601   601 I SFPerfTracer:       trigger: frame rate (-48.352%)	(30.989 fps)	(32.270 ms) 	(83 drops)	(116 frames)
12-03 17:25:36.739   601   601 I SFPerfTracer:      triggers: (rate: 4105:1029483) (compose: 0:3) (post: 0:114) (render: 0:118) (116:5219110 frames) (117:5540093)
12-03 17:25:36.739   601   601 D SFPerfTracer:        layers: (6:16) (StatusBar#0 (0xb1ce8000): 1:311119) (RoundedOverlay#0 (0xb1ceb000): 0:10480) (RoundedOverlay#1 (0xb1c37000): 0:11441) (com.android.systemui.ImageWallpaper#0 (0xb1c3a000): 0:8428)* (DimLayerController/Stack=0#0 (0xb1e1b000): 0:8297)* (Sprite#0 (0xb1e3e000): 0:4669)* (DockedStackDim#0 (0xb1e75000): 0:19)* (animation background stackId=1#0 (0xb1e45000): 0:290)* (#0 (0xb1ce6000): 0:9656)* (#1 (0xb1c08000): 0:770) (#2 (0xb1c7c000): 0:522)* (#3 (0xb1e27000): 0:1967)* (NavigationBar#0 (0xb1e05000): 0:502) (#4 (0xb1e34000): 0:178)* (InputMethod#0 (0xb1e1e000): 0:647)* (com.dji.FPVDemo/com.dji.FPVDemo.MainActivity#0 (0xb1e17000): 115:841) 
12-03 17:25:36.834   601   818 I SFPerfTracer:      triggers: (rate: 259:7158) (11691071 sw vsyncs) (0 skipped) (0:13776883 vsyncs) (1:26040864)
12-03 17:25:40.158   601   818 I SFPerfTracer:      triggers: (rate: 259:7158) (11691071 sw vsyncs) (0 skipped) (0:13776884 vsyncs) (2:26040965)
12-03 17:25:42.898   601   818 I SFPerfTracer:      triggers: (rate: 259:7158) (11691071 sw vsyncs) (0 skipped) (63:13776978 vsyncs) (65:26041095)
12-03 17:25:45.973   601   818 I SFPerfTracer:      triggers: (rate: 259:7158) (11691071 sw vsyncs) (0 skipped) (0:13776995 vsyncs) (1:26041196)
12-03 17:25:46.293   601   601 I SFPerfTracer:       trigger: frame rate (-40.287%)	(35.828 fps)	(27.911 ms) 	(157 drops)	(340 frames)
12-03 17:25:46.293   601   601 I SFPerfTracer:      triggers: (rate: 4106:1029640) (compose: 0:3) (post: 0:114) (render: 0:118) (340:5219450 frames) (341:5540434)
12-03 17:25:46.294   601   601 D SFPerfTracer:        layers: (6:16) (StatusBar#0 (0xb1ce8000): 1:311120) (RoundedOverlay#0 (0xb1ceb000): 0:10480) (RoundedOverlay#1 (0xb1c37000): 0:11441) (com.android.systemui.ImageWallpaper#0 (0xb1c3a000): 0:8428)* (DimLayerController/Stack=0#0 (0xb1e1b000): 0:8297)* (Sprite#0 (0xb1e3e000): 0:4669)* (DockedStackDim#0 (0xb1e75000): 0:19)* (animation background stackId=1#0 (0xb1e45000): 0:290)* (#0 (0xb1ce6000): 2:9658)* (#1 (0xb1c08000): 1:771) (#2 (0xb1c7c000): 0:522)* (#3 (0xb1e27000): 2:1969)* (NavigationBar#0 (0xb1e05000): 0:502) (#4 (0xb1e34000): 0:178)* (InputMethod#0 (0xb1e1e000): 0:647)* (com.dji.FPVDemo/com.dji.FPVDemo.MainActivity#0 (0xb1e17000): 340:1181) 
12-03 17:25:49.314   601   818 I SFPerfTracer:      triggers: (rate: 259:7158) (11691071 sw vsyncs) (0 skipped) (0:13776995 vsyncs) (1:26041297)
12-03 17:25:52.656   601   818 I SFPerfTracer:      triggers: (rate: 259:7158) (11691071 sw vsyncs) (0 skipped) (0:13776996 vsyncs) (1:26041398)
12-03 17:25:55.998   601   818 I SFPerfTracer:      triggers: (rate: 259:7158) (11691071 sw vsyncs) (0 skipped) (0:13776997 vsyncs) (1:26041499)
12-03 17:25:57.074   601   601 I SFPerfTracer:       trigger: frame rate (-49.504%)	(30.298 fps)	(33.006 ms) 	(233 drops)	(324 frames)
12-03 17:25:57.074   601   601 I SFPerfTracer:      triggers: (rate: 4107:1029873) (compose: 0:3) (post: 0:114) (render: 0:118) (324:5219774 frames) (325:5540759)
12-03 17:25:57.074   601   601 D SFPerfTracer:        layers: (6:16) (StatusBar#0 (0xb1ce8000): 3:311123) (RoundedOverlay#0 (0xb1ceb000): 0:10480) (RoundedOverlay#1 (0xb1c37000): 0:11441) (com.android.systemui.ImageWallpaper#0 (0xb1c3a000): 0:8428)* (DimLayerController/Stack=0#0 (0xb1e1b000): 0:8297)* (Sprite#0 (0xb1e3e000): 0:4669)* (DockedStackDim#0 (0xb1e75000): 0:19)* (animation background stackId=1#0 (0xb1e45000): 0:290)* (#0 (0xb1ce6000): 2:9660)* (#1 (0xb1c08000): 1:772) (#2 (0xb1c7c000): 0:522)* (#3 (0xb1e27000): 0:1969)* (NavigationBar#0 (0xb1e05000): 0:502) (#4 (0xb1e34000): 0:178)* (InputMethod#0 (0xb1e1e000): 0:647)* (com.dji.FPVDemo/com.dji.FPVDemo.MainActivity#0 (0xb1e17000): 323:1504) 
12-03 17:25:59.374   601   818 I SFPerfTracer:      triggers: (rate: 259:7158) (11691071 sw vsyncs) (0 skipped) (0:13776997 vsyncs) (1:26041600)
12-03 17:26:02.598   601   818 I SFPerfTracer:      triggers: (rate: 259:7158) (11691071 sw vsyncs) (0 skipped) (0:13777002 vsyncs) (1:26041701)
12-03 17:26:03.881  1973  2180 D BatteryService: uevent={POWER_SUPPLY_VOLTAGE_NOW=3855263, POWER_SUPPLY_CHARGE_RATE=Normal, POWER_SUPPLY_HEALTH=Good, POWER_SUPPLY_CURRENT_NOW=-160826, POWER_SUPPLY_PRESENT=1, SUBSYSTEM=power_supply, POWER_SUPPLY_TEMP=230, SEQNUM=1419696, ACTION=change, POWER_SUPPLY_NAME=battery, POWER_SUPPLY_STATUS=Charging, POWER_SUPPLY_CHARGE_COUNTER=1950026, POWER_SUPPLY_CAPACITY=44, DEVPATH=/devices/soc/qpnp-smbcharger-17/power_supply/battery}
12-03 17:26:05.940   601   818 I SFPerfTracer:      triggers: (rate: 259:7158) (11691071 sw vsyncs) (0 skipped) (0:13777003 vsyncs) (1:26041802)
12-03 17:26:07.834   601   601 I SFPerfTracer:       trigger: frame rate (-49.111%)	(30.534 fps)	(32.751 ms) 	(223 drops)	(326 frames)
12-03 17:26:07.834   601   601 I SFPerfTracer:      triggers: (rate: 4108:1030096) (compose: 0:3) (post: 0:114) (render: 0:118) (326:5220100 frames) (327:5541086)
12-03 17:26:07.834   601   601 D SFPerfTracer:        layers: (6:16) (StatusBar#0 (0xb1ce8000): 7:311130) (RoundedOverlay#0 (0xb1ceb000): 0:10480) (RoundedOverlay#1 (0xb1c37000): 0:11441) (com.android.systemui.ImageWallpaper#0 (0xb1c3a000): 0:8428)* (DimLayerController/Stack=0#0 (0xb1e1b000): 0:8297)* (Sprite#0 (0xb1e3e000): 0:4669)* (DockedStackDim#0 (0xb1e75000): 0:19)* (animation background stackId=1#0 (0xb1e45000): 0:290)* (#0 (0xb1ce6000): 0:9660)* (#1 (0xb1c08000): 0:772) (#2 (0xb1c7c000): 0:522)* (#3 (0xb1e27000): 0:1969)* (NavigationBar#0 (0xb1e05000): 0:502) (#4 (0xb1e34000): 0:178)* (InputMethod#0 (0xb1e1e000): 0:647)* (com.dji.FPVDemo/com.dji.FPVDemo.MainActivity#0 (0xb1e17000): 323:1827) 
12-03 17:26:08.343  1973  2180 D BatteryService: uevent={POWER_SUPPLY_VOLTAGE_NOW=3855263, POWER_SUPPLY_CHARGE_RATE=Normal, POWER_SUPPLY_HEALTH=Good, POWER_SUPPLY_CURRENT_NOW=-160826, POWER_SUPPLY_PRESENT=1, SUBSYSTEM=power_supply, POWER_SUPPLY_TEMP=232, SEQNUM=1419697, ACTION=change, POWER_SUPPLY_NAME=battery, POWER_SUPPLY_STATUS=Discharging, POWER_SUPPLY_CHARGE_COUNTER=1950026, POWER_SUPPLY_CAPACITY=44, DEVPATH=/devices/soc/qpnp-smbcharger-17/power_supply/battery}
12-03 17:26:08.368  1973  2025 E BatteryStatsService: no controller energy info supplied
12-03 17:26:08.368  1973  2025 E BatteryStatsService: no controller energy info supplied
12-03 17:26:08.368  1973  2022 W BroadcastQueue: Background execution not allowed: receiving Intent { act=android.intent.action.ACTION_POWER_DISCONNECTED flg=0x4000010 (has extras) } to com.google.android.apps.photos/.scheduler.PowerReceiver
12-03 17:26:08.376  1973  2180 D BatteryService: uevent={POWER_SUPPLY_VOLTAGE_NOW=3848549, POWER_SUPPLY_CHARGE_RATE=None, POWER_SUPPLY_HEALTH=Good, POWER_SUPPLY_CURRENT_NOW=-96587, POWER_SUPPLY_PRESENT=1, SUBSYSTEM=power_supply, POWER_SUPPLY_TEMP=232, SEQNUM=1419699, ACTION=change, POWER_SUPPLY_NAME=battery, POWER_SUPPLY_STATUS=Discharging, POWER_SUPPLY_CHARGE_COUNTER=1950190, POWER_SUPPLY_CAPACITY=44, DEVPATH=/devices/soc/qpnp-smbcharger-17/power_supply/battery}
12-03 17:26:08.392  1973  2180 D BatteryService: uevent={POWER_SUPPLY_VOLTAGE_NOW=3848549, POWER_SUPPLY_CHARGE_RATE=None, POWER_SUPPLY_HEALTH=Good, POWER_SUPPLY_CURRENT_NOW=-96587, POWER_SUPPLY_PRESENT=1, SUBSYSTEM=power_supply, POWER_SUPPLY_TEMP=232, SEQNUM=1419701, ACTION=change, POWER_SUPPLY_NAME=battery, POWER_SUPPLY_STATUS=Discharging, POWER_SUPPLY_CHARGE_COUNTER=1950190, POWER_SUPPLY_CAPACITY=44, DEVPATH=/devices/soc/qpnp-smbcharger-17/power_supply/battery}
12-03 17:26:08.414  1973  2025 E BatteryStatsService: modem info is invalid: ModemActivityInfo{ mTimestamp=1642060713 mSleepTimeMs=1563762919 mIdleTimeMs=-1563579002 mTxTimeMs[]=[0, 0, 0, 0, 0] mRxTimeMs=3388 mEnergyUsed=0}
12-03 17:26:08.415  1973  2022 W BroadcastQueue: Background execution not allowed: receiving Intent { act=android.intent.action.ACTION_POWER_DISCONNECTED flg=0x4000010 (has extras) } to com.google.android.gms/com.google.android.libraries.social.autobackup.AutoBackupEnvironment$BatteryReceiver
12-03 17:26:08.443  1973  2180 D BatteryService: uevent={POWER_SUPPLY_VOLTAGE_NOW=3848549, POWER_SUPPLY_CHARGE_RATE=None, POWER_SUPPLY_HEALTH=Good, POWER_SUPPLY_CURRENT_NOW=-96587, POWER_SUPPLY_PRESENT=1, SUBSYSTEM=power_supply, POWER_SUPPLY_TEMP=232, SEQNUM=1419703, ACTION=change, POWER_SUPPLY_NAME=battery, POWER_SUPPLY_STATUS=Discharging, POWER_SUPPLY_CHARGE_COUNTER=1950190, POWER_SUPPLY_CAPACITY=44, DEVPATH=/devices/soc/qpnp-smbcharger-17/power_supply/battery}
12-03 17:26:08.486  1973 10425 E BatteryStatsService: no controller energy info supplied
12-03 17:26:08.486  1973 10425 E BatteryStatsService: no controller energy info supplied
12-03 17:26:08.496  1973  2022 W BroadcastQueue: Background execution not allowed: receiving Intent { act=android.intent.action.ACTION_POWER_DISCONNECTED flg=0x4000010 (has extras) } to com.google.android.gms/.chimera.GmsIntentOperationService$PersistentTrustedReceiver
12-03 17:26:08.496  1973  2022 W BroadcastQueue: Background execution not allowed: receiving Intent { act=android.intent.action.ACTION_POWER_DISCONNECTED flg=0x4000010 (has extras) } to com.motorola.motokey/org.altbeacon.beacon.startup.StartupBroadcastReceiver
12-03 17:26:08.515  1973 10425 E BatteryStatsService: modem info is invalid: ModemActivityInfo{ mTimestamp=1642060820 mSleepTimeMs=1563762919 mIdleTimeMs=-1563579002 mTxTimeMs[]=[0, 0, 0, 0, 0] mRxTimeMs=3388 mEnergyUsed=0}
12-03 17:26:08.602   601   601 I SFPerfTracer:       trigger: frame rate (-48.930%)	(30.642 fps)	(32.635 ms) 	(15 drops)	(21 frames)
12-03 17:26:08.603   601   601 I SFPerfTracer:      triggers: (rate: 4109:1030111) (compose: 0:3) (post: 0:114) (render: 0:118) (21:5220121 frames) (22:5541108)
12-03 17:26:08.603   601   601 D SFPerfTracer:        layers: (6:16) (StatusBar#0 (0xb1ce8000): 2:311132) (RoundedOverlay#0 (0xb1ceb000): 0:10480) (RoundedOverlay#1 (0xb1c37000): 0:11441) (com.android.systemui.ImageWallpaper#0 (0xb1c3a000): 0:8428)* (DimLayerController/Stack=0#0 (0xb1e1b000): 0:8297)* (Sprite#0 (0xb1e3e000): 0:4669)* (DockedStackDim#0 (0xb1e75000): 0:19)* (animation background stackId=1#0 (0xb1e45000): 0:290)* (#0 (0xb1ce6000): 0:9660)* (#1 (0xb1c08000): 0:772) (#2 (0xb1c7c000): 0:522)* (#3 (0xb1e27000): 0:1969)* (NavigationBar#0 (0xb1e05000): 0:502) (#4 (0xb1e34000): 0:178)* (InputMethod#0 (0xb1e1e000): 0:647)* (com.dji.FPVDemo/com.dji.FPVDemo.MainActivity#0 (0xb1e17000): 19:1846) 
12-03 17:26:08.658  1973  2634 E BatteryStatsService: no controller energy info supplied
12-03 17:26:08.658  1973  2634 E BatteryStatsService: no controller energy info supplied
12-03 17:26:08.693  1973  2634 E BatteryStatsService: modem info is invalid: ModemActivityInfo{ mTimestamp=1642060993 mSleepTimeMs=1563762919 mIdleTimeMs=-1563579002 mTxTimeMs[]=[0, 0, 0, 0, 0] mRxTimeMs=3388 mEnergyUsed=0}
12-03 17:26:09.352  1973  2036 D UsbDeviceManager: exited USB accessory mode
12-03 17:26:09.352  1973  2036 D UsbDeviceManager: applyOemOverride usbfunctions=adb bootmode=normal
12-03 17:26:09.352  1973  2036 I UsbDeviceManager: Setting USB config to adb
12-03 17:26:09.463  1973  2036 D UsbDeviceManager: applyOemOverride usbfunctions=adb bootmode=normal
12-03 17:26:19.591  1973  2194 I PowerManagerService: Going to sleep due to power button (uid 1000)...
12-03 17:26:19.607  1973  1973 V FingerprintService: startAuthentication(com.android.systemui)
12-03 17:26:19.607  1973  1973 V FingerprintService: starting client AuthenticationClient(com.android.systemui), initiatedByClient = true)
12-03 17:26:19.618  1973  1973 W FingerprintService: client com.android.systemui is authenticating...
12-03 17:26:19.864  1973  2041 I DisplayPowerController: Blocking screen off
12-03 17:26:19.871  1973  2041 I DreamManagerService: Entering dreamland.
12-03 17:26:19.871  1973  2041 I PowerManagerService: Dozing...
12-03 17:26:19.872  1973  2036 I DreamController: Starting dream: name=ComponentInfo{com.motorola.motodisplay/com.motorola.motodisplay.DozeService}, isTest=false, canDoze=true, userId=0
12-03 17:26:19.892  1973  2041 I DisplayPowerController: Unblocked screen off after 28 ms
12-03 17:26:19.942  1973  2036 I ActivityManager: Start proc 2840:com.motorola.motodisplay/u0a47 for service com.motorola.motodisplay/.DozeService
12-03 17:26:20.012  1973  2023 W Looper  : Dispatch took 122ms on android.ui, h=Handler (com.android.server.am.ActivityManagerService$UiHandler) {8450c86} cb=null msg=53
12-03 17:26:20.016  1973  2038 I DisplayManagerService: Display device changed state: "Built-in Screen", OFF
12-03 17:26:20.053   601   818 I SFPerfTracer:      triggers: (rate: 259:7158) (11691072 sw vsyncs) (0 skipped) (12:13777020 vsyncs) (14:26041908)
12-03 17:26:20.235  2840  2864 E ActivityThread: Failed to find provider info for com.motorola.audiomonitor.settings.provider
12-03 17:26:20.241  2840  2865 E ActivityThread: Failed to find provider info for com.motorola.audiomonitor.settings.provider
12-03 17:26:20.282  1973  2442 I ActivityManager: Config changes=480 {1.0 334mcc20mnc [en_US] ldltr sw360dp w360dp h648dp 320dpi nrml long widecg port finger -keyb/v/h -nav/h appBounds=Rect(0, 0 - 720, 1344) s.317 spntelcel gidnull}
12-03 17:26:20.316  1973  2442 I ActivityManager: Override config changes=480 {1.0 334mcc20mnc [en_US] ldltr sw360dp w360dp h648dp 320dpi nrml long widecg port finger -keyb/v/h -nav/h appBounds=Rect(0, 0 - 720, 1344) s.317 spntelcel gidnull} for displayId=0
12-03 17:26:20.692  1973  1973 V NotificationListeners: enabling notification listener for 0: ComponentInfo{com.motorola.motodisplay/com.motorola.motodisplay.notification.DisplayNotifListenerService}
12-03 17:26:20.727  1973  5588 I WindowManager: Keep hide if surface has never drawn Window{2af25a8 u0 com.dji.FPVDemo/com.dji.FPVDemo.MainActivity}
12-03 17:26:21.012  1973  2022 V ActivityManager: Attempted to start a foreground service (ComponentInfo{sayantanrc.motodisplayhandwave/sayantanrc.motodisplayhandwave.MD_handwaveService}) with a broken notification (no icon: Notification(channel=Services (Deactivate this) pri=0 contentView=null vibrate=null sound=null defaults=0x0 flags=0x40 color=0x00000000 vis=PRIVATE))
12-03 17:26:21.023  1973  2022 E NotificationService: Suppressing notification from package by user request.
12-03 17:26:23.115  1973 10426 E BatteryStatsService: no controller energy info supplied
12-03 17:26:23.115  1973 10426 E BatteryStatsService: no controller energy info supplied
12-03 17:26:23.155  1973 10426 E BatteryStatsService: modem info is invalid: ModemActivityInfo{ mTimestamp=1642075449 mSleepTimeMs=1563774200 mIdleTimeMs=-1563759816 mTxTimeMs[]=[0, 0, 0, 0, 0] mRxTimeMs=352 mEnergyUsed=0}
12-03 17:27:23.404  1973  2022 W ActivityManager: Stopping service due to app idle: u0a125 -1m53s740ms com.facebook.katana/com.facebook.rti.push.service.FbnsService
12-03 17:27:23.404  1973  2022 W ActivityManager: Stopping service due to app idle: u0a125 -2m0s275ms com.facebook.katana/com.facebook.mqttlite.MqttService
12-03 17:27:23.429  1973 10426 I ActivityManager: Killing 32670:com.mgoogle.android.gms/u0a201 (adj 906): empty #17
12-03 17:27:23.430  1973 10426 I ActivityManager: Killing 32710:com.motorola.invisiblenet/u0a37 (adj 906): empty #18
12-03 17:27:40.362  1973  1973 I NotificationService: Cannot find enqueued record for key: 0|sayantanrc.motodisplayhandwave|0|null|10153
12-03 17:27:40.392  1973  2038 I DisplayManagerService: Display device changed state: "Built-in Screen", DOZE
12-03 17:27:44.358  1973  2041 I DisplayPowerController: Blocking screen off
12-03 17:27:44.359  1973  2041 I DisplayPowerController: Unblocked screen off after 1 ms
12-03 17:27:44.361  1973  2038 I DisplayManagerService: Display device changed state: "Built-in Screen", OFF
12-03 17:28:07.206  1973 27685 V FingerprintService: onAuthenticated, deviceId = 2928759216 fingerId = 0 groupId = 0
12-03 17:28:07.206  1973  1973 V FingerprintService: handleAuthenticated
12-03 17:28:07.209  1973  1973 W FingerprintService: Forcing lockout (fp driver code should do this!), mode(1)
12-03 17:28:07.213  1973  1973 W FingerprintService: client com.android.systemui is no longer authenticating
12-03 17:28:07.213  1973  1973 V FingerprintService: Done with client: com.android.systemui
12-03 17:28:07.213  1973  1973 V FingerprintService: handleError(client=null, error = 5)
12-03 17:28:37.779  1973  1973 V FingerprintService: Reset fingerprint lockout, clearAttemptCounter=false
12-03 17:28:37.788  1973  1973 V FingerprintService: startAuthentication(com.android.systemui)
12-03 17:28:37.788  1973  1973 V FingerprintService: starting client AuthenticationClient(com.android.systemui), initiatedByClient = true)
12-03 17:28:37.793  1973  1973 W FingerprintService: client com.android.systemui is authenticating...
12-03 17:28:37.933  1142  1142 W wificond: Failed to get NL80211_ATTR_STATUS_CODE
12-03 17:28:37.956  1973  2022 W BroadcastQueue: Background execution not allowed: receiving Intent { act=android.net.wifi.STATE_CHANGE flg=0x4000010 (has extras) } to com.telcel.contenedor/com.claroColombia.contenedor.receivers.os.WifiReceiver
12-03 17:28:37.957  1973  2022 W BroadcastQueue: Background execution not allowed: receiving Intent { act=android.net.wifi.STATE_CHANGE flg=0x4000010 (has extras) } to com.motorola.carriersettingsext/.wfc.WFCReceiver
12-03 17:28:41.827  1973  2180 D BatteryService: uevent={POWER_SUPPLY_VOLTAGE_NOW=3806893, POWER_SUPPLY_CHARGE_RATE=None, POWER_SUPPLY_HEALTH=Good, POWER_SUPPLY_CURRENT_NOW=106658, POWER_SUPPLY_PRESENT=1, SUBSYSTEM=power_supply, POWER_SUPPLY_TEMP=227, SEQNUM=1420076, ACTION=change, POWER_SUPPLY_NAME=battery, POWER_SUPPLY_STATUS=Discharging, POWER_SUPPLY_CHARGE_COUNTER=1947409, POWER_SUPPLY_CAPACITY=44, DEVPATH=/devices/soc/qpnp-smbcharger-17/power_supply/battery}
12-03 17:28:55.031  1973  2613 I ActivityManager: Start proc 3045:com.motorola.appdirectedsmsproxy/1001 for service com.motorola.appdirectedsmsproxy/.AppDirectedSmsProxy
12-03 17:28:55.238  1973  2022 I ActivityManager: Start proc 3066:com.google.android.apps.messaging/u0a76 for broadcast com.google.android.apps.messaging/.shared.receiver.SmsDeliverReceiver
12-03 17:28:56.579  1973  2613 W BroadcastQueue: Permission Denial: receiving Intent { act=android.provider.Telephony.SMS_RECEIVED flg=0x19000010 (has extras) } to com.telcel.contenedor/com.speedymovil.sdk.sso.sms.SmsReceiver requires android.permission.RECEIVE_SMS due to sender com.android.phone (uid 1001)
12-03 17:28:56.598  1973  2022 I ActivityManager: Start proc 3129:mx.bancosantander.supermovil/u0a136 for broadcast mx.bancosantander.supermovil/.utils.AfiliateCodSmsReaderOTP
12-03 17:28:58.355  1973  1973 I NotificationService: Cannot find enqueued record for key: 0|sayantanrc.motodisplayhandwave|0|null|10153
12-03 17:28:58.436  1973  2038 I DisplayManagerService: Display device changed state: "Built-in Screen", DOZE
12-03 17:28:58.935  1973  2194 D PhoneWindowManagerWithMotoDisplay: stopping dream immediately
12-03 17:28:58.935  1973  2194 I DreamManagerService: Leaving dreamland.
12-03 17:28:58.936  1973  2036 I DreamManagerService: Performing gentle wake from dream.
12-03 17:28:58.937  1973  2036 I DreamController: Stopping dream: name=ComponentInfo{com.motorola.motodisplay/com.motorola.motodisplay.DozeService}, isTest=false, canDoze=true, userId=0
12-03 17:28:58.939  1973  2194 I PowerManagerService: Waking up from dozing (uid 1000)...
12-03 17:28:58.983   601   818 I SFPerfTracer:      triggers: (rate: 259:7158) (11691172 sw vsyncs) (0 skipped) (0:13777020 vsyncs) (12:26042011)
12-03 17:28:59.049  1973  2038 I DisplayManagerService: Display device changed state: "Built-in Screen", ON
12-03 17:28:59.153  1973  1973 V NotificationListeners: disabling notification listener for user 0: ComponentInfo{com.motorola.motodisplay/com.motorola.motodisplay.notification.DisplayNotifListenerService}
--------- beginning of main
12-03 17:28:59.166  1139  1407 D NetdFwmarkServer: Cmd 2: 378, 10180: UserP=1, fwmark=5017A
12-03 17:28:59.235  1973  2041 W PowerManagerService: Screen on took 301 ms
12-03 17:28:59.779  1973  5588 I chatty  : uid=1000(system) Binder:1973_15 expire 1 line
12-03 17:28:59.800  1142  1142 W wificond: Scan is not started. Ignore abort request
12-03 17:28:59.805 28423 28423 I wpa_supplicant: wlan0: Trying to associate with SSID 'CETYS_Universidad'
12-03 17:28:59.806 25477 25491 D TCMD    : NL - Read 1216 bytes from update socket.
12-03 17:28:59.806 25477 25491 D TCMD    : NL - message type is RTM_NEWLINK
12-03 17:28:59.806 25477 25491 D TCMD    : Listening for incoming client connection request
12-03 17:28:59.847 25477 25491 D TCMD    : NL - Read 68 bytes from update socket.
12-03 17:28:59.848 25477 25491 D TCMD    : NL - message type is RTM_NEWLINK
12-03 17:28:59.848 25477 25491 D TCMD    : Listening for incoming client connection request
12-03 17:28:59.848 25477 25491 D TCMD    : NL - Read 68 bytes from update socket.
12-03 17:28:59.848 25477 25491 D TCMD    : NL - message type is RTM_NEWLINK
12-03 17:28:59.848 25477 25491 D TCMD    : Listening for incoming client connection request
12-03 17:28:59.848 28423 28423 E wpa_supplicant: eap_proxy: eap_proxy_notify_config
12-03 17:28:59.848 28423 28423 E wpa_supplicant: eap_proxy: eap_proxy_allowed_method
12-03 17:28:59.848 28423 28423 I wpa_supplicant: WEXT: Custom wireless event: 'TSMIE=0:0:0'
12-03 17:28:59.849 25477 25491 D TCMD    : NL - Read 1216 bytes from update socket.
12-03 17:28:59.849 25477 25491 D TCMD    : NL - message type is RTM_NEWLINK
12-03 17:28:59.849 25477 25491 D TCMD    : Listening for incoming client connection request
12-03 17:28:59.978   562   562 D QTI PowerHAL: JDG: 1158
12-03 17:28:59.987 25477 25491 D TCMD    : NL - Read 224 bytes from update socket.
12-03 17:28:59.987 25477 25491 D TCMD    : NL - message type is RTM_NEWLINK
12-03 17:28:59.987 25477 25491 D TCMD    : Listening for incoming client connection request
12-03 17:28:59.987 25477 25491 D TCMD    : NL - Read 68 bytes from update socket.
12-03 17:28:59.987 25477 25491 D TCMD    : NL - message type is RTM_NEWLINK
12-03 17:28:59.987 25477 25491 D TCMD    : Listening for incoming client connection request
12-03 17:28:59.987 25477 25491 D TCMD    : NL - Read 1216 bytes from update socket.
12-03 17:28:59.987 25477 25491 D TCMD    : NL - message type is RTM_NEWLINK
12-03 17:28:59.987 25477 25491 D TCMD    : Listening for incoming client connection request
12-03 17:28:59.987 28423 28423 I wpa_supplicant: WEXT: Custom wireless event: 'BEACONIEs='
12-03 17:28:59.991  3066  3066 I Bugle   : NotificationReceiver: onReceive. intent: Intent { act=com.google.android.apps.messaging.reset_notifications dat=content://com.google.android.apps.messaging.shared.datamodel.BugleContentProvider/conversations/3 flg=0x10 cmp=com.google.android.apps.messaging/.shared.receiver.NotificationReceiver (has extras) }
12-03 17:29:00.001  3066  3066 D BugleDataModel: ActionExecutor Empty Service started
12-03 17:29:00.006  2376  2376 W StatusBar: removeNotification for unknown key: 0|com.google.android.apps.messaging|0|com.google.android.apps.messaging:sms:3|10076
12-03 17:29:00.017  3066  3110 I BugleAction: Adding RefreshStatefulNotificationsAction:1543886935521043 for com.google.android.apps.messaging.shared.receiver.NotificationReceiver@74bc2f4
12-03 17:29:00.018  3066  3110 I BugleNotifications: RefreshStatefulNotificationsAction: Refreshing message notifications: for incoming messages = true , for failures = true , isSilent = false , isQuickReply = false , isSmartReplyUpdate = false , conversation{id:null}
12-03 17:29:00.023 13598 22081 I Icing   : IndexChimeraService.getServiceInterface callingPackage=com.google.android.apps.messaging componentName=null serviceId=36
12-03 17:29:00.024  3066  3110 V BugleNotifications: BugleNotificationFactory: no unseen incoming message notifications
12-03 17:29:00.049 28423 28423 I wpa_supplicant: wlan0: Associated with 8c:fe:74:0e:02:98
12-03 17:29:00.050 28423 28423 I wpa_supplicant: wlan0: CTRL-EVENT-CONNECTED - Connection to 8c:fe:74:0e:02:98 completed [id=0 id_str=%7B%22configKey%22%3A%22%5C%22CETYS_Universidad%5C%22NONE%22%2C%22creatorUid%22%3A%221000%22%7D]
12-03 17:29:00.050 25477 25491 D TCMD    : NL - Read 1216 bytes from update socket.
12-03 17:29:00.050 25477 25491 D TCMD    : NL - message type is RTM_NEWLINK
12-03 17:29:00.050 25477 25491 D TCMD    : Listening for incoming client connection request
12-03 17:29:00.051 28423 28423 E wpa_supplicant: WMM AC: Missing IEs
12-03 17:29:00.052 28423 28423 I wpa_supplicant: wlan0: CTRL-EVENT-SUBNET-STATUS-UPDATE status=0
12-03 17:29:00.052  3066  3066 D BugleDataModel: ActionExecutor Empty Service destroyed
12-03 17:29:00.065 19330 19330 I GeofencerStateMachine: sendWifiConnectivityChanged: connectivity=true
12-03 17:29:00.071 11492 11522 I CarrierServices: [13409] bxd.a: FiST: Wifi connectivity status true
12-03 17:29:00.075 11492 11522 I CarrierServices: [13409] bxi.d: Connected state: [1], networkType: [WIFI]
12-03 17:29:00.080 11492 11567 I CarrierServices: [13431] dax.a: CarrierServices.apk is not sim call manager. Not enabling MMTel.
12-03 17:29:00.081 11492 11567 I CarrierServices: [13431] bda.run: (MMTel): : Ignoring Network Change based on IMS preferences
12-03 17:29:00.192 13598 22081 I Icing   : IndexChimeraService.getServiceInterface callingPackage=com.google.android.gms componentName=null serviceId=36
12-03 17:29:00.283 13598 21748 I Icing   : Usage reports ok 0, Failed Usage reports 0, indexed 0, rejected 0, imm upload false
12-03 17:29:00.348  3066  3079 I zygote  : Waiting for a blocking GC ProfileSaver
12-03 17:29:00.380  3066  3113 D SharedPreferencesImpl: Time required to fsync /data/user/0/com.google.android.apps.messaging/shared_prefs/bugle.xml: [<1: 1, <2: 2, <4: 1, <8: 0, <16: 0, <32: 0, <64: 0, <128: 0, <256: 0, <512: 1, <1024: 0, <2048: 0, <4096: 0, <8192: 0, <16384: 0, >=16384: 0]
12-03 17:29:00.386 13598 22081 I Icing   : IndexChimeraService.getServiceInterface callingPackage=com.google.android.apps.messaging componentName=null serviceId=36
12-03 17:29:00.388  3066  3079 I zygote  : WaitForGcToComplete blocked for 40.777ms for cause ProfileSaver
12-03 17:29:00.389  1973  2597 W BroadcastQueue: Background execution not allowed: receiving Intent { act=android.net.wifi.STATE_CHANGE flg=0x4000010 (has extras) } to com.telcel.contenedor/com.claroColombia.contenedor.receivers.os.WifiReceiver
12-03 17:29:00.391  1973  2022 W BroadcastQueue: Background execution not allowed: receiving Intent { act=android.net.wifi.STATE_CHANGE flg=0x4000010 (has extras) } to com.motorola.carriersettingsext/.wfc.WFCReceiver
12-03 17:29:00.402  1973  2598 W BroadcastQueue: Background execution not allowed: receiving Intent { act=android.net.wifi.STATE_CHANGE flg=0x4000010 (has extras) } to com.telcel.contenedor/com.claroColombia.contenedor.receivers.os.WifiReceiver
12-03 17:29:00.402  1973  2022 W BroadcastQueue: Background execution not allowed: receiving Intent { act=android.net.wifi.STATE_CHANGE flg=0x4000010 (has extras) } to com.motorola.carriersettingsext/.wfc.WFCReceiver
12-03 17:29:00.496  1973  2194 I PowerManagerService: Going to sleep due to power button (uid 1000)...
12-03 17:29:00.506   601   601 I SFPerfTracer:      triggers: (rate: 4109:1030118) (compose: 0:3) (post: 0:114) (render: 0:118) (83:5220253 frames) (84:5541277)
12-03 17:29:00.506   601   601 D SFPerfTracer:        layers: (4:19) (StatusBar#0 (0xb1ce8000): 84:311235) (RoundedOverlay#0 (0xb1ceb000): 0:10485) (RoundedOverlay#1 (0xb1c37000): 0:11446) (com.android.systemui.ImageWallpaper#0 (0xb1c3a000): 0:8429) (DimLayerController/Stack=0#0 (0xb1e1b000): 0:8297)* (Sprite#0 (0xb1e3e000): 0:4669)* (DockedStackDim#0 (0xb1e75000): 0:19)* (animation background stackId=1#0 (0xb1e45000): 0:290)* (#0 (0xb1ce6000): 0:9674)* (#1 (0xb1c08000): 0:782)* (#2 (0xb1c7c000): 0:529)* (#3 (0xb1e27000): 0:1988)* (NavigationBar#0 (0xb1e05000): 0:507)* (#4 (0xb1e34000): 0:178)* (InputMethod#0 (0xb1e1e000): 0:647)* (com.dji.FPVDemo/com.dji.FPVDemo.MainActivity#0 (0xb1e17000): 0:1850)- (ColorFade#0 (0xb1ced000): 0:19)- (AOD#0 (0xb1787000): 0:9)- (ColorFade#0 (0xb1ced000): 0:4)- 
12-03 17:29:00.762  1973  2041 I DisplayPowerController: Blocking screen off
12-03 17:29:00.776  1973  2041 I DisplayPowerController: Unblocked screen off after 14 ms
12-03 17:29:00.783 13598 13692 D SharedPreferencesImpl: Time required to fsync /data/user/0/com.google.android.gms/shared_prefs/proxy-sms-corpus.xml: [<1: 5, <2: 13, <4: 1, <8: 1, <16: 0, <32: 0, <64: 0, <128: 0, <256: 0, <512: 1, <1024: 1, <2048: 0, <4096: 0, <8192: 0, <16384: 0, >=16384: 0]
12-03 17:29:00.815   562   562 I QTI PowerHAL: Got set_interactive hint
12-03 17:29:00.816  1973  2038 I DisplayManagerService: Display device changed state: "Built-in Screen", OFF
12-03 17:29:00.816  1973  2041 I DreamManagerService: Entering dreamland.
12-03 17:29:00.816   601   601 D SurfaceFlinger: Set power mode=0, type=0 flinger=0xb44b7000
12-03 17:29:00.816  1973  2041 I PowerManagerService: Dozing...
12-03 17:29:00.817   556 30836 I SDM     : DisplayBase::SetDisplayState: Set state = 0, display 0
12-03 17:29:00.822   601   818 I SFPerfTracer:      triggers: (rate: 259:7158) (11691172 sw vsyncs) (0 skipped) (54:13777122 vsyncs) (56:26042119)
12-03 17:29:00.826  1973  2036 I DreamController: Starting dream: name=ComponentInfo{com.motorola.motodisplay/com.motorola.motodisplay.DozeService}, isTest=false, canDoze=true, userId=0
12-03 17:29:00.837  2840  2840 I MotoDisplay: onCreate - DozeService
12-03 17:29:00.864  2840  3210 E ActivityThread: Failed to find provider info for com.motorola.audiomonitor.settings.provider
12-03 17:29:00.866  2840  3211 E ActivityThread: Failed to find provider info for com.motorola.audiomonitor.settings.provider
12-03 17:29:00.884 13598 21748 D SharedPreferencesImpl: Time required to fsync /data/user/0/com.google.android.gms/shared_prefs/usage_stats_manager_prefs.xml: [<1: 239, <2: 359, <4: 90, <8: 43, <16: 21, <32: 9, <64: 1, <128: 8, <256: 5, <512: 4, <1024: 4, <2048: 1, <4096: 0, <8192: 0, <16384: 0, >=16384: 0]
12-03 17:29:00.888 13598 21748 I Icing   : Usage reports ok 0, Failed Usage reports 0, indexed 0, rejected 0, imm upload false
12-03 17:29:00.892   548  1078 I chatty  : uid=1000(system) android.hardwar expire 9 lines
12-03 17:29:00.908   568  2192 V MotSpeakerHelperProximity: updated mCurProximityState: NEAR (0.000000)
12-03 17:29:00.908   568  2192 V MotSpeakerHelperProximity: ThreadLoop event mProximityState = NEAR, previous FAR
12-03 17:29:00.993 13598 22081 I Icing   : IndexChimeraService.getServiceInterface callingPackage=com.google.android.apps.messaging componentName=null serviceId=36
12-03 17:29:01.084  2840  2840 I MotoDisplay: startScreenForResult: com.motorola.motodisplay.ui.screen.c.a requestCode: -1
12-03 17:29:01.084  2376  2390 D DozeHostService: adding callback
12-03 17:29:01.085  2376  2376 D StatusBar: DozeServiceHost: addCallback
12-03 17:29:01.086  2376  2390 D DozeHostService: startDozing
12-03 17:29:01.086  2840  2840 W IInputConnectionWrapper: getExtractedText on inactive InputConnection
12-03 17:29:01.091  2376  2376 D StatusBar: DozeServiceHost: shouldAnimateWakeup
12-03 17:29:01.097  2376  2376 D StatusBar: DozeServiceHost: shouldAnimateWakeup
12-03 17:29:01.099  2376  2376 D StatusBar: disable<e i a s b H R c s q >
12-03 17:29:01.103  2376  2376 D StatusBar: DozeServiceHost: startDozing
12-03 17:29:01.116   568  1552 D audio_hw_primary: adev_set_parameters: enter: screen_state=off
12-03 17:29:01.116   568  1552 V msm8974_platform: platform_set_parameters: enter: screen_state=off
12-03 17:29:01.116   568  1552 V msm8974_platform: platform_set_parameters: exit with code(0)
12-03 17:29:01.155  1844  1912 E getNetworkObject: network type:1
12-03 17:29:01.156  1139  1407 D NetdFwmarkServer: Cmd 2: 378, 10180: UserP=1, fwmark=5017A
12-03 17:29:01.528  3066  3066 D BugleDataModel: ActionExecutor Empty Service started
12-03 17:29:01.733  3066  3110 I BugleDataModel: Fixup: Send failed - 0 Download failed - 0 Parts processing failed - 0
12-03 17:29:03.087 11124 11124 W InputConnectionWrapper.ICC: Timed out waiting on IInputContextCallback
12-03 17:29:03.088 11124 11124 E FullInputEventModel: onStartInput event aborted: eex: could not obtain extracted text (class eex)
12-03 17:29:03.163  1844  1912 E getNetworkObject: network type:1
12-03 17:29:03.164  1139  1407 D NetdFwmarkServer: Cmd 2: 378, 10180: UserP=1, fwmark=5017A
12-03 17:29:03.167 17325 17325 E MSM-irqbalance: __set_smp_affinity: Unable to open /proc/irq/21/smp_affinity
12-03 17:29:03.167 17325 17325 E MSM-irqbalance: get_smp_affinity: Unable to open /proc/irq/21/smp_affinity
12-03 17:29:03.167 17325 17325 E MSM-irqbalance: Unable to set SMP affinity
12-03 17:29:05.001  1973  2023 W Looper  : Dispatch took 4922ms on android.ui, h=Handler (com.android.server.am.ActivityManagerService$UiHandler) {8450c86} cb=null msg=53
12-03 17:29:05.019 13598 21748 D SharedPreferencesImpl: Time required to fsync /data/user/0/com.google.android.gms/shared_prefs/usage_stats_manager_prefs.xml: [<1: 239, <2: 359, <4: 90, <8: 43, <16: 21, <32: 9, <64: 1, <128: 8, <256: 5, <512: 4, <1024: 5, <2048: 1, <4096: 0, <8192: 0, <16384: 0, >=16384: 0]
12-03 17:29:05.019  2840  2861 D SharedPreferencesImpl: Time required to fsync /data/user_de/0/com.motorola.motodisplay/shared_prefs/com.motorola.motodisplay_preferences.xml: [<1: 0, <2: 1, <4: 0, <8: 0, <16: 1, <32: 0, <64: 0, <128: 0, <256: 0, <512: 0, <1024: 1, <2048: 0, <4096: 0, <8192: 0, <16384: 0, >=16384: 0]
12-03 17:29:05.020  2840  2840 D QueuedWork: waited: [<1: 0, <2: 1, <4: 0, <8: 0, <16: 1, <32: 0, <64: 0, <128: 0, <256: 0, <512: 0, <1024: 0, <2048: 0, <4096: 1, <8192: 0, <16384: 0, >=16384: 0]
12-03 17:29:05.021  2840  2840 I MotoDisplay: onCreate
12-03 17:29:05.025 13598 21748 I Icing   : Usage reports ok 0, Failed Usage reports 0, indexed 0, rejected 0, imm upload false
12-03 17:29:05.033  1145  1145 V LocSvc_HIDL_IzatSubscription: [screenStatusUpdate][552] [HS] <<<<= [HC]
12-03 17:29:05.033  1973  3239 I chatty  : uid=1000(system) IzatProvider expire 7 lines
12-03 17:29:05.057  2840  2840 I MotoDisplay: getView
12-03 17:29:05.060  2840  2840 I chatty  : uid=10047(u0_a47) com.motorola.motodisplay identical 1 line
12-03 17:29:05.060  2840  2840 I MotoDisplay: getView
12-03 17:29:05.061  2840  2840 I MotoDisplay: Animations disabled: true
12-03 17:29:05.062  2840  2840 I MotoDisplay: Animations disabled: true
12-03 17:29:05.075 20172 20172 I WeatherApp: Receiver action: android.intent.action.SCREEN_OFF
12-03 17:29:05.076  1973  2022 V ActivityManager: Attempted to start a foreground service (ComponentInfo{sayantanrc.motodisplayhandwave/sayantanrc.motodisplayhandwave.MD_handwaveService}) with a broken notification (no icon: Notification(channel=Services (Deactivate this) pri=0 contentView=null vibrate=null sound=null defaults=0x0 flags=0x40 color=0x00000000 vis=PRIVATE))
12-03 17:29:05.079  2840  2840 I MotoDisplay: Glance register result: true for sensor: {Sensor name="Moto Glance Gesture", vendor="Motorola", version=2, type=65548, maxRange=1.0, resolution=1.0, power=0.001, minDelay=0}
12-03 17:29:05.079  2840  2840 E SensorManager: sensor or listener is null
12-03 17:29:05.082  2840  2840 W IInputConnectionWrapper: getTextBeforeCursor on inactive InputConnection
12-03 17:29:05.086  1973  2022 E NotificationService: Suppressing notification from package by user request.
12-03 17:29:05.088  2840  2840 E MotoDisplay: Exception getting package info. Name not found - com.android.calculator2
12-03 17:29:05.089  2840  2840 E MotoDisplay: Exception getting package info. Name not found - com.android.contacts
12-03 17:29:05.091  2840  2840 E MotoDisplay: Exception getting package info. Name not found - com.motorola.tools.batterytracer
12-03 17:29:05.155  1844  1912 E getNetworkObject: network type:1
12-03 17:29:05.157  1139  1407 D NetdFwmarkServer: Cmd 2: 378, 10180: UserP=1, fwmark=5017A
12-03 17:29:05.432  1973  1973 V NotificationListeners: enabling notification listener for 0: ComponentInfo{com.motorola.motodisplay/com.motorola.motodisplay.notification.DisplayNotifListenerService}
12-03 17:29:05.437  2840  2840 I MotoDisplay: onListenerConnected - DisplayNotifListenerService
12-03 17:29:06.275  2600  2693 I QImsService: ImsSenderRxr : [UNSL]< UNSOL_RESPONSE_IMS_NETWORK_STATE_CHANGED[SUB0]
12-03 17:29:06.275  2600  2693 V QImsService: WakeLockRegistrantList : acquireNotifyWakeLock
12-03 17:29:06.277  2600  2600 I QImsService: ImsServiceSubHandler : Message received: what = 2, state = 2
12-03 17:29:06.277  2600  2600 I QImsService: ImsServiceSubHandler : handleImsStateChanged
12-03 17:29:06.279  2600  2600 I QImsService: ImsServiceSub : sendBroadcastForDisconnected: imsRat 14
12-03 17:29:06.283   860   860 W IKEV2ErrorReceiver: Canadian configure is not set, return
12-03 17:29:06.710  3066  3110 I BugleDataModel: ProcessPendingMessagesAction: process from FixupMessageStatusOnStartupAction due to connectivity changed with queues:
12-03 17:29:06.711  3066  3110 I BugleDataModel: ProcessPendingMessagesAction: cleared next retry time for channel sms_send 
12-03 17:29:06.711  3066  3110 I BugleDataModel: ProcessPendingMessagesAction: cleared next retry time for channel mms_send 
12-03 17:29:06.711  3066  3110 I BugleDataModel: ProcessPendingMessagesAction: cleared next retry time for channel mms_download 
12-03 17:29:06.711  3066  3110 I BugleDataModel: ProcessPendingMessagesAction: cleared next retry time for channel rcs_send 
12-03 17:29:06.711  3066  3110 I BugleDataModel: ProcessPendingMessagesAction: cleared next retry time for channel rcs_ft_upload 
12-03 17:29:06.711  3066  3110 I BugleDataModel: ProcessPendingMessagesAction: cleared next retry time for channel rcs_ft_download 
12-03 17:29:06.711  3066  3110 I BugleDataModel: ProcessPendingMessagesAction: cleared next retry time for channel cloud_sync_send 
12-03 17:29:06.711  3066  3110 I BugleDataModel: ProcessPendingMessagesAction: cleared next retry time for channel cloud_sync_attachment_download 
12-03 17:29:06.711  3066  3110 W BugleDataModel: Used 5184ms for FixupMessageStatusOnStartupAction:FixupMessageStatusOnStartupAction:1543886935521001#executeAction
12-03 17:29:06.714  3066  3110 I BugleDataModel: ProcessPendingMessagesAction: process from ProcessPendingMessagesAction due to scheduled processing with queues:
12-03 17:29:06.718  3066  3110 I BugleDataModel: ProcessPendingMessagesAction: process from ProcessPendingMessagesAction due to scheduled processing with queues:
12-03 17:29:06.737  3066  3121 W ShortcutBadger: Badge counter seems not supported in this platform: unable to resolve intent: Intent { act=android.intent.action.BADGE_COUNT_UPDATE (has extras) }
12-03 17:29:06.785 13598 21748 I Icing   : Usage reports ok 0, Failed Usage reports 0, indexed 0, rejected 0, imm upload false
12-03 17:29:06.801 13598 13798 I Icing   : IndexChimeraService.getServiceInterface callingPackage=com.google.android.apps.messaging componentName=null serviceId=36
12-03 17:29:07.138 13598  2770 D SharedPreferencesImpl: Time required to fsync /data/user/0/com.google.android.gms/shared_prefs/usage_stats_manager_prefs.xml: [<1: 239, <2: 359, <4: 90, <8: 43, <16: 21, <32: 9, <64: 2, <128: 8, <256: 5, <512: 5, <1024: 5, <2048: 1, <4096: 0, <8192: 0, <16384: 0, >=16384: 0]
12-03 17:29:07.146 13598  2770 I Icing   : Usage reports ok 0, Failed Usage reports 0, indexed 0, rejected 0, imm upload false
12-03 17:29:07.159 13598 22081 I Icing   : IndexChimeraService.getServiceInterface callingPackage=com.google.android.apps.messaging componentName=null serviceId=36
12-03 17:29:07.160  1844  1912 E getNetworkObject: network type:1
12-03 17:29:07.161  1139  1407 D NetdFwmarkServer: Cmd 2: 378, 10180: UserP=1, fwmark=5017A
12-03 17:29:07.177  1145  1145 V LocSvc_HIDL_IzatSubscription: [wifiSupplicantStatusUpdate][659] [HS] <<<<= [HC]
12-03 17:29:07.186 13598  2770 I Icing   : Usage reports ok 0, Failed Usage reports 0, indexed 0, rejected 0, imm upload false
12-03 17:29:07.194 13598 22081 I Icing   : IndexChimeraService.getServiceInterface callingPackage=com.google.android.apps.messaging componentName=null serviceId=36
12-03 17:29:07.219 13598  2770 I Icing   : Usage reports ok 0, Failed Usage reports 0, indexed 0, rejected 0, imm upload false
12-03 17:29:07.244   566   566 E WifiHAL : wifi_get_logger_supported_feature_set: Error -3 happened. 
12-03 17:29:07.254  1973  2598 E BatteryStatsService: no controller energy info supplied
12-03 17:29:07.254  1973  2598 E BatteryStatsService: no controller energy info supplied
12-03 17:29:07.292  1973  2598 E BatteryStatsService: modem info is invalid: ModemActivityInfo{ mTimestamp=1642239590 mSleepTimeMs=1563928366 mIdleTimeMs=-1563771740 mTxTimeMs[]=[73, 41, 30, 17, 3] mRxTimeMs=7351 mEnergyUsed=0}
12-03 17:29:07.398  3129  3145 W DynamiteModule: Local module descriptor class for com.google.firebase.auth not found.
12-03 17:29:07.501   566   566 E WifiHAL : wifi_get_logger_supported_feature_set: Error -3 happened. 
12-03 17:29:07.508  1973  2598 E BatteryStatsService: no controller energy info supplied
12-03 17:29:07.508  1973  2598 E BatteryStatsService: no controller energy info supplied
12-03 17:29:07.540  1973  2598 E BatteryStatsService: modem info is invalid: ModemActivityInfo{ mTimestamp=1642239842 mSleepTimeMs=1563928366 mIdleTimeMs=-1563771740 mTxTimeMs[]=[73, 41, 30, 17, 3] mRxTimeMs=7351 mEnergyUsed=0}
12-03 17:29:07.657 13598 22081 E native  : contacts-annotator.cc:93 Contacts annotator params do not exist
12-03 17:29:07.657 13598 22081 E native  : installed-app-annotator.cc:93 Installed app annotator params do not exist
12-03 17:29:07.659 13598 22081 I Icing   : No annotation is returned.
12-03 17:29:07.676 13598 22081 I Icing   : IndexChimeraService.getServiceInterface callingPackage=com.google.android.apps.messaging componentName=null serviceId=36
12-03 17:29:07.692 13598  2770 I Icing   : Usage reports ok 0, Failed Usage reports 0, indexed 0, rejected 0, imm upload false
12-03 17:29:07.703 13598 13798 I Icing   : IndexChimeraService.getServiceInterface callingPackage=com.google.android.apps.messaging componentName=null serviceId=36
