12-03 17:30:47.786 28294 28311 I Finsky  : [40364] com.google.android.finsky.bo.an.run(6): Stats for Executor: InstallBackgroundThread com.google.android.finsky.bo.ao@293a210[Running, pool size = 0, active threads = 0, queued tasks = 0, completed tasks = 0]
12-03 17:30:49.034  1844  1912 E getNetworkObject: network type:1
12-03 17:30:49.036  1139  1407 D NetdFwmarkServer: Cmd 2: 378, 10180: UserP=1, fwmark=5017A
12-03 17:30:50.978  1973  2180 D BatteryService: uevent={POWER_SUPPLY_VOLTAGE_NOW=3804756, POWER_SUPPLY_CHARGE_RATE=None, POWER_SUPPLY_HEALTH=Good, POWER_SUPPLY_CURRENT_NOW=102843, POWER_SUPPLY_PRESENT=1, SUBSYSTEM=power_supply, POWER_SUPPLY_TEMP=227, SEQNUM=1420337, ACTION=change, POWER_SUPPLY_NAME=battery, POWER_SUPPLY_STATUS=Discharging, POWER_SUPPLY_CHARGE_COUNTER=1941697, POWER_SUPPLY_CAPACITY=44, DEVPATH=/devices/soc/qpnp-smbcharger-17/power_supply/battery}
12-03 17:30:51.035  1844  1912 E getNetworkObject: network type:1
12-03 17:30:51.037  1139  1407 D NetdFwmarkServer: Cmd 2: 378, 10180: UserP=1, fwmark=5017A
12-03 17:30:53.048  1844  1912 E getNetworkObject: network type:1
12-03 17:30:53.050  1139  1407 D NetdFwmarkServer: Cmd 2: 378, 10180: UserP=1, fwmark=5017A
12-03 17:30:54.772  2600  2693 I QImsService: ImsSenderRxr : [UNSL]< UNSOL_RESPONSE_IMS_NETWORK_STATE_CHANGED[SUB0]
12-03 17:30:54.772  2600  2693 V QImsService: WakeLockRegistrantList : acquireNotifyWakeLock
12-03 17:30:54.774  2600  2600 I QImsService: ImsServiceSubHandler : Message received: what = 2, state = 2
12-03 17:30:54.774  2600  2600 I QImsService: ImsServiceSubHandler : handleImsStateChanged
12-03 17:30:54.776  2600  2600 I QImsService: ImsServiceSub : sendBroadcastForDisconnected: imsRat 14
12-03 17:30:54.780   860   860 W IKEV2ErrorReceiver: Canadian configure is not set, return
12-03 17:30:55.041  1844  1912 E getNetworkObject: network type:1
12-03 17:30:55.043  1139  1407 D NetdFwmarkServer: Cmd 2: 378, 10180: UserP=1, fwmark=5017A
12-03 17:30:57.035  1844  1912 E getNetworkObject: network type:1
12-03 17:30:57.037  1139  1407 D NetdFwmarkServer: Cmd 2: 378, 10180: UserP=1, fwmark=5017A
12-03 17:30:57.251   548  1078 I chatty  : uid=1000(system) android.hardwar expire 8 lines
12-03 17:30:57.535 28294 28311 I Finsky  : [40364] com.google.android.finsky.bo.an.run(6): Stats for Executor: VerifyAppsDataStore com.google.android.finsky.bo.ao@c9d1109[Running, pool size = 0, active threads = 0, queued tasks = 0, completed tasks = 4]
12-03 17:30:57.535 28294 28311 I Finsky  : [40364] com.google.android.finsky.bo.an.run(6): Stats for Executor: Db-verify_apps.db com.google.android.finsky.bo.ao@72f0e[Running, pool size = 0, active threads = 0, queued tasks = 0, completed tasks = 3]
12-03 17:30:57.614 28294 28311 I Finsky  : [40364] com.google.android.finsky.bo.an.run(6): Stats for Executor: InstallBackgroundThread com.google.android.finsky.bo.ao@dc770ef[Running, pool size = 0, active threads = 0, queued tasks = 0, completed tasks = 1]
12-03 17:30:57.615 28294 28311 I Finsky  : [40364] com.google.android.finsky.bo.an.run(6): Stats for Executor: InstallBackgroundThread com.google.android.finsky.bo.ao@a2e17fc[Running, pool size = 0, active threads = 0, queued tasks = 0, completed tasks = 0]
12-03 17:30:57.962 28294 28311 I Finsky  : [40364] com.google.android.finsky.bo.an.run(6): Stats for Executor: Db-scheduler com.google.android.finsky.bo.ao@6397d2f[Running, pool size = 0, active threads = 0, queued tasks = 0, completed tasks = 10]
12-03 17:30:57.963 28294 28311 I Finsky  : [40364] com.google.android.finsky.bo.an.run(6): Stats for Executor: InstallQueueDatabaseManager com.google.android.finsky.bo.ao@bf8cf3c[Running, pool size = 0, active threads = 0, queued tasks = 0, completed tasks = 1]
12-03 17:30:59.035  1844  1912 E getNetworkObject: network type:1
12-03 17:30:59.038  1139  1407 D NetdFwmarkServer: Cmd 2: 378, 10180: UserP=1, fwmark=5017A
12-03 17:30:59.397 19330 19330 I TrustAgent: [PhonePositionTracker] Received AR result: DetectedActivity [type=9, confidence=0] at 1543887030498
12-03 17:30:59.421 19330 19330 I TrustAgent: [PhonePositionTracker] Received AR result: DetectedActivity [type=9, confidence=0] at 1543887046543
12-03 17:30:59.462 19330 19330 I TrustAgent: [PhonePositionTracker] Received AR result: DetectedActivity [type=TILTING, confidence=100] at 1543887029306
12-03 17:30:59.549  2253  3397 I zygote  : Deoptimizing int com.facebook.common.stringformat.StringFormatUtil.B(java.lang.StringBuilder, java.lang.String, int, java.lang.Object, boolean) due to JIT inline cache
12-03 17:30:59.550  2253  3397 W fb4a.WhistleClientCore: onError=errType=CONNECTION_CLOSEDerrMsg=EOF: Unexpected EOF received
12-03 17:30:59.723  2253  3397 I zygote  : Deoptimizing int X.047.B(java.lang.Object) due to JIT inline cache
12-03 17:30:59.739  2253  3401 D omnistore_android_logger: DebouncingRateLimiter attempting event SyncProtocol::onConnectionEstablished
12-03 17:30:59.739  2253  3401 D omnistore_android_logger: Event not rate limited: SyncProtocol::onConnectionEstablished
12-03 17:30:59.739  2253  3401 D omnistore_android_logger: SyncProtocol calling onConnectionEstablished callbacks
12-03 17:30:59.739  2253  3401 D omnistore_android_logger: Removing all queue based subscriptions from rewire state
12-03 17:30:59.742  2253  3401 D omnistore_android_logger: SendQueue::onConnectionEstablished: sending 0 transaction(s)
12-03 17:30:59.743  2253  2472 D omnistore_android_logger: SubscriptionManager::onConnectionEstablished is called back
12-03 17:30:59.755  2253  2472 I omnistore_android_logger: Connect message: queueName: facebook_universal_prefs_v2:100001233667384, gvid: 1
12-03 17:30:59.766  2253  2472 I omnistore_android_logger: Client sent connect message
12-03 17:30:59.969  2253  2253 W Analytics-Norma: type=1400 audit(0.0:10385): avc: denied { read } for uid=10125 name="boot_id" dev="proc" ino=11450234 scontext=u:r:untrusted_app:s0:c512,c768 tcontext=u:object_r:proc:s0 tclass=file permissive=0
12-03 17:30:59.979  2253  2418 E fb4a.BootIdReader: Error reading boot_id from procfs
12-03 17:30:59.979  2253  2418 E fb4a.BootIdReader: java.io.FileNotFoundException: /proc/sys/kernel/random/boot_id (Permission denied)
12-03 17:30:59.979  2253  2418 E fb4a.BootIdReader: 	at java.io.FileInputStream.open0(Native Method)
12-03 17:30:59.979  2253  2418 E fb4a.BootIdReader: 	at java.io.FileInputStream.open(FileInputStream.java:200)
12-03 17:30:59.979  2253  2418 E fb4a.BootIdReader: 	at java.io.FileInputStream.<init>(FileInputStream.java:150)
12-03 17:30:59.979  2253  2418 E fb4a.BootIdReader: 	at java.io.FileInputStream.<init>(FileInputStream.java:103)
12-03 17:30:59.979  2253  2418 E fb4a.BootIdReader: 	at java.io.FileReader.<init>(FileReader.java:58)
12-03 17:30:59.979  2253  2418 E fb4a.BootIdReader: 	at X.2I8.D(:464730)
12-03 17:30:59.979  2253  2418 E fb4a.BootIdReader: 	at X.3gD.B(:440183)
12-03 17:30:59.979  2253  2418 E fb4a.BootIdReader: 	at X.0Hn.B(Unknown Source:31)
12-03 17:30:59.979  2253  2418 E fb4a.BootIdReader: 	at X.0Ia.F(:48863)
12-03 17:30:59.979  2253  2418 E fb4a.BootIdReader: 	at X.0Ia.D(:48878)
12-03 17:30:59.979  2253  2418 E fb4a.BootIdReader: 	at X.2R7.iu(:480520)
12-03 17:30:59.979  2253  2418 E fb4a.BootIdReader: 	at X.4GW.E(:842149)
12-03 17:30:59.979  2253  2418 E fb4a.BootIdReader: 	at X.0ig.C(:207432)
12-03 17:30:59.979  2253  2418 E fb4a.BootIdReader: 	at X.0ig.LHC(:207466)
12-03 17:30:59.979  2253  2418 E fb4a.BootIdReader: 	at X.0id.B(:207408)
12-03 17:30:59.979  2253  2418 E fb4a.BootIdReader: 	at X.0jg.G(:208935)
12-03 17:30:59.979  2253  2418 E fb4a.BootIdReader: 	at X.0jg.handleMessage(:71569)
12-03 17:30:59.979  2253  2418 E fb4a.BootIdReader: 	at android.os.Handler.dispatchMessage(Handler.java:105)
12-03 17:30:59.979  2253  2418 E fb4a.BootIdReader: 	at android.os.Looper.loop(Looper.java:164)
12-03 17:30:59.979  2253  2418 E fb4a.BootIdReader: 	at android.os.HandlerThread.run(HandlerThread.java:65)
12-03 17:31:01.034  1844  1912 E getNetworkObject: network type:1
12-03 17:31:01.036  1139  1407 D NetdFwmarkServer: Cmd 2: 378, 10180: UserP=1, fwmark=5017A
12-03 17:31:01.117 28423 28423 I wpa_supplicant: WEXT: Custom wireless event: 'TSMIE=0:0:0'
12-03 17:31:01.117 25477 25491 D TCMD    : NL - Read 68 bytes from update socket.
12-03 17:31:01.117 25477 25491 D TCMD    : NL - message type is RTM_NEWLINK
12-03 17:31:01.117 25477 25491 D TCMD    : Listening for incoming client connection request
12-03 17:31:01.150 25477 25491 D TCMD    : NL - Read 68 bytes from update socket.
12-03 17:31:01.150 25477 25491 D TCMD    : NL - message type is RTM_NEWLINK
12-03 17:31:01.150 25477 25491 D TCMD    : Listening for incoming client connection request
12-03 17:31:01.150 25477 25491 D TCMD    : NL - Read 1216 bytes from update socket.
12-03 17:31:01.150 25477 25491 D TCMD    : NL - message type is RTM_NEWLINK
12-03 17:31:01.150 25477 25491 D TCMD    : Listening for incoming client connection request
12-03 17:31:01.161 28423 28423 E wpa_supplicant: disconnect rssi= -55
12-03 17:31:01.162 28423 28423 I wpa_supplicant: wlan0: CTRL-EVENT-DISCONNECTED bssid=8c:fe:74:0d:e0:d8 reason=6 locally_generated=0 disconnect_rssi=55
12-03 17:31:01.162 28423 28423 E wpa_supplicant: nl80211: Failed to open /proc/sys/net/ipv4/conf/wlan0/drop_unicast_in_l2_multicast: No such file or directory
12-03 17:31:01.162 28423 28423 E wpa_supplicant: nl80211: Failed to set IPv4 unicast in multicast filter
12-03 17:31:01.164 28423 28423 E wpa_supplicant: eap_proxy: eap_proxy_notify_config
12-03 17:31:01.181   548   548 I chatty  : uid=1000(system) sensors@1.0-ser expire 3 lines
12-03 17:31:01.183   548   548 D NativeSensors: capsense_top calling driver disable
12-03 17:31:01.215  1973  1973 I chatty  : uid=1000 system_server expire 1 line
12-03 17:31:01.219  1973  2319 I chatty  : uid=1000(system) WifiStateMachin expire 13 lines
12-03 17:31:01.232  1973  3423 I chatty  : uid=1000 system_server expire 5 lines
12-03 17:31:01.234 28423 28423 E wpa_supplicant: wpa_driver_nl80211_driver_cmd: failed to set RXFILTER option
12-03 17:31:01.236  1973  2328 D ConnectivityService: NetworkAgentInfo [WIFI () - 378] EVENT_NETWORK_INFO_CHANGED, going from CONNECTED to DISCONNECTED
12-03 17:31:01.236  1973  2320 I chatty  : uid=1000(system) IpManager.wlan0 expire 1 line
12-03 17:31:01.236  1973  2328 D ConnectivityService: NetworkAgentInfo [WIFI () - 378] got DISCONNECTED, was satisfying 11
12-03 17:31:01.240  2514  2653 I chatty  : uid=1000(system) MainEventThread expire 9 lines
12-03 17:31:01.240  1973  2022 W BroadcastQueue: Background execution not allowed: receiving Intent { act=android.net.wifi.STATE_CHANGE flg=0x4000010 (has extras) } to com.telcel.contenedor/com.claroColombia.contenedor.receivers.os.WifiReceiver
12-03 17:31:01.241  1973 30536 I chatty  : uid=1000 system_server expire 1 line
12-03 17:31:01.241  1973  2022 W BroadcastQueue: Background execution not allowed: receiving Intent { act=android.net.wifi.STATE_CHANGE flg=0x4000010 (has extras) } to com.motorola.carriersettingsext/.wfc.WFCReceiver
12-03 17:31:01.241 19330 19330 I GeofencerStateMachine: sendWifiConnectivityChanged: connectivity=false
12-03 17:31:01.258 28423 28423 I wpa_supplicant: wlan0: CTRL-EVENT-REGDOM-CHANGE init=USER type=COUNTRY alpha2=MX
12-03 17:31:01.263  1973  2325 I chatty  : uid=1000(system) WifiScanningSer expire 2 lines
12-03 17:31:01.268  1973  3239 I chatty  : uid=1000(system) IzatProvider expire 6 lines
12-03 17:31:01.269  1973  8693 W BroadcastQueue: Background execution not allowed: receiving Intent { act=android.net.wifi.STATE_CHANGE flg=0x4000010 (has extras) } to com.telcel.contenedor/com.claroColombia.contenedor.receivers.os.WifiReceiver
12-03 17:31:01.269  1145  1145 V LocSvc_HIDL_IzatSubscription: [wifiSupplicantStatusUpdate][659] [HS] <<<<= [HC]
12-03 17:31:01.269  1973  2022 W BroadcastQueue: Background execution not allowed: receiving Intent { act=android.net.wifi.STATE_CHANGE flg=0x4000010 (has extras) } to com.motorola.carriersettingsext/.wfc.WFCReceiver
12-03 17:31:01.271   566   566 E WifiHAL : wifi_get_logger_supported_feature_set: Error -3 happened. 
12-03 17:31:01.280  1973 30542 I chatty  : uid=1000 system_server expire 1 line
12-03 17:31:01.280  1139  1425 D CommandListener: Setting iface cfg
12-03 17:31:01.282 25477 25491 D TCMD    : NL - Read 88 bytes from update socket.
12-03 17:31:01.282 25477 25491 D TCMD    : NL - ignore NL message, type = 21
12-03 17:31:01.282 25477 25491 D TCMD    : Listening for incoming client connection request
12-03 17:31:01.283  1973  2025 E BatteryStatsService: no controller energy info supplied
12-03 17:31:01.284  1973  2328 I chatty  : uid=1000(system) ConnectivitySer expire 1 line
12-03 17:31:01.286  1139  1400 I Netd    : Destroyed 21 sockets on 10.4.55.0 in 1.5 ms
12-03 17:31:01.286 19330 30678 V NativeCrypto: Read error: ssl=0x89c93dc8: I/O error during system call, Software caused connection abort
12-03 17:31:01.287  2253  3397 W fb4a.WhistleClientCore: onError=errType=READ_ERRORerrMsg=READ_ERROR Software caused connection abort
12-03 17:31:01.288 11492 30710 E CarrierServices: [25179] byi.run: (RCS): : Error while receiving message: Read error: ssl=0xb2c62f40: I/O error during system call, Software caused connection abort: Read error: ssl=0xb2c62f40: I/O error during system call, Software caused connection abort
12-03 17:31:01.288 11492 30710 E CarrierServices: 	com.android.org.conscrypt.NativeCrypto.SSL_read(Native Method)
12-03 17:31:01.288 11492 30710 E CarrierServices: 	com.android.org.conscrypt.OpenSSLSocketImpl$SSLInputStream.read(OpenSSLSocketImpl.java:741)
12-03 17:31:01.288 11492 30710 E CarrierServices: 	java.io.BufferedInputStream.fill(BufferedInputStream.java:248)
12-03 17:31:01.288 11492 30710 E CarrierServices: 	java.io.BufferedInputStream.read(BufferedInputStream.java:267)
12-03 17:31:01.288 11492 30710 E CarrierServices: 	dbr.a(SourceFile:2)
12-03 17:31:01.288 11492 30710 E CarrierServices: 	chz.a(SourceFile:8)
12-03 17:31:01.288 11492 30710 E CarrierServices: 	byi.run(SourceFile:13)
12-03 17:31:01.293  9749  3428 W msgr.WhistleClientCore: onError=errType=WRITE_ERRORerrMsg=WRITE_ERROR Shutdown transport: ConnectionReset AsyncSocketException: recv() failed (peer=31.13.70.3:443, local=10.4.55.0:45790), type = Internal error, errno = 103 (Software caused connection abort), 31.13.70.3:443
12-03 17:31:01.296  1139  1425 D CommandListener: Clearing all IP addresses on wlan0
12-03 17:31:01.296 20172 20189 W System.err: org.apache.http.conn.HttpHostConnectException: Connection to http://api.accuweather.com refused
12-03 17:31:01.297  1142  1142 W wificond: Skip match ssid for pno scan: LA CUCINA, Tabu Sushi1, BARENO, ESP_3B2552, INFINITUM8C9A, eprize2, 192.168.1.71, 192.168.1. 66, 192.168.1.66, Bol-Bol Mexicali Free
12-03 17:31:01.298 20172 20189 W System.err: 	at org.apache.http.impl.conn.DefaultClientConnectionOperator.openConnection(DefaultClientConnectionOperator.java:193)
12-03 17:31:01.298 20172 20189 W System.err: 	at org.apache.http.impl.conn.AbstractPoolEntry.open(AbstractPoolEntry.java:169)
12-03 17:31:01.298 20172 20189 W System.err: 	at org.apache.http.impl.conn.AbstractPooledConnAdapter.open(AbstractPooledConnAdapter.java:124)
12-03 17:31:01.298 20172 20189 W System.err: 	at org.apache.http.impl.client.DefaultRequestDirector.execute(DefaultRequestDirector.java:366)
12-03 17:31:01.298 20172 20189 W System.err: 	at org.apache.http.impl.client.AbstractHttpClient.execute(AbstractHttpClient.java:591)
12-03 17:31:01.298 20172 20189 W System.err: 	at org.apache.http.impl.client.AbstractHttpClient.execute(AbstractHttpClient.java:513)
12-03 17:31:01.298 20172 20189 W System.err: 	at org.apache.http.impl.client.AbstractHttpClient.execute(AbstractHttpClient.java:491)
12-03 17:31:01.298 20172 20189 W System.err: 	at com.motorola.commandcenter.weather.Weather.processGetRequest(Weather.java:333)
12-03 17:31:01.298 20172 20189 W System.err: 	at com.motorola.commandcenter.weather.client.AWClient.getCity(AWClient.java:178)
12-03 17:31:01.298 20172 20189 W System.err: 	at com.motorola.commandcenter.weather.WeatherService.update(WeatherService.java:534)
12-03 17:31:01.298 20172 20189 W System.err: 	at com.motorola.commandcenter.weather.WeatherService$1$1.run(WeatherService.java:131)
12-03 17:31:01.298 20172 20189 W System.err: 	at android.os.Handler.handleCallback(Handler.java:789)
12-03 17:31:01.298 20172 20189 W System.err: 	at android.os.Handler.dispatchMessage(Handler.java:98)
12-03 17:31:01.298 20172 20189 W System.err: 	at android.os.Looper.loop(Looper.java:164)
12-03 17:31:01.298 20172 20189 W System.err: 	at android.os.HandlerThread.run(HandlerThread.java:65)
12-03 17:31:01.298 20172 20189 W System.err: Caused by: java.net.ConnectException: failed to connect to /23.43.38.172 (port 80) from /:: (port 48061): connect failed: ECONNABORTED (Software caused connection abort)
12-03 17:31:01.299 20172 20189 W System.err: 	at libcore.io.IoBridge.connect(IoBridge.java:138)
12-03 17:31:01.299 20172 20189 W System.err: 	at java.net.PlainSocketImpl.socketConnect(PlainSocketImpl.java:129)
12-03 17:31:01.299 20172 20189 W System.err: 	at java.net.AbstractPlainSocketImpl.doConnect(AbstractPlainSocketImpl.java:365)
12-03 17:31:01.299 20172 20189 W System.err: 	at java.net.AbstractPlainSocketImpl.connectToAddress(AbstractPlainSocketImpl.java:209)
12-03 17:31:01.299 20172 20189 W System.err: 	at java.net.AbstractPlainSocketImpl.connect(AbstractPlainSocketImpl.java:191)
12-03 17:31:01.299 20172 20189 W System.err: 	at java.net.SocksSocketImpl.connect(SocksSocketImpl.java:356)
12-03 17:31:01.299 20172 20189 W System.err: 	at java.net.Socket.connect(Socket.java:616)
12-03 17:31:01.299 20172 20189 W System.err: 	at org.apache.http.conn.scheme.PlainSocketFactory.connectSocket(PlainSocketFactory.java:124)
12-03 17:31:01.299 20172 20189 W System.err: 	at org.apache.http.impl.conn.DefaultClientConnectionOperator.openConnection(DefaultClientConnectionOperator.java:149)
12-03 17:31:01.299 20172 20189 W System.err: 	... 14 more
12-03 17:31:01.299 20172 20189 W System.err: Caused by: android.system.ErrnoException: connect failed: ECONNABORTED (Software caused connection abort)
12-03 17:31:01.299 20172 20189 W System.err: 	at libcore.io.Linux.connect(Native Method)
12-03 17:31:01.299 20172 20189 W System.err: 	at libcore.io.BlockGuardOs.connect(BlockGuardOs.java:126)
12-03 17:31:01.299 20172 20189 W System.err: 	at libcore.io.IoBridge.connectErrno(IoBridge.java:152)
12-03 17:31:01.299 20172 20189 W System.err: 	at libcore.io.IoBridge.connect(IoBridge.java:130)
12-03 17:31:01.299 20172 20189 W System.err: 	... 22 more
12-03 17:31:01.300 20172 20189 I WeatherApp: is force update = false
12-03 17:31:01.302 11492 30710 I CarrierServices: [25179] cjs.a: Using RCS compliant config URL
12-03 17:31:01.304 19330 30678 V NativeCrypto: SSL shutdown failed: ssl=0x89c93dc8: I/O error during system call, Broken pipe
12-03 17:31:01.305 19330 30678 E WakeLock: GCM_HB_ALARM release without a matched acquire!
12-03 17:31:01.307 20172 20189 I WeatherApp: No top city.
12-03 17:31:01.307 19330 30678 E GCM     : Connection closed with errorCode 20
12-03 17:31:01.310 11492 30710 I CarrierServices: [25179] cab.a: Closing socket
12-03 17:31:01.312 11492 30710 I CarrierServices: [25179] cjs.a: Using RCS compliant config URL
12-03 17:31:01.313 19330 30678 E WakeLock: GCM_CONN_ALARM release without a matched acquire!
12-03 17:31:01.317 11492 30710 E CarrierServices: [25179] bwz.a: (RCS): : Transport error while receiving a message: Read error: ssl=0xb2c62f40: I/O error during system call, Software caused connection abort
12-03 17:31:01.317 11492 30710 I CarrierServices: [25179] bcy.b: (RCS): : Restarting the IMS connection manager in state STARTED, reason: NETWORK_ERROR
12-03 17:31:01.317 11492 30710 I CarrierServices: [25179] bcy.b: (RCS): : Continue restarting when state changed to STOPPING
12-03 17:31:01.317 11492 30710 I CarrierServices: [25179] bcy.c: (RCS): : Start to terminate IMS connection manager
12-03 17:31:01.320  2514  2652 I chatty  : uid=1000(system) ConnectivityThr expire 3 lines
12-03 17:31:01.321 11492 30710 W CarrierServices: [25179] ctu.b: Service not started or starting
12-03 17:31:01.324 11492 30710 I chatty  : uid=10010(u0_a10) com.google.android.ims identical 2 lines
12-03 17:31:01.325 11492 30710 W CarrierServices: [25179] ctu.b: Service not started or starting
12-03 17:31:01.326  1973  2328 D ConnectivityService: Sending DISCONNECTED broadcast for type 1 NetworkAgentInfo [WIFI () - 378] isDefaultNetwork=true
12-03 17:31:01.328  3010  3010 I ModemStatsDSDetect: onReceive() -Intent { act=android.net.conn.CONNECTIVITY_CHANGE flg=0x4000010 (has extras) }
12-03 17:31:01.329  1145  1145 V LocSvc_HIDL_IzatSubscription: [networkinfoUpdate][299] [HS] <<<<= [HC]
12-03 17:31:01.329  3010  3010 I ModemStatsDSDetect: INET_CONDITION=0 ,activeNet=null
12-03 17:31:01.329  3010  3010 I ModemStatsDSDetect: onReceive() - done, currentInetCondition=0
12-03 17:31:01.330  7543  7543 D PollingManager: connectivity_action: [type: WIFI[], state: DISCONNECTED/DISCONNECTED, reason: (unspecified), extra: <unknown ssid>, failover: false, available: true, roaming: false, metered: false]
12-03 17:31:01.331  2572  2572 D BSUtils : getSharedPackageNames uid 1000 packagesForUid [com.android.inputdevices, com.motorola.android.providers.settings, com.motorola.motodisplay.env, com.android.server.telecom, com.motorola.android.jvtcmd, com.motorola.android.settings.diag_mdlog, com.android.settings, com.motorola.slpc_sys, com.motorola.motocare.internal, com.motorola.android.fmradio, com.motorola.demo.env, com.qualcomm.atfwd, com.android.keychain, com.android.wallpaperbackup, com.motorola.android.nativedropboxagent, android, com.android.location.fused, com.qualcomm.location, com.motorola.android.settings.modemdebug, com.android.providers.settings, com.qti.service.colorservice, com.motorola.bach.modemstats, com.quicinc.cne.CNEService, com.motorola.mya.fmwkwrapper, com.motorola.ccc.mainplm]
12-03 17:31:01.332  7543  7543 D BSUtils : getSharedPackageNames uid 10004 packagesForUid [com.motorola.ccc.ota, com.motorola.ccc.checkin, com.motorola.ccc.devicemanagement, com.motorola.ccc.notification]
12-03 17:31:01.333 11492 11522 I CarrierServices: [13409] bxd.a: FiST: Wifi connectivity status false
12-03 17:31:01.334 11492 11522 I CarrierServices: [13409] bxi.d: Connected state: [2], networkType: [null]
12-03 17:31:01.334 11492 11628 I CarrierServices: [13452] bda.run: (RCS): : Null active network info. terminating.
12-03 17:31:01.335 11492 11628 I CarrierServices: [13452] bcy.a: (RCS): : Terminating the IMS connection manager in state STOPPING, reason: NETWORK_ERROR
12-03 17:31:01.335 11492 30710 I CarrierServices: [25179] bxq.a: (RCS): : stopRegistration in state REGISTERED for reason: NETWORK_ERROR
12-03 17:31:01.337  2572  2572 W ContextImpl: Calling a method in the system process without a qualified user: android.app.ContextImpl.sendBroadcast:968 android.content.ContextWrapper.sendBroadcast:436 com.motorola.blur.service.blur.BSUtils.sendBroadcast:151 com.motorola.blur.service.blur.BSUtils.sendBroadcast:146 com.motorola.ccc.plm.pollingmanager.PollingManagerService$MyConnectivityReceiver.sendConnectivityIntent:599 
12-03 17:31:01.341 11492 11567 I CarrierServices: [13431] dax.a: CarrierServices.apk is not sim call manager. Not enabling MMTel.
12-03 17:31:01.341 11492 11567 I CarrierServices: [13431] bda.run: (MMTel): : Ignoring Network Change based on IMS preferences
12-03 17:31:01.364  1973  2022 I ActivityManager: Start proc 3440:com.mgoogle.android.gms/u0a201 for broadcast com.mgoogle.android.gms/org.microg.gms.checkin.TriggerReceiver
12-03 17:31:01.365  1973 10426 I chatty  : uid=1000(system) Binder:1973_1F expire 2 lines
12-03 17:31:01.366  1142  1142 I wificond: Pno scan started
12-03 17:31:01.370 11492 30710 I CarrierServices: [25179] bxq.a: FiST: State change from REGISTERED to UNREGISTERED
12-03 17:31:01.370  1973  5692 W ActivityManager: Background start not allowed: service Intent { cmp=com.google.android.apps.messaging/.shared.datamodel.action.execution.ActionExecutorImpl$EmptyService (has extras) } to com.google.android.apps.messaging/.shared.datamodel.action.execution.ActionExecutorImpl$EmptyService from pid=3066 uid=10076 pkg=com.google.android.apps.messaging
12-03 17:31:01.376  2600  2600 D TelephonyProvider: subIdString = 1 subId = 1
12-03 17:31:01.380  3066  3066 W BugleDataModel: service started without protection. DataModel.startActionUnsafe is deprecated. class com.google.android.apps.messaging.shared.datamodel.action.CountryCodeDetectorAction-CountryCodeDetectorAction:1543886935521055
12-03 17:31:01.381  3066  3066 W BugleDataModel: java.lang.IllegalStateException: Not allowed to start service Intent { cmp=com.google.android.apps.messaging/.shared.datamodel.action.execution.ActionExecutorImpl$EmptyService (has extras) }: app is in background uid UidRecord{152ed96 u0a76 CEM  bg:+1m31s340ms idle procs:1 seq(0,0,0)}
12-03 17:31:01.381  3066  3066 W BugleDataModel: 	at android.app.ContextImpl.startServiceCommon(ContextImpl.java:1520)
12-03 17:31:01.381  3066  3066 W BugleDataModel: 	at android.app.ContextImpl.startService(ContextImpl.java:1476)
12-03 17:31:01.381  3066  3066 W BugleDataModel: 	at android.content.ContextWrapper.startService(ContextWrapper.java:644)
12-03 17:31:01.381  3066  3066 W BugleDataModel: 	at com.google.android.apps.messaging.shared.datamodel.action.execution.ActionExecutorImpl.a(SourceFile:32)
12-03 17:31:01.381  3066  3066 W BugleDataModel: 	at dah.a(SourceFile:54)
12-03 17:31:01.381  3066  3066 W BugleDataModel: 	at dah.a(SourceFile:30)
12-03 17:31:01.381  3066  3066 W BugleDataModel: 	at czt.b(SourceFile:48)
12-03 17:31:01.381  3066  3066 W BugleDataModel: 	at czt.a(SourceFile:17)
12-03 17:31:01.381  3066  3066 W BugleDataModel: 	at com.google.android.apps.messaging.shared.datamodel.action.common.ThrottledAction.schedule(SourceFile:42)
12-03 17:31:01.381  3066  3066 W BugleDataModel: 	at cmp.a(SourceFile:4)
12-03 17:31:01.381  3066  3066 W BugleDataModel: 	at enf.onReceive(SourceFile:7)
12-03 17:31:01.381  3066  3066 W BugleDataModel: 	at android.app.LoadedApk$ReceiverDispatcher$Args.lambda$-android_app_LoadedApk$ReceiverDispatcher$Args_51615(LoadedApk.java:1304)
12-03 17:31:01.381  3066  3066 W BugleDataModel: 	at android.app.-$Lambda$FilBqgnXJrN9Mgyks1XHeAxzSTk.$m$0(Unknown Source:4)
12-03 17:31:01.381  3066  3066 W BugleDataModel: 	at android.app.-$Lambda$FilBqgnXJrN9Mgyks1XHeAxzSTk.run(Unknown Source:0)
12-03 17:31:01.381  3066  3066 W BugleDataModel: 	at android.os.Handler.handleCallback(Handler.java:789)
12-03 17:31:01.381  3066  3066 W BugleDataModel: 	at android.os.Handler.dispatchMessage(Handler.java:98)
12-03 17:31:01.381  3066  3066 W BugleDataModel: 	at android.os.Looper.loop(Looper.java:164)
12-03 17:31:01.381  3066  3066 W BugleDataModel: 	at android.app.ActivityThread.main(ActivityThread.java:6694)
12-03 17:31:01.381  3066  3066 W BugleDataModel: 	at java.lang.reflect.Method.invoke(Native Method)
12-03 17:31:01.381  3066  3066 W BugleDataModel: 	at com.android.internal.os.Zygote$MethodAndArgsCaller.run(Zygote.java:240)
12-03 17:31:01.381  3066  3066 W BugleDataModel: 	at com.android.internal.os.ZygoteInit.main(ZygoteInit.java:769)
12-03 17:31:01.385 11492 11612 I CarrierServices: [13442] cjs.a: Using RCS compliant config URL
12-03 17:31:01.398  3066  3121 I Bugle   : CountryCodeDetector: updateMainDeviceCountry from default subscription network country. detected country: mx
12-03 17:31:01.401 11492 30710 I CarrierServices: [25179] bdx.b: IMS registration state change [SIP REGISTRATION SUCCESSFUL -> SIP REGISTRATION TERMINATED] reason: NETWORK_ERROR
12-03 17:31:01.406 11492 30710 I CarrierServices: [25179] bcy.c: (RCS): : IMS connection manager has been terminated
12-03 17:31:01.407 11492 30710 I CarrierServices: [25179] bcy.b: (RCS): : Starting IMS connection with no delay, in state STOPPED
12-03 17:31:01.407 11492 30710 I CarrierServices: [25179] bcy.a: (RCS): : Start the IMS connection manager
12-03 17:31:01.408 11492 30710 I CarrierServices: [25179] bcy.a: (RCS): : Scheduling registration in state STARTING, reason NETWORK_ERROR
12-03 17:31:01.415  7543  7543 D PollingManager: connectivity_action: [type: WIFI[], state: DISCONNECTED/DISCONNECTED, reason: (unspecified), extra: <unknown ssid>, failover: false, available: true, roaming: false, metered: false]
12-03 17:31:01.415 11492 11628 E CarrierServices: [13452] bwz.a: (RCS): : NetworkType 17 not found.
12-03 17:31:01.416  7543  7543 D BSUtils : getSharedPackageNames uid 10004 packagesForUid [com.motorola.ccc.ota, com.motorola.ccc.checkin, com.motorola.ccc.devicemanagement, com.motorola.ccc.notification]
12-03 17:31:01.416 11492 11628 I CarrierServices: [13452] cjs.a: Using RCS compliant config URL
12-03 17:31:01.417  2514  2653 I chatty  : uid=1000(system) MainEventThread expire 3 lines
12-03 17:31:01.419  7543  7543 D OtaApp  : pollingManagerService, connectivity_action: [type: WIFI[], state: DISCONNECTED/DISCONNECTED, reason: (unspecified), extra: <unknown ssid>, failover: false, available: true, roaming: false, metered: false]
12-03 17:31:01.424  7543  7755 D OtaApp  : AndroidClientUpgradeService.handleIntent: com.motorola.ccc.ota.pm.POLLINGMGR_CONNECTIVITY
12-03 17:31:01.424  7543  7755 D OtaApp  : CusSM.onRadioDown
12-03 17:31:01.424 11492 11628 E CarrierServices: [13452] bwz.a: (RCS): : NetworkType 1 not found.
12-03 17:31:01.425  1973  7118 W ActivityManager: Background start not allowed: service Intent { act=Orca.START cmp=com.facebook.katana/com.facebook.rti.push.service.FbnsService (has extras) } to com.facebook.katana/com.facebook.rti.push.service.FbnsService from pid=2253 uid=10125 pkg=com.facebook.katana
12-03 17:31:01.426 11492 11628 I CarrierServices: [13452] cjs.a: Using RCS compliant config URL
12-03 17:31:01.440 11492 11628 I CarrierServices: [13452] cjs.a: Using RCS compliant config URL
12-03 17:31:01.456  3440  3440 D GmsCheckinTrigger: Ignoring Intent { act=android.net.conn.CONNECTIVITY_CHANGE flg=0x4000010 cmp=com.mgoogle.android.gms/org.microg.gms.checkin.TriggerReceiver (has extras) }: checkin is disabled
12-03 17:31:01.457 11492 11628 W CarrierServices: [13452] bcy.a: (RCS): : Could not select any usable network interface
12-03 17:31:01.463  1844  1844 E a       : start checkForDisable
12-03 17:31:01.464  1844  1844 E a       : disabled, return
12-03 17:31:01.465  3440  3440 D GmsGcmTrigger: Ignoring Intent { act=android.net.conn.CONNECTIVITY_CHANGE flg=0x4000010 cmp=com.mgoogle.android.gms/org.microg.gms.gcm.TriggerReceiver (has extras) }: gcm is disabled
12-03 17:31:01.486  1139  3477 D libc    : Internal error: netid(0), id(0x683d), server(0.0.0.0)
12-03 17:31:01.486  1139  3477 D libc    : Internal error: netid(0), id(0x683d), server(0.0.0.0)
12-03 17:31:01.486  1139  3477 D libc    : dns query(www.dji.com, 1, 1) failed
12-03 17:31:01.487  1139  3477 D libc    : Internal error: netid(0), id(0x5527), server(0.0.0.0)
12-03 17:31:01.487  1139  3477 D libc    : Internal error: netid(0), id(0x5527), server(0.0.0.0)
12-03 17:31:01.487  1139  3477 D libc    : dns query(www.dji.com., 1, 1) failed
12-03 17:31:01.487 25477 25491 D TCMD    : NL - Read 1204 bytes from update socket.
12-03 17:31:01.487 25477 25491 D TCMD    : NL - message type is RTM_NEWLINK
12-03 17:31:01.488 25477 25491 D TCMD    : Listening for incoming client connection request
12-03 17:31:01.495  7543  7543 D GetNotificationsWS: bindWebServices(): registering our AIDL callback...
12-03 17:31:01.497  7543  3476 I SundryService: onHandleIntent(): action=com.motorola.blur.service.blur.Actions.POLLINGMGR_CONNECTIVITY
12-03 17:31:01.505 11492  3458 I CarrierServices: [25199] brc.a: Removing orphaned observer 47535254
12-03 17:31:01.507  3066  3077 V BugleAction: no RCS because we're not registered
12-03 17:31:01.508  3066  3066 I BugleRcs: RcsAvailability: updating
12-03 17:31:01.508 19330 19342 I zygote  : Background concurrent copying GC freed 90631(5MB) AllocSpace objects, 7(140KB) LOS objects, 49% free, 11MB/22MB, paused 511us total 196.888ms
12-03 17:31:01.509  3066  3483 I BugleRcs: RcsAvailability: No minimum Cs.apk version is set, not checking Cs.apk version
12-03 17:31:01.514  3066  3483 I BugleRcs: MCCMNC is RCS enabled
12-03 17:31:01.539 25477 25491 D TCMD    : NL - Read 84 bytes from update socket.
12-03 17:31:01.539 25477 25491 D TCMD    : NL - ignore NL message, type = 20
12-03 17:31:01.539 25477 25491 D TCMD    : Listening for incoming client connection request
12-03 17:31:01.557  3066  3066 D RcsClientLib: Service com.google.android.rcs.client.signup.SignupService connected. Will notify listeners: true
12-03 17:31:01.557  3066  3066 D RcsClientLib: Service com.google.android.rcs.client.ims.ImsConnectionTrackerService connected. Will notify listeners: true
12-03 17:31:01.562  3066  3483 I BugleRcs: RcsAvailability: retrieve registration state. signup service signed up: true, Registration service state: RegistrationState SIP REGISTRATION TERMINATED, reason NETWORK_ERROR
12-03 17:31:01.583  7543  7543 I CCEUtils: Not AMP Compatible
12-03 17:31:01.605  1973  7739 I ActivityManager: Killing 1348:com.kodarkooperativet.blackplayerfree/u0a143 (adj 906): empty #17
12-03 17:31:01.650  7543  7543 I MMApiProvisionService: createDeviceIdOrLogin update_device
12-03 17:31:01.651  7543  7543 D Checkin : publish the event [tag = MOT_CCE event name = LOG]
12-03 17:31:01.654  7543  7543 D GetNotificationsWS: unbindWebServices(): un-registering our AIDL callback...
12-03 17:31:01.656  7543  7543 D PollingManager: connectivity_action: [type: WIFI[], state: DISCONNECTED/DISCONNECTED, reason: (unspecified), extra: <unknown ssid>, failover: false, available: true, roaming: false, metered: false]
12-03 17:31:01.657  7543  7543 D BSUtils : getSharedPackageNames uid 10004 packagesForUid [com.motorola.ccc.ota, com.motorola.ccc.checkin, com.motorola.ccc.devicemanagement, com.motorola.ccc.notification]
12-03 17:31:01.665  7543  7543 I CCEUtils: Not AMP Compatible
12-03 17:31:01.776 28423 28423 I wpa_supplicant: CTRL_IFACE: Detach monitor that cannot receive messages: /data/misc/cutback/wpa_ctrl_1144-208\x00
12-03 17:31:01.780   548  2179 D NativeSensors: batch called handle:1 sample_ns:200000000 latency_ns:0
12-03 17:31:01.781   548  2179 D NativeSensors: activate called handle:1 enable:1
12-03 17:31:01.781   548  2179 D NativeSensors: capsense_bottom calling driver setDelay 200 ms
12-03 17:31:01.781   548  2179 E NativeSensors: write 200 failed
12-03 17:31:01.781   548  2179 D NativeSensors: capsense_bottom calling driver enable
12-03 17:31:01.869  1973  7668 D ConnectivityService: registerNetworkAgent NetworkAgentInfo{ ni{[type: MOBILE[LTE], state: CONNECTED/CONNECTED, reason: connected, extra: internet.itelcel.com, failover: false, available: true, roaming: false, metered: true]}  network{379}  nethandle{1627809041118}  lp{{InterfaceName: rmnet_data1 LinkAddresses: [10.13.181.27/29,]  Routes: [0.0.0.0/0 -> 10.13.181.28 rmnet_data1,] DnsAddresses: [10.233.16.4,10.182.35.36,] Domains: null MTU: 1410 TcpBufferSizes: 524288,1048576,8388608,262144,524288,4194304}}  nc{[ Transports: CELLULAR Capabilities: DUN&INTERNET&NOT_RESTRICTED&TRUSTED&NOT_VPN LinkUpBandwidth>=51200Kbps LinkDnBandwidth>=102400Kbps Specifier: <1>]}  Score{10}  everValidated{false}  lastValidated{false}  created{false} lingering{false} explicitlySelected{false} acceptUnvalidated{false} everCaptivePortalDetected{false} lastCaptivePortalDetected{false} }
12-03 17:31:01.870  1973  2328 D ConnectivityService: NetworkAgentInfo [MOBILE (LTE) - 379] EVENT_NETWORK_INFO_CHANGED, going from null to CONNECTED
12-03 17:31:01.872  1973  2328 D ConnectivityService: Adding iface rmnet_data1 to network 379
12-03 17:31:01.890  1973  2328 D ConnectivityService: Setting DNS servers for network 379 to [/10.233.16.4, /10.182.35.36]
12-03 17:31:01.929  1973  2328 I chatty  : uid=1000(system) ConnectivitySer expire 2 lines
12-03 17:31:01.935  1973  1983 I chatty  : uid=1000(system) HeapTaskDaemon expire 1 line
12-03 17:31:01.985  1973  2328 D ConnectivityService: Switching to new default network: NetworkAgentInfo{ ni{[type: MOBILE[LTE], state: CONNECTED/CONNECTED, reason: connected, extra: internet.itelcel.com, failover: false, available: true, roaming: false, metered: true]}  network{379}  nethandle{1627809041118}  lp{{InterfaceName: rmnet_data1 LinkAddresses: [10.13.181.27/29,]  Routes: [0.0.0.0/0 -> 10.13.181.28 rmnet_data1,] DnsAddresses: [10.233.16.4,10.182.35.36,] Domains: null MTU: 1410 TcpBufferSizes: 524288,1048576,8388608,262144,524288,4194304}}  nc{[ Transports: CELLULAR Capabilities: DUN&INTERNET&NOT_RESTRICTED&TRUSTED&NOT_VPN&FOREGROUND LinkUpBandwidth>=51200Kbps LinkDnBandwidth>=102400Kbps Specifier: <1>]}  Score{10}  everValidated{false}  lastValidated{false}  created{true} lingering{false} explicitlySelected{false} acceptUnvalidated{false} everCaptivePortalDetected{false} lastCaptivePortalDetected{false} }
12-03 17:31:01.995  1973  2021 I chatty  : uid=1000(system) android.bg expire 2 lines
12-03 17:31:01.998  2514  2652 I chatty  : uid=1000(system) ConnectivityThr expire 3 lines
12-03 17:31:01.998  1973  2328 D ConnectivityService: Sending CONNECTED broadcast for type 0 NetworkAgentInfo [MOBILE (LTE) - 379] isDefaultNetwork=true
12-03 17:31:02.001  3010  3010 I ModemStatsDSDetect: onReceive() -Intent { act=android.net.conn.CONNECTIVITY_CHANGE flg=0x4000010 (has extras) }
12-03 17:31:02.001  1973  3239 I chatty  : uid=1000(system) IzatProvider expire 3 lines
12-03 17:31:02.002  1145  1145 V LocSvc_HIDL_IzatSubscription: [networkinfoUpdate][299] [HS] <<<<= [HC]
12-03 17:31:02.002  3010  3010 I ModemStatsDSDetect: INET_CONDITION=0 ,activeNet=[type: MOBILE[LTE], state: CONNECTED/CONNECTED, reason: connected, extra: internet.itelcel.com, failover: false, available: true, roaming: false, metered: true]
12-03 17:31:02.002  3010  3010 I ModemStatsDSDetect: onReceive() - done, currentInetCondition=0
12-03 17:31:02.003  7543  7543 D PollingManager: connectivity_action: [type: MOBILE[LTE], state: CONNECTED/CONNECTED, reason: (unspecified), extra: internet.itelcel.com, failover: false, available: true, roaming: false, metered: true]
12-03 17:31:02.003  2572  2572 D BSUtils : getSharedPackageNames uid 1000 packagesForUid [com.android.inputdevices, com.motorola.android.providers.settings, com.motorola.motodisplay.env, com.android.server.telecom, com.motorola.android.jvtcmd, com.motorola.android.settings.diag_mdlog, com.android.settings, com.motorola.slpc_sys, com.motorola.motocare.internal, com.motorola.android.fmradio, com.motorola.demo.env, com.qualcomm.atfwd, com.android.keychain, com.android.wallpaperbackup, com.motorola.android.nativedropboxagent, android, com.android.location.fused, com.qualcomm.location, com.motorola.android.settings.modemdebug, com.android.providers.settings, com.qti.service.colorservice, com.motorola.bach.modemstats, com.quicinc.cne.CNEService, com.motorola.mya.fmwkwrapper, com.motorola.ccc.mainplm]
12-03 17:31:02.004  7543  7543 D BSUtils : getSharedPackageNames uid 10004 packagesForUid [com.motorola.ccc.ota, com.motorola.ccc.checkin, com.motorola.ccc.devicemanagement, com.motorola.ccc.notification]
12-03 17:31:02.014  7543  7543 D PollingManager: connectivity_action: [type: MOBILE[LTE], state: CONNECTED/CONNECTED, reason: (unspecified), extra: internet.itelcel.com, failover: false, available: true, roaming: false, metered: true]
12-03 17:31:02.015  7543  7543 D BSUtils : getSharedPackageNames uid 10004 packagesForUid [com.motorola.ccc.ota, com.motorola.ccc.checkin, com.motorola.ccc.devicemanagement, com.motorola.ccc.notification]
12-03 17:31:02.018  3440  3440 D GmsCheckinTrigger: Ignoring Intent { act=android.net.conn.CONNECTIVITY_CHANGE flg=0x4000010 cmp=com.mgoogle.android.gms/org.microg.gms.checkin.TriggerReceiver (has extras) }: checkin is disabled
12-03 17:31:02.021  3440  3440 D GmsGcmTrigger: Ignoring Intent { act=android.net.conn.CONNECTIVITY_CHANGE flg=0x4000010 cmp=com.mgoogle.android.gms/org.microg.gms.gcm.TriggerReceiver (has extras) }: gcm is disabled
12-03 17:31:02.044  2572  2572 W ContextImpl: Calling a method in the system process without a qualified user: android.app.ContextImpl.sendBroadcast:968 android.content.ContextWrapper.sendBroadcast:436 com.motorola.blur.service.blur.BSUtils.sendBroadcast:151 com.motorola.blur.service.blur.BSUtils.sendBroadcast:146 com.motorola.ccc.plm.pollingmanager.PollingManagerService$MyConnectivityReceiver.sendConnectivityIntent:599 
12-03 17:31:02.047  1973  7739 I chatty  : uid=1000(system) Binder:1973_1B expire 2 lines
12-03 17:31:02.047  1844  1844 E a       : start checkForDisable
12-03 17:31:02.048  1844  1844 E a       : disabled, return
12-03 17:31:02.051  7543  7543 D OtaApp  : pollingManagerService, connectivity_action: [type: MOBILE[LTE], state: CONNECTED/CONNECTED, reason: (unspecified), extra: internet.itelcel.com, failover: false, available: true, roaming: false, metered: true]
12-03 17:31:02.051  7543  7543 D OtaApp  : PollingManagerService, now: 1642354380 ,futureTime: 1711837321
12-03 17:31:02.051  7543  7543 D OtaApp  : Polling alarm set to expire at: 1711837321 Current Time: 1642354380
12-03 17:31:02.055 13598 22785 I PinnedContentDownloader: Finished downloading pinned content.
12-03 17:31:02.059 11492 11522 I CarrierServices: [13409] bxd.a: FiST: Wifi connectivity status false
12-03 17:31:02.061 11492 11628 I CarrierServices: [13452] bcy.b: (RCS): : Restarting the IMS connection manager in state STOPPED, reason: NETWORK_CHANGE
12-03 17:31:02.062 11492 11628 I CarrierServices: [13452] bcy.b: (RCS): : Continue restarting when state changed to STOPPING
12-03 17:31:02.062 11492 11628 I CarrierServices: [13452] bcy.c: (RCS): : Start to terminate IMS connection manager
12-03 17:31:02.063 11492 11628 I CarrierServices: [13452] bcy.c: (RCS): : IMS connection manager has been terminated
12-03 17:31:02.063  7543  7694 D OtaApp  : AndroidClientUpgradeService.handleIntent: com.motorola.ccc.ota.pm.POLLINGMGR_CONNECTIVITY
12-03 17:31:02.063  7543  7694 D OtaApp  : CusSM.onRadioUp
12-03 17:31:02.063 11492 11628 I CarrierServices: [13452] bcy.b: (RCS): : Starting IMS connection with no delay, in state STOPPED
12-03 17:31:02.064 11492 11628 I CarrierServices: [13452] bcy.a: (RCS): : Start the IMS connection manager
12-03 17:31:02.064 11492 11628 I CarrierServices: [13452] bcy.a: (RCS): : Scheduling registration in state STARTING, reason NETWORK_CHANGE
12-03 17:31:02.065 11492 11522 I CarrierServices: [13409] bxi.d: Connected state: [1], networkType: [MOBILE]
12-03 17:31:02.071  7543  7694 D OtaApp  : CusSM.sendUpgradeStatus: no unlogged events.
12-03 17:31:02.074  7543  7694 D OtaApp  : Description is null
12-03 17:31:02.074 11492 11628 E CarrierServices: [13452] bwz.a: (RCS): : NetworkType 17 not found.
12-03 17:31:02.075 11492 11567 I CarrierServices: [13431] dax.a: CarrierServices.apk is not sim call manager. Not enabling MMTel.
12-03 17:31:02.075 11492 11567 I CarrierServices: [13431] bda.run: (MMTel): : Ignoring Network Change based on IMS preferences
12-03 17:31:02.076  7543  7694 D OtaApp  : CusSM.runStateMachine: no versions found in database
12-03 17:31:02.076 11492 11628 I CarrierServices: [13452] cjs.a: Using RCS compliant config URL
12-03 17:31:02.082 11492 11522 I CarrierServices: [13409] bxd.a: FiST: Wifi connectivity status false
12-03 17:31:02.082  1973  4989 W ActivityManager: Background start not allowed: service Intent { act=Orca.START cmp=com.facebook.katana/com.facebook.rti.push.service.FbnsService (has extras) } to com.facebook.katana/com.facebook.rti.push.service.FbnsService from pid=2253 uid=10125 pkg=com.facebook.katana
12-03 17:31:02.083 11492 11522 I CarrierServices: [13409] bxi.d: Connected state: [1], networkType: [MOBILE]
12-03 17:31:02.091 11492 11567 I CarrierServices: [13431] dax.a: CarrierServices.apk is not sim call manager. Not enabling MMTel.
12-03 17:31:02.091 11492 11567 I CarrierServices: [13431] bda.run: (MMTel): : Ignoring Network Change based on IMS preferences
12-03 17:31:02.092 11492 11612 I CarrierServices: [13442] cjs.a: Using RCS compliant config URL
12-03 17:31:02.096 11492 11628 E CarrierServices: [13452] bwz.a: (RCS): : NetworkType 1 not found.
12-03 17:31:02.100 11492 11628 I CarrierServices: [13452] cjs.a: Using RCS compliant config URL
12-03 17:31:02.121 11492 11628 I CarrierServices: [13452] cjs.a: Using RCS compliant config URL
12-03 17:31:02.132 11492 11628 I CarrierServices: [13452] bcy.a: (RCS): : Setting network interface to rmnet_data1
12-03 17:31:02.134 11492 11628 I CarrierServices: [13452] cjs.a: Using RCS compliant config URL
12-03 17:31:02.144 11492 11628 I CarrierServices: [13452] blc.a: Enhanced Calling is not supported.
12-03 17:31:02.148 11492 11628 I CarrierServices: [13452] bel.a: Using name servers: [10.233.16.4, 10.182.35.36]
12-03 17:31:02.149 11492 11628 I CarrierServices: [13452] cjs.a: Using RCS compliant config URL
12-03 17:31:02.180  7543  7543 D GetNotificationsWS: bindWebServices(): registering our AIDL callback...
12-03 17:31:02.182  7543  3530 I SundryService: onHandleIntent(): action=com.motorola.blur.service.blur.Actions.POLLINGMGR_CONNECTIVITY
12-03 17:31:02.195   548  2179 E hw-IPCThreadState: binder thread pool (2 threads) starved for 415 ms
12-03 17:31:02.195   548  1078 D NativeSensors: CapSensor:  mPendingEvent.distance=0.000000
12-03 17:31:02.195   548  1078 D NativeSensors: CapSensor:  mPendingEvent.distance=0.000000
12-03 17:31:02.197   548  2179 D NativeSensors: batch called handle:2 sample_ns:200000000 latency_ns:0
12-03 17:31:02.197   548  2179 D NativeSensors: activate called handle:2 enable:1
12-03 17:31:02.197   548  2179 D NativeSensors: capsense_top calling driver setDelay 200 ms
12-03 17:31:02.198   548  2179 E NativeSensors: write 200 failed
12-03 17:31:02.198   548  2179 D NativeSensors: capsense_top calling driver enable
12-03 17:31:02.253  7543  7543 I CCEUtils: Not AMP Compatible
12-03 17:31:02.309  7543  7543 I MMApiProvisionService: createDeviceIdOrLogin update_device
12-03 17:31:02.310  7543  7543 D Checkin : publish the event [tag = MOT_CCE event name = LOG]
12-03 17:31:02.312  7543  7543 D GetNotificationsWS: unbindWebServices(): un-registering our AIDL callback...
12-03 17:31:02.315  7543  7543 D PollingManager: connectivity_action: [type: MOBILE[LTE], state: CONNECTED/CONNECTED, reason: (unspecified), extra: internet.itelcel.com, failover: false, available: true, roaming: false, metered: true]
12-03 17:31:02.315  7543  7543 D BSUtils : getSharedPackageNames uid 10004 packagesForUid [com.motorola.ccc.ota, com.motorola.ccc.checkin, com.motorola.ccc.devicemanagement, com.motorola.ccc.notification]
12-03 17:31:02.323  7543  7543 I CCEUtils: Not AMP Compatible
12-03 17:31:02.337  1973  3505 I chatty  : uid=1000 system_server expire 2 lines
12-03 17:31:02.337  1973  3504 I chatty  : uid=1000 system_server expire 2 lines
12-03 17:31:02.339 11492 11628 I CarrierServices: [13452] cjs.a: Using RCS compliant config URL
12-03 17:31:02.342  1139  1407 D NetdFwmarkServer: Cmd 2: 379, 1000: UserP=3, fwmark=F017B
12-03 17:31:02.342  1139  1407 D NetdFwmarkServer: Cmd 2: 379, 1000: UserP=3, fwmark=F017B
12-03 17:31:02.343  1139  1407 D NetdFwmarkServer: Cmd 1: 0, 1000: UserP=3, fwmark=F017B
12-03 17:31:02.343  1139  1407 D NetdFwmarkServer: Cmd 1: 0, 1000: UserP=3, fwmark=F017B
12-03 17:31:02.344  1139  1407 D NetdFwmarkServer: Cmd 6: 0, 1000: UserP=3, fwmark=F017B
12-03 17:31:02.344  1139  1407 D NetdFwmarkServer: Cmd 6: 0, 1000: UserP=3, fwmark=F017B
12-03 17:31:02.349 11492 11628 I CarrierServices: [13452] cjs.a: Using RCS compliant config URL
12-03 17:31:02.362  1973  2316 I chatty  : uid=1000(system) NetworkPolicy expire 1 line
12-03 17:31:02.378  9749  3438 D omnistore_android_logger: DebouncingRateLimiter attempting event SyncProtocol::onConnectionEstablished
12-03 17:31:02.378  9749  3438 D omnistore_android_logger: Event not rate limited: SyncProtocol::onConnectionEstablished
12-03 17:31:02.378  9749  3438 D omnistore_android_logger: SyncProtocol calling onConnectionEstablished callbacks
12-03 17:31:02.378  9749  3438 D omnistore_android_logger: Removing all queue based subscriptions from rewire state
12-03 17:31:02.381  9749  3438 D omnistore_android_logger: SendQueue::onConnectionEstablished: sending 0 transaction(s)
12-03 17:31:02.382  9749 10052 D omnistore_android_logger: SubscriptionManager::onConnectionEstablished is called back
12-03 17:31:02.385  9749 10052 I omnistore_android_logger: Connect message: queueName: messenger_android_device_flash_sq:100001233667384_amw6ZSgwkCHis, gvid: 135
12-03 17:31:02.391  9749 10052 I omnistore_android_logger: Connect message: queueName: tincan_msg:100001233667384_AXN7LVXKAVGEYPIOOLGXTE4XLAPQ64MGWCALXTS5PRLIOJ7A4P7WU, gvid: 4
12-03 17:31:02.393  9749  3438 I omnistore_android_logger: No integrity check for this collection label: tincan_msg:100001233667384_AXN7LVXKAVGEYPIOOLGXTE4XLAPQ64MGWCALXTS5PRLIOJ7A4P7WU
12-03 17:31:02.394  9749 10052 I omnistore_android_logger: Connect message: queueName: koala_schedule:100001233667384_amw6ZSgwkCHis, gvid: 0
12-03 17:31:02.398  9749 10052 I omnistore_android_logger: Connect message: queueName: mobile_config_v2:100001233667384_amw6ZSgwkCHis, gvid: 1
12-03 17:31:02.403  9749 10052 I omnistore_android_logger: Connect message: queueName: messenger_montage_non_user:100001233667384_amw6ZSgwkCHis, gvid: 0
12-03 17:31:02.403 11492 11628 I CarrierServices: [13452] cjs.a: Using RCS compliant config URL
12-03 17:31:02.410  9749 10052 I omnistore_android_logger: Connect message: queueName: messenger_user_sq:100001233667384, gvid: 16
12-03 17:31:02.414  9749 10052 I omnistore_android_logger: Connect message: queueName: messenger_contacts_android_v2:100001233667384_amw6ZSgwkCHis, gvid: 1950
