12-03 17:17:54.649  1973  2022 I chatty  : uid=1000(system) ActivityManager expire 4 lines
12-03 17:17:54.687  1973  2025 I chatty  : uid=1000(system) batterystats-sy expire 1 line
12-03 17:17:54.697  1973  2180 I chatty  : uid=1000(system) UEventObserver expire 2 lines
12-03 17:17:54.718  1973  2598 I chatty  : uid=1000(system) Binder:1973_A expire 3 lines
12-03 17:17:54.830  1973  2442 I chatty  : uid=1000(system) Binder:1973_5 expire 3 lines
12-03 17:17:55.062  1973  1973 I chatty  : uid=1000 system_server expire 4 lines
12-03 17:17:55.087  1973  2022 I chatty  : uid=1000(system) ActivityManager expire 5 lines
12-03 17:17:55.162  1973  4792 I chatty  : uid=1000(system) Binder:1973_11 expire 1 line
12-03 17:17:55.179  1973  2038 I chatty  : uid=1000(system) android.display expire 1 line
12-03 17:17:57.034  1973  2180 I chatty  : uid=1000(system) UEventObserver expire 2 lines
12-03 17:17:57.483  1973  1973 I chatty  : uid=1000 system_server expire 2 lines
12-03 17:17:57.890  1973  2022 I chatty  : uid=1000(system) ActivityManager expire 4 lines
12-03 17:17:57.899  1973  2025 I chatty  : uid=1000(system) batterystats-sy expire 3 lines
12-03 17:17:57.904  1973  2022 I chatty  : uid=1000(system) ActivityManager expire 7 lines
12-03 17:17:57.930  1973  2180 I chatty  : uid=1000(system) UEventObserver expire 6 lines
12-03 17:17:58.454  1973  2465 I chatty  : uid=1000(system) Binder:1973_6 expire 7 lines
12-03 17:17:58.667  1973  2372 I chatty  : uid=1000(system) Binder:1973_4 expire 10 lines
12-03 17:17:58.668  1973  2037 I chatty  : uid=1000(system) android.io expire 13 lines
12-03 17:17:58.820  1973  1973 I chatty  : uid=1000 system_server expire 11 lines
12-03 17:18:05.337   601   601 I SFPerfTracer:      triggers: (rate: 4083:1027585) (compose: 0:3) (post: 0:114) (render: 0:118) (1:5215323 frames) (2:5535886)
12-03 17:18:05.338   601   601 D SFPerfTracer:        layers: (7:17) (StatusBar#0 (0xb1ce8000): 2:310662) (RoundedOverlay#0 (0xb1ceb000): 0:10435) (RoundedOverlay#1 (0xb1c37000): 0:11395) (com.android.systemui.ImageWallpaper#0 (0xb1c3a000): 0:8387) (DimLayerController/Stack=0#0 (0xb1e1b000): 0:8297)* (Sprite#0 (0xb1e3e000): 0:4669)* (DockedStackDim#0 (0xb1e75000): 0:19)* (animation background stackId=1#0 (0xb1e45000): 0:288)* (#0 (0xb1ce6000): 0:9438)* (#1 (0xb1c08000): 0:717) (#2 (0xb1c7c000): 0:475)* (#3 (0xb1e27000): 0:1610)* (NavigationBar#0 (0xb1e05000): 0:440) (#4 (0xb1e34000): 0:81)* (InputMethod#0 (0xb1e1e000): 0:611)* (com.motorola.launcher3/com.android.launcher3.CustomizationPanelLauncher#0 (0xb1ced000): 0:31)* (com.motorola.launcher3/com.android.launcher3.CustomizationPanelLauncher#1 (0xb1e17000): 0:37) 
12-03 17:18:08.031   601   818 I SFPerfTracer:      triggers: (rate: 259:7158) (11691071 sw vsyncs) (0 skipped) (1:13775693 vsyncs) (3:26036673)
12-03 17:18:13.758  1973  4792 I chatty  : uid=1000(system) Binder:1973_11 expire 2 lines
12-03 17:18:19.772  1973 19852 I chatty  : uid=1000(system) Binder:1973_20 expire 1 line
12-03 17:18:19.800  1973  2328 I chatty  : uid=1000(system) ConnectivitySer expire 1 line
12-03 17:18:32.521   601   601 I SFPerfTracer:      triggers: (rate: 4083:1027596) (compose: 0:3) (post: 0:114) (render: 0:118) (18:5215403 frames) (19:5535992)
12-03 17:18:32.522   601   601 D SFPerfTracer:        layers: (7:17) (StatusBar#0 (0xb1ce8000): 19:310751) (RoundedOverlay#0 (0xb1ceb000): 0:10435) (RoundedOverlay#1 (0xb1c37000): 0:11395) (com.android.systemui.ImageWallpaper#0 (0xb1c3a000): 0:8387) (DimLayerController/Stack=0#0 (0xb1e1b000): 0:8297)* (Sprite#0 (0xb1e3e000): 0:4669)* (DockedStackDim#0 (0xb1e75000): 0:19)* (animation background stackId=1#0 (0xb1e45000): 0:288)* (#0 (0xb1ce6000): 0:9438)* (#1 (0xb1c08000): 0:717) (#2 (0xb1c7c000): 0:475)* (#3 (0xb1e27000): 0:1617)* (NavigationBar#0 (0xb1e05000): 0:440) (#4 (0xb1e34000): 0:81)* (InputMethod#0 (0xb1e1e000): 0:611)* (com.motorola.launcher3/com.android.launcher3.CustomizationPanelLauncher#0 (0xb1ced000): 0:31)* (com.motorola.launcher3/com.android.launcher3.CustomizationPanelLauncher#1 (0xb1e17000): 0:40) 
12-03 17:18:32.532   601   818 I SFPerfTracer:      triggers: (rate: 259:7158) (11691071 sw vsyncs) (0 skipped) (25:13775777 vsyncs) (27:26036782)
12-03 17:18:35.274   601   818 I SFPerfTracer:      triggers: (rate: 259:7158) (11691071 sw vsyncs) (0 skipped) (84:13775896 vsyncs) (86:26036909)
12-03 17:18:35.696   601   601 I SFPerfTracer:      triggers: (rate: 4083:1027604) (compose: 0:3) (post: 0:114) (render: 0:118) (15:5215508 frames) (16:5536107)
12-03 17:18:35.696   601   601 D SFPerfTracer:        layers: (7:17) (StatusBar#0 (0xb1ce8000): 16:310862) (RoundedOverlay#0 (0xb1ceb000): 0:10435) (RoundedOverlay#1 (0xb1c37000): 0:11395) (com.android.systemui.ImageWallpaper#0 (0xb1c3a000): 0:8387) (DimLayerController/Stack=0#0 (0xb1e1b000): 0:8297)* (Sprite#0 (0xb1e3e000): 0:4669)* (DockedStackDim#0 (0xb1e75000): 0:19)* (animation background stackId=1#0 (0xb1e45000): 0:288)* (#0 (0xb1ce6000): 0:9438)* (#1 (0xb1c08000): 0:717) (#2 (0xb1c7c000): 0:475)* (#3 (0xb1e27000): 0:1617)* (NavigationBar#0 (0xb1e05000): 0:440) (#4 (0xb1e34000): 0:81)* (InputMethod#0 (0xb1e1e000): 0:611)* (com.motorola.launcher3/com.android.launcher3.CustomizationPanelLauncher#0 (0xb1ced000): 0:31)* (com.motorola.launcher3/com.android.launcher3.CustomizationPanelLauncher#1 (0xb1e17000): 0:51) 
12-03 17:18:39.431  1973  5590 I chatty  : uid=1000(system) Binder:1973_16 expire 1 line
12-03 17:18:50.495  1973  2047 I chatty  : uid=1000(system) PackageManager expire 6 lines
12-03 17:18:51.571  1973  5173 I chatty  : uid=1000(system) Binder:1973_14 expire 1 line
12-03 17:18:52.114  1973  2022 I chatty  : uid=1000(system) ActivityManager expire 3 lines
12-03 17:18:52.134  1973  1973 I chatty  : uid=1000 system_server expire 1 line
12-03 17:18:52.136  1973  4792 I chatty  : uid=1000(system) Binder:1973_11 expire 1 line
12-03 17:18:52.139  1973  2022 I chatty  : uid=1000(system) ActivityManager expire 3 lines
12-03 17:18:52.312  1973  2465 I chatty  : uid=1000(system) Binder:1973_6 expire 1 line
12-03 17:18:52.337  1973  2372 I chatty  : uid=1000(system) Binder:1973_4 expire 1 line
12-03 17:18:52.341  1973  2022 I chatty  : uid=1000(system) ActivityManager expire 7 lines
12-03 17:18:52.449  1973  2442 I chatty  : uid=1000(system) Binder:1973_5 expire 2 lines
12-03 17:18:52.451  1973  2022 I chatty  : uid=1000(system) ActivityManager expire 4 lines
12-03 17:18:52.464  1973  1993 I chatty  : uid=1000(system) Binder:1973_1 expire 1 line
12-03 17:18:52.467  1973  2022 I chatty  : uid=1000(system) ActivityManager expire 6 lines
12-03 17:18:52.488  1973  2465 I chatty  : uid=1000(system) Binder:1973_6 expire 1 line
12-03 17:18:52.493  1973  2570 I chatty  : uid=1000(system) Binder:1973_8 expire 1 line
12-03 17:18:52.557  1973  2635 I chatty  : uid=1000(system) Binder:1973_E expire 1 line
12-03 17:18:52.624  1973  2442 I chatty  : uid=1000(system) Binder:1973_5 expire 1 line
12-03 17:18:52.696  1973  5646 I chatty  : uid=1000(system) Binder:1973_17 expire 3 lines
12-03 17:18:52.866  1973  1973 I chatty  : uid=1000 system_server expire 2 lines
12-03 17:18:52.996  1973  2021 I chatty  : uid=1000(system) android.bg expire 1 line
12-03 17:18:54.753  1973  2038 I chatty  : uid=1000(system) android.display expire 1 line
12-03 17:18:56.589  1973  2188 I chatty  : uid=1000(system) AlarmManager expire 1 line
12-03 17:18:56.637  1973  2442 I chatty  : uid=1000(system) Binder:1973_5 expire 2 lines
12-03 17:18:56.774   505   505 D ActivityThread: Loading provider com.whatsapp.provider.contact: com.whatsapp.contact.ContactProvider
12-03 17:18:58.018  1139   646 W SocketClient: write error (Broken pipe)
12-03 17:18:58.018  1139   646 I chatty  : uid=0(root) Binder:1139_2 identical 9 lines
12-03 17:18:58.018  1139   646 W SocketClient: write error (Broken pipe)
12-03 17:18:58.092  1973  1994 I chatty  : uid=1000(system) Binder:1973_2 expire 1 line
12-03 17:18:58.375  1973  5646 I chatty  : uid=1000(system) Binder:1973_17 expire 8 lines
12-03 17:18:59.825 32752 32752 W ActivityThread: serviceCreate starts in 3070 ms, CreateServiceData = CreateServiceData{token=android.os.BinderProxy@d60448f className=dji.sdk.sdkmanager.DJIGlobalService packageName=com.dji.FPVDemo intent=null}
12-03 17:18:59.832 32752 32752 W ActivityThread: serviceStart starts in 3076 ms, ServiceArgsData = ServiceArgsData{token=android.os.BinderProxy@d60448f startId=1 args=Intent { cmp=com.dji.FPVDemo/dji.sdk.sdkmanager.DJIGlobalService }}
12-03 17:19:00.115  1973  2037 I chatty  : uid=1000(system) android.io expire 7 lines
12-03 17:19:00.419  1973  2180 I chatty  : uid=1000(system) UEventObserver expire 20 lines
12-03 17:19:00.475   601   601 I SFPerfTracer:      triggers: (rate: 4083:1027610) (compose: 0:3) (post: 0:114) (render: 0:118) (16:5215596 frames) (17:5536219)
12-03 17:19:00.475   601   601 D SFPerfTracer:        layers: (7:21) (StatusBar#0 (0xb1ce8000): 3:310882) (RoundedOverlay#0 (0xb1ceb000): 0:10435) (RoundedOverlay#1 (0xb1c37000): 0:11395) (com.android.systemui.ImageWallpaper#0 (0xb1c3a000): 0:8388)* (DimLayerController/Stack=0#0 (0xb1e1b000): 0:8297)* (Sprite#0 (0xb1e3e000): 0:4669)* (DockedStackDim#0 (0xb1e75000): 0:19)* (animation background stackId=1#0 (0xb1e45000): 0:290)* (#0 (0xb1ce6000): 0:9438)* (#1 (0xb1c08000): 0:717) (#2 (0xb1c7c000): 0:475)* (#3 (0xb1e27000): 17:1706)* (NavigationBar#0 (0xb1e05000): 0:440) (#4 (0xb1e34000): 0:81)* (InputMethod#0 (0xb1e1e000): 0:611)* (com.motorola.launcher3/com.android.launcher3.CustomizationPanelLauncher#0 (0xb1ced000): 0:34)- (com.motorola.launcher3/com.android.launcher3.CustomizationPanelLauncher#1 (0xb1e17000): 0:54)- (Splash Screen com.dji.FPVDemo#0 (0xb1787000): 0:20)- (com.dji.FPVDemo/com.dji.FPVDemo.ConnectionActivity#0 (0xb17e3000): 0:5) (Toast#0 (0xb170f000): 0:39)- (Toast#0 (0xb1ced000): 15:19) 
12-03 17:19:00.548  1973  2442 I chatty  : uid=1000(system) Binder:1973_5 expire 1 line
12-03 17:19:00.558  1973  2372 I chatty  : uid=1000(system) Binder:1973_4 expire 2 lines
12-03 17:19:03.453  1973  1973 I chatty  : uid=1000 system_server expire 4 lines
12-03 17:19:03.457  1973  5173 I chatty  : uid=1000(system) Binder:1973_14 expire 10 lines
12-03 17:19:07.797  1973  2022 I chatty  : uid=1000(system) ActivityManager expire 23 lines
12-03 17:19:07.811  1973  2025 I chatty  : uid=1000(system) batterystats-sy expire 15 lines
12-03 17:19:08.799  1973  2036 I chatty  : uid=1000(system) android.fg expire 5 lines
12-03 17:19:28.957   601   818 I SFPerfTracer:      triggers: (rate: 259:7158) (11691071 sw vsyncs) (0 skipped) (0:13775947 vsyncs) (1:26037010)
12-03 17:19:36.363  1973  2255 I chatty  : uid=1000(system) Binder:1973_3 expire 2 lines
12-03 17:19:36.414  1973  2038 I chatty  : uid=1000(system) android.display expire 1 line
12-03 17:20:01.571  1142  1142 W wificond: Failed to get NL80211_ATTR_STATUS_CODE
12-03 17:20:01.580  1142  1142 E wificond: Failed to get NL80211_STA_INFO_TX_PACKETS
12-03 17:20:58.201  1973  2598 I chatty  : uid=1000(system) Binder:1973_A expire 4 lines
12-03 17:20:58.472   601   601 I SFPerfTracer:      triggers: (rate: 4083:1027613) (compose: 0:3) (post: 0:114) (render: 0:118) (0:5215623 frames) (1:5536319)
12-03 17:20:58.473   601   601 D SFPerfTracer:        layers: (6:17) (StatusBar#0 (0xb1ce8000): 1:310927) (RoundedOverlay#0 (0xb1ceb000): 0:10435) (RoundedOverlay#1 (0xb1c37000): 0:11395) (com.android.systemui.ImageWallpaper#0 (0xb1c3a000): 0:8388)* (DimLayerController/Stack=0#0 (0xb1e1b000): 0:8297)* (Sprite#0 (0xb1e3e000): 0:4669)* (DockedStackDim#0 (0xb1e75000): 0:19)* (animation background stackId=1#0 (0xb1e45000): 0:290)* (#0 (0xb1ce6000): 0:9438)* (#1 (0xb1c08000): 0:717) (#2 (0xb1c7c000): 0:475)* (#3 (0xb1e27000): 0:1729)* (NavigationBar#0 (0xb1e05000): 0:440) (#4 (0xb1e34000): 0:81)* (InputMethod#0 (0xb1e1e000): 0:611)* (com.dji.FPVDemo/com.dji.FPVDemo.ConnectionActivity#0 (0xb17e3000): 0:5) (Toast#0 (0xb1ced000): 0:34)- 
12-03 17:21:18.414   601   818 I SFPerfTracer:      triggers: (rate: 259:7158) (11691071 sw vsyncs) (0 skipped) (0:13775969 vsyncs) (1:26037111)
12-03 17:21:24.191  1973  4792 I chatty  : uid=1000(system) Binder:1973_11 expire 1 line
12-03 17:21:24.192  1973  2328 I chatty  : uid=1000(system) ConnectivitySer expire 1 line
12-03 17:22:25.317  1973  5590 I chatty  : uid=1000(system) Binder:1973_16 expire 1 line
12-03 17:22:41.320   601   601 I SFPerfTracer:      triggers: (rate: 4083:1027617) (compose: 0:3) (post: 0:114) (render: 0:118) (1:5215644 frames) (2:5536419)
12-03 17:22:41.320   601   601 D SFPerfTracer:        layers: (6:17) (StatusBar#0 (0xb1ce8000): 0:310982) (RoundedOverlay#0 (0xb1ceb000): 0:10435) (RoundedOverlay#1 (0xb1c37000): 0:11395) (com.android.systemui.ImageWallpaper#0 (0xb1c3a000): 0:8388)* (DimLayerController/Stack=0#0 (0xb1e1b000): 0:8297)* (Sprite#0 (0xb1e3e000): 0:4669)* (DockedStackDim#0 (0xb1e75000): 0:19)* (animation background stackId=1#0 (0xb1e45000): 0:290)* (#0 (0xb1ce6000): 0:9438)* (#1 (0xb1c08000): 0:717) (#2 (0xb1c7c000): 0:475)* (#3 (0xb1e27000): 1:1736)* (NavigationBar#0 (0xb1e05000): 0:440) (#4 (0xb1e34000): 0:81)* (InputMethod#0 (0xb1e1e000): 0:611)* (com.dji.FPVDemo/com.dji.FPVDemo.ConnectionActivity#0 (0xb17e3000): 0:5) (VolumeDialogImpl#0 (0xb1ced000): 2:2)* 
12-03 17:22:44.198   601   818 I SFPerfTracer:      triggers: (rate: 259:7158) (11691071 sw vsyncs) (0 skipped) (0:13776000 vsyncs) (2:26037212)
12-03 17:23:02.014  1973  1993 I chatty  : uid=1000(system) Binder:1973_1 expire 6 lines
12-03 17:23:02.273  1973  2022 I chatty  : uid=1000(system) ActivityManager expire 1 line
12-03 17:23:02.367  1973  2180 I chatty  : uid=1000(system) UEventObserver expire 1 line
12-03 17:23:02.368  1973  2036 I chatty  : uid=1000(system) android.fg expire 2 lines
12-03 17:23:03.548  1973  2180 I chatty  : uid=1000(system) UEventObserver expire 1 line
12-03 17:23:03.586   601   601 I SFPerfTracer:      triggers: (rate: 4083:1027623) (compose: 0:3) (post: 0:114) (render: 0:118) (6:5215691 frames) (7:5536521)
12-03 17:23:03.587   601   601 D SFPerfTracer:        layers: (6:17) (StatusBar#0 (0xb1ce8000): 2:311011) (RoundedOverlay#0 (0xb1ceb000): 0:10435) (RoundedOverlay#1 (0xb1c37000): 0:11395) (com.android.systemui.ImageWallpaper#0 (0xb1c3a000): 0:8388)* (DimLayerController/Stack=0#0 (0xb1e1b000): 0:8297)* (Sprite#0 (0xb1e3e000): 0:4669)* (DockedStackDim#0 (0xb1e75000): 0:19)* (animation background stackId=1#0 (0xb1e45000): 0:290)* (#0 (0xb1ce6000): 0:9438)* (#1 (0xb1c08000): 0:717) (#2 (0xb1c7c000): 0:475)* (#3 (0xb1e27000): 5:1748)* (NavigationBar#0 (0xb1e05000): 0:440) (#4 (0xb1e34000): 0:81)* (InputMethod#0 (0xb1e1e000): 0:611)* (com.dji.FPVDemo/com.dji.FPVDemo.ConnectionActivity#0 (0xb17e3000): 1:7) (VolumeDialogImpl#0 (0xb1ced000): 0:23)- 
12-03 17:23:06.042  1973  1993 I chatty  : uid=1000(system) Binder:1973_1 expire 6 lines
12-03 17:23:17.081   601   818 I SFPerfTracer:      triggers: (rate: 259:7158) (11691071 sw vsyncs) (0 skipped) (0:13776054 vsyncs) (2:26037314)
12-03 17:23:17.167  1973  2634 I chatty  : uid=1000(system) Binder:1973_D expire 2 lines
12-03 17:23:17.886  1973  2038 I chatty  : uid=1000(system) android.display expire 1 line
12-03 17:23:17.888  1973  2176 I chatty  : uid=1000(system) android.anim expire 1 line
12-03 17:23:19.163   601   601 I SFPerfTracer:      triggers: (rate: 4083:1027634) (compose: 0:3) (post: 0:114) (render: 0:118) (46:5215775 frames) (47:5536635)
12-03 17:23:19.163   601   601 D SFPerfTracer:        layers: (7:22) (StatusBar#0 (0xb1ce8000): 1:311033) (RoundedOverlay#0 (0xb1ceb000): 1:10450) (RoundedOverlay#1 (0xb1c37000): 1:11410) (com.android.systemui.ImageWallpaper#0 (0xb1c3a000): 1:8400)* (DimLayerController/Stack=0#0 (0xb1e1b000): 0:8297)* (Sprite#0 (0xb1e3e000): 0:4669)* (DockedStackDim#0 (0xb1e75000): 0:19)* (animation background stackId=1#0 (0xb1e45000): 0:290)* (#0 (0xb1ce6000): 32:9508) (#1 (0xb1c08000): 1:732)* (#2 (0xb1c7c000): 1:489) (#3 (0xb1e27000): 2:1778)* (NavigationBar#0 (0xb1e05000): 1:457) (#4 (0xb1e34000): 1:93)* (InputMethod#0 (0xb1e1e000): 1:623)* (com.dji.FPVDemo/com.dji.FPVDemo.ConnectionActivity#0 (0xb17e3000): 0:16)- (ScreenshotSurface#0 (0xb1ced000): 0:14)- (com.dji.FPVDemo/com.dji.FPVDemo.MainActivity#0 (0xb1e17000): 33:50) (BlackSurface#0 (0xb1787000): 0:14)- (BlackSurface#0 (0xb170f000): 0:14)- (BlackSurface#0 (0xb1798000): 0:14)- (BlackSurface#0 (0xb179a000): 0:14)- 
12-03 17:23:19.420   601   818 I SFPerfTracer:      triggers: (rate: 259:7158) (11691071 sw vsyncs) (0 skipped) (17:13776153 vsyncs) (19:26037430)
12-03 17:23:20.177   601   601 I SFPerfTracer:       trigger: frame rate (-36.982%)	(37.811 fps)	(26.448 ms) 	(18 drops)	(36 frames)
12-03 17:23:20.177   601   601 I SFPerfTracer:      triggers: (rate: 4084:1027652) (compose: 0:3) (post: 0:114) (render: 0:118) (36:5215811 frames) (37:5536672)
12-03 17:23:20.177   601   601 D SFPerfTracer:        layers: (6:16) (StatusBar#0 (0xb1ce8000): 0:311033) (RoundedOverlay#0 (0xb1ceb000): 0:10450) (RoundedOverlay#1 (0xb1c37000): 0:11410) (com.android.systemui.ImageWallpaper#0 (0xb1c3a000): 0:8400)* (DimLayerController/Stack=0#0 (0xb1e1b000): 0:8297)* (Sprite#0 (0xb1e3e000): 0:4669)* (DockedStackDim#0 (0xb1e75000): 0:19)* (animation background stackId=1#0 (0xb1e45000): 0:290)* (#0 (0xb1ce6000): 1:9509)* (#1 (0xb1c08000): 1:733) (#2 (0xb1c7c000): 1:490)* (#3 (0xb1e27000): 1:1779)* (NavigationBar#0 (0xb1e05000): 0:457) (#4 (0xb1e34000): 0:93)* (InputMethod#0 (0xb1e1e000): 0:623)* (com.dji.FPVDemo/com.dji.FPVDemo.MainActivity#0 (0xb1e17000): 37:87) 
12-03 17:23:22.501   601   601 I SFPerfTracer:       trigger: frame rate (-49.387%)	(30.368 fps)	(32.929 ms) 	(48 drops)	(68 frames)
12-03 17:23:22.501   601   601 I SFPerfTracer:      triggers: (rate: 4085:1027700) (compose: 0:3) (post: 0:114) (render: 0:118) (68:5215879 frames) (69:5536741)
12-03 17:23:22.501   601   601 D SFPerfTracer:        layers: (6:16) (StatusBar#0 (0xb1ce8000): 1:311034) (RoundedOverlay#0 (0xb1ceb000): 0:10450) (RoundedOverlay#1 (0xb1c37000): 0:11410) (com.android.systemui.ImageWallpaper#0 (0xb1c3a000): 0:8400)* (DimLayerController/Stack=0#0 (0xb1e1b000): 0:8297)* (Sprite#0 (0xb1e3e000): 0:4669)* (DockedStackDim#0 (0xb1e75000): 0:19)* (animation background stackId=1#0 (0xb1e45000): 0:290)* (#0 (0xb1ce6000): 0:9509)* (#1 (0xb1c08000): 0:733) (#2 (0xb1c7c000): 0:490)* (#3 (0xb1e27000): 0:1779)* (NavigationBar#0 (0xb1e05000): 0:457) (#4 (0xb1e34000): 0:93)* (InputMethod#0 (0xb1e1e000): 0:623)* (com.dji.FPVDemo/com.dji.FPVDemo.MainActivity#0 (0xb1e17000): 68:155) 
12-03 17:23:22.829   601   818 I SFPerfTracer:      triggers: (rate: 259:7158) (11691071 sw vsyncs) (0 skipped) (0:13776154 vsyncs) (2:26037531)
12-03 17:23:26.154   601   818 I SFPerfTracer:      triggers: (rate: 259:7158) (11691071 sw vsyncs) (0 skipped) (0:13776155 vsyncs) (1:26037632)
12-03 17:23:29.480   601   818 I SFPerfTracer:      triggers: (rate: 259:7158) (11691071 sw vsyncs) (0 skipped) (0:13776155 vsyncs) (1:26037733)
12-03 17:23:32.860   601   601 I SFPerfTracer:       trigger: frame rate (-49.557%)	(30.266 fps)	(33.041 ms) 	(236 drops)	(311 frames)
12-03 17:23:32.860   601   601 I SFPerfTracer:      triggers: (rate: 4086:1027936) (compose: 0:3) (post: 0:114) (render: 0:118) (311:5216190 frames) (312:5537053)
12-03 17:23:32.860   601   601 D SFPerfTracer:        layers: (6:16) (StatusBar#0 (0xb1ce8000): 3:311037) (RoundedOverlay#0 (0xb1ceb000): 0:10450) (RoundedOverlay#1 (0xb1c37000): 0:11410) (com.android.systemui.ImageWallpaper#0 (0xb1c3a000): 0:8400)* (DimLayerController/Stack=0#0 (0xb1e1b000): 0:8297)* (Sprite#0 (0xb1e3e000): 0:4669)* (DockedStackDim#0 (0xb1e75000): 0:19)* (animation background stackId=1#0 (0xb1e45000): 0:290)* (#0 (0xb1ce6000): 0:9509)* (#1 (0xb1c08000): 0:733) (#2 (0xb1c7c000): 0:490)* (#3 (0xb1e27000): 0:1779)* (NavigationBar#0 (0xb1e05000): 0:457) (#4 (0xb1e34000): 0:93)* (InputMethod#0 (0xb1e1e000): 0:623)* (com.dji.FPVDemo/com.dji.FPVDemo.MainActivity#0 (0xb1e17000): 310:465) 
12-03 17:23:32.955   601   818 I SFPerfTracer:      triggers: (rate: 259:7158) (11691071 sw vsyncs) (0 skipped) (0:13776155 vsyncs) (2:26037835)
12-03 17:23:36.246   601   818 I SFPerfTracer:      triggers: (rate: 259:7158) (11691071 sw vsyncs) (0 skipped) (0:13776156 vsyncs) (1:26037936)
12-03 17:23:39.571   601   818 I SFPerfTracer:      triggers: (rate: 259:7158) (11691071 sw vsyncs) (0 skipped) (0:13776156 vsyncs) (1:26038037)
12-03 17:23:42.918   601   601 I SFPerfTracer:       trigger: frame rate (-49.374%)	(30.376 fps)	(32.921 ms) 	(217 drops)	(303 frames)
12-03 17:23:42.918   601   601 I SFPerfTracer:      triggers: (rate: 4087:1028153) (compose: 0:3) (post: 0:114) (render: 0:118) (303:5216493 frames) (304:5537357)
12-03 17:23:42.918   601   601 D SFPerfTracer:        layers: (6:16) (StatusBar#0 (0xb1ce8000): 4:311041) (RoundedOverlay#0 (0xb1ceb000): 0:10450) (RoundedOverlay#1 (0xb1c37000): 0:11410) (com.android.systemui.ImageWallpaper#0 (0xb1c3a000): 0:8400)* (DimLayerController/Stack=0#0 (0xb1e1b000): 0:8297)* (Sprite#0 (0xb1e3e000): 0:4669)* (DockedStackDim#0 (0xb1e75000): 0:19)* (animation background stackId=1#0 (0xb1e45000): 0:290)* (#0 (0xb1ce6000): 0:9509)* (#1 (0xb1c08000): 0:733) (#2 (0xb1c7c000): 0:490)* (#3 (0xb1e27000): 0:1779)* (NavigationBar#0 (0xb1e05000): 0:457) (#4 (0xb1e34000): 0:93)* (InputMethod#0 (0xb1e1e000): 0:623)* (com.dji.FPVDemo/com.dji.FPVDemo.MainActivity#0 (0xb1e17000): 301:766) 
12-03 17:23:43.047   601   818 I SFPerfTracer:      triggers: (rate: 259:7158) (11691071 sw vsyncs) (0 skipped) (0:13776156 vsyncs) (2:26038138)
12-03 17:23:46.305   601   818 I SFPerfTracer:      triggers: (rate: 259:7158) (11691071 sw vsyncs) (0 skipped) (0:13776158 vsyncs) (1:26038239)
12-03 17:23:49.647   601   818 I SFPerfTracer:      triggers: (rate: 259:7158) (11691071 sw vsyncs) (0 skipped) (0:13776159 vsyncs) (1:26038340)
12-03 17:23:52.989   601   818 I SFPerfTracer:      triggers: (rate: 259:7158) (11691071 sw vsyncs) (0 skipped) (0:13776160 vsyncs) (1:26038441)
12-03 17:23:53.095   601   601 I SFPerfTracer:       trigger: frame rate (-49.470%)	(30.318 fps)	(32.983 ms) 	(214 drops)	(306 frames)
12-03 17:23:53.095   601   601 I SFPerfTracer:      triggers: (rate: 4088:1028367) (compose: 0:3) (post: 0:114) (render: 0:118) (306:5216799 frames) (307:5537664)
12-03 17:23:53.095   601   601 D SFPerfTracer:        layers: (6:16) (StatusBar#0 (0xb1ce8000): 3:311044) (RoundedOverlay#0 (0xb1ceb000): 0:10450) (RoundedOverlay#1 (0xb1c37000): 0:11410) (com.android.systemui.ImageWallpaper#0 (0xb1c3a000): 0:8400)* (DimLayerController/Stack=0#0 (0xb1e1b000): 0:8297)* (Sprite#0 (0xb1e3e000): 0:4669)* (DockedStackDim#0 (0xb1e75000): 0:19)* (animation background stackId=1#0 (0xb1e45000): 0:290)* (#0 (0xb1ce6000): 0:9509)* (#1 (0xb1c08000): 0:733) (#2 (0xb1c7c000): 0:490)* (#3 (0xb1e27000): 0:1779)* (NavigationBar#0 (0xb1e05000): 0:457) (#4 (0xb1e34000): 0:93)* (InputMethod#0 (0xb1e1e000): 0:623)* (com.dji.FPVDemo/com.dji.FPVDemo.MainActivity#0 (0xb1e17000): 303:1069) 
12-03 17:23:56.380   601   818 I SFPerfTracer:      triggers: (rate: 259:7158) (11691071 sw vsyncs) (0 skipped) (0:13776160 vsyncs) (1:26038542)
12-03 17:23:57.624   601   601 I SFPerfTracer:       trigger: frame rate (-49.385%)	(30.369 fps)	(32.929 ms) 	(94 drops)	(135 frames)
12-03 17:23:57.624   601   601 I SFPerfTracer:      triggers: (rate: 4089:1028461) (compose: 0:3) (post: 0:114) (render: 0:118) (135:5216934 frames) (136:5537800)
12-03 17:23:57.624   601   601 D SFPerfTracer:        layers: (6:16) (StatusBar#0 (0xb1ce8000): 0:311044) (RoundedOverlay#0 (0xb1ceb000): 0:10450) (RoundedOverlay#1 (0xb1c37000): 0:11410) (com.android.systemui.ImageWallpaper#0 (0xb1c3a000): 0:8400)* (DimLayerController/Stack=0#0 (0xb1e1b000): 0:8297)* (Sprite#0 (0xb1e3e000): 0:4669)* (DockedStackDim#0 (0xb1e75000): 0:19)* (animation background stackId=1#0 (0xb1e45000): 0:290)* (#0 (0xb1ce6000): 0:9509)* (#1 (0xb1c08000): 0:733) (#2 (0xb1c7c000): 0:490)* (#3 (0xb1e27000): 0:1779)* (NavigationBar#0 (0xb1e05000): 0:457) (#4 (0xb1e34000): 0:93)* (InputMethod#0 (0xb1e1e000): 0:623)* (com.dji.FPVDemo/com.dji.FPVDemo.MainActivity#0 (0xb1e17000): 135:1204) 
12-03 17:23:59.856   601   818 I SFPerfTracer:      triggers: (rate: 259:7158) (11691071 sw vsyncs) (0 skipped) (0:13776160 vsyncs) (1:26038643)
12-03 17:24:03.081   601   818 I SFPerfTracer:      triggers: (rate: 259:7158) (11691071 sw vsyncs) (0 skipped) (0:13776164 vsyncs) (1:26038744)
12-03 17:24:03.562  1973  2180 I chatty  : uid=1000(system) UEventObserver expire 1 line
12-03 17:24:03.839   601   601 I SFPerfTracer:       trigger: frame rate (-48.457%)	(30.926 fps)	(32.335 ms) 	(118 drops)	(186 frames)
12-03 17:24:03.839   601   601 I SFPerfTracer:      triggers: (rate: 4090:1028579) (compose: 0:3) (post: 0:114) (render: 0:118) (186:5217120 frames) (187:5537988)
12-03 17:24:03.839   601   601 D SFPerfTracer:        layers: (6:16) (StatusBar#0 (0xb1ce8000): 8:311052) (RoundedOverlay#0 (0xb1ceb000): 0:10450) (RoundedOverlay#1 (0xb1c37000): 0:11410) (com.android.systemui.ImageWallpaper#0 (0xb1c3a000): 0:8400)* (DimLayerController/Stack=0#0 (0xb1e1b000): 0:8297)* (Sprite#0 (0xb1e3e000): 0:4669)* (DockedStackDim#0 (0xb1e75000): 0:19)* (animation background stackId=1#0 (0xb1e45000): 0:290)* (#0 (0xb1ce6000): 0:9509)* (#1 (0xb1c08000): 0:733) (#2 (0xb1c7c000): 0:490)* (#3 (0xb1e27000): 0:1779)* (NavigationBar#0 (0xb1e05000): 0:457) (#4 (0xb1e34000): 0:93)* (InputMethod#0 (0xb1e1e000): 0:623)* (com.dji.FPVDemo/com.dji.FPVDemo.MainActivity#0 (0xb1e17000): 183:1387) 
12-03 17:24:06.439   601   818 I SFPerfTracer:      triggers: (rate: 259:7158) (11691071 sw vsyncs) (0 skipped) (0:13776165 vsyncs) (1:26038845)
12-03 17:24:08.350   601   601 I SFPerfTracer:       trigger: frame rate (-49.185%)	(30.489 fps)	(32.799 ms) 	(91 drops)	(135 frames)
12-03 17:24:08.350   601   601 I SFPerfTracer:      triggers: (rate: 4091:1028670) (compose: 0:3) (post: 0:114) (render: 0:118) (135:5217255 frames) (136:5538124)
12-03 17:24:08.350   601   601 D SFPerfTracer:        layers: (6:16) (StatusBar#0 (0xb1ce8000): 0:311052) (RoundedOverlay#0 (0xb1ceb000): 0:10450) (RoundedOverlay#1 (0xb1c37000): 0:11410) (com.android.systemui.ImageWallpaper#0 (0xb1c3a000): 0:8400)* (DimLayerController/Stack=0#0 (0xb1e1b000): 0:8297)* (Sprite#0 (0xb1e3e000): 0:4669)* (DockedStackDim#0 (0xb1e75000): 0:19)* (animation background stackId=1#0 (0xb1e45000): 0:290)* (#0 (0xb1ce6000): 0:9509)* (#1 (0xb1c08000): 0:733) (#2 (0xb1c7c000): 0:490)* (#3 (0xb1e27000): 0:1779)* (NavigationBar#0 (0xb1e05000): 0:457) (#4 (0xb1e34000): 0:93)* (InputMethod#0 (0xb1e1e000): 0:623)* (com.dji.FPVDemo/com.dji.FPVDemo.MainActivity#0 (0xb1e17000): 135:1522) 
12-03 17:24:08.749   601   601 I SFPerfTracer:       trigger: frame rate (-45.166%)	(32.901 fps)	(30.395 ms) 	(8 drops)	(11 frames)
12-03 17:24:08.749   601   601 I SFPerfTracer:      triggers: (rate: 4092:1028678) (compose: 0:3) (post: 0:114) (render: 0:118) (11:5217266 frames) (12:5538136)
12-03 17:24:08.749   601   601 D SFPerfTracer:        layers: (6:16) (StatusBar#0 (0xb1ce8000): 0:311052) (RoundedOverlay#0 (0xb1ceb000): 0:10450) (RoundedOverlay#1 (0xb1c37000): 0:11410) (com.android.systemui.ImageWallpaper#0 (0xb1c3a000): 0:8400)* (DimLayerController/Stack=0#0 (0xb1e1b000): 0:8297)* (Sprite#0 (0xb1e3e000): 0:4669)* (DockedStackDim#0 (0xb1e75000): 0:19)* (animation background stackId=1#0 (0xb1e45000): 0:290)* (#0 (0xb1ce6000): 0:9509)* (#1 (0xb1c08000): 0:733) (#2 (0xb1c7c000): 0:490)* (#3 (0xb1e27000): 0:1779)* (NavigationBar#0 (0xb1e05000): 0:457) (#4 (0xb1e34000): 0:93)* (InputMethod#0 (0xb1e1e000): 0:623)* (com.dji.FPVDemo/com.dji.FPVDemo.MainActivity#0 (0xb1e17000): 12:1534) 
12-03 17:24:09.347   601   818 I SFPerfTracer:      triggers: (rate: 259:7158) (11691071 sw vsyncs) (0 skipped) (0:13776193 vsyncs) (1:26038946)
12-03 17:24:11.442   601   601 I SFPerfTracer:       trigger: frame rate (-41.185%)	(35.289 fps)	(28.337 ms) 	(45 drops)	(92 frames)
12-03 17:24:11.442   601   601 I SFPerfTracer:      triggers: (rate: 4093:1028723) (compose: 0:3) (post: 0:114) (render: 0:118) (92:5217358 frames) (93:5538229)
12-03 17:24:11.443   601   601 D SFPerfTracer:        layers: (6:16) (StatusBar#0 (0xb1ce8000): 0:311052) (RoundedOverlay#0 (0xb1ceb000): 0:10450) (RoundedOverlay#1 (0xb1c37000): 0:11410) (com.android.systemui.ImageWallpaper#0 (0xb1c3a000): 0:8400)* (DimLayerController/Stack=0#0 (0xb1e1b000): 0:8297)* (Sprite#0 (0xb1e3e000): 0:4669)* (DockedStackDim#0 (0xb1e75000): 0:19)* (animation background stackId=1#0 (0xb1e45000): 0:290)* (#0 (0xb1ce6000): 0:9509)* (#1 (0xb1c08000): 0:733) (#2 (0xb1c7c000): 0:490)* (#3 (0xb1e27000): 0:1779)* (NavigationBar#0 (0xb1e05000): 0:457) (#4 (0xb1e34000): 0:93)* (InputMethod#0 (0xb1e1e000): 0:623)* (com.dji.FPVDemo/com.dji.FPVDemo.MainActivity#0 (0xb1e17000): 93:1627) 
12-03 17:24:12.839   601   818 I SFPerfTracer:      triggers: (rate: 259:7158) (11691071 sw vsyncs) (0 skipped) (31:13776228 vsyncs) (33:26039067)
12-03 17:24:15.017   601   601 I SFPerfTracer:       trigger: frame rate (-28.113%)	(43.132 fps)	(23.184 ms) 	(41 drops)	(147 frames)
12-03 17:24:15.017   601   601 I SFPerfTracer:      triggers: (rate: 4094:1028764) (compose: 0:3) (post: 0:114) (render: 0:118) (147:5217505 frames) (148:5538378)
12-03 17:24:15.018   601   601 D SFPerfTracer:        layers: (6:16) (StatusBar#0 (0xb1ce8000): 1:311053) (RoundedOverlay#0 (0xb1ceb000): 0:10450) (RoundedOverlay#1 (0xb1c37000): 0:11410) (com.android.systemui.ImageWallpaper#0 (0xb1c3a000): 0:8400)* (DimLayerController/Stack=0#0 (0xb1e1b000): 0:8297)* (Sprite#0 (0xb1e3e000): 0:4669)* (DockedStackDim#0 (0xb1e75000): 0:19)* (animation background stackId=1#0 (0xb1e45000): 0:290)* (#0 (0xb1ce6000): 0:9509)* (#1 (0xb1c08000): 0:733) (#2 (0xb1c7c000): 0:490)* (#3 (0xb1e27000): 2:1781)* (NavigationBar#0 (0xb1e05000): 0:457) (#4 (0xb1e34000): 0:93)* (InputMethod#0 (0xb1e1e000): 0:623)* (com.dji.FPVDemo/com.dji.FPVDemo.MainActivity#0 (0xb1e17000): 147:1774) 
12-03 17:24:15.412   601   818 I SFPerfTracer:      triggers: (rate: 259:7158) (11691071 sw vsyncs) (0 skipped) (19:13776306 vsyncs) (21:26039183)
12-03 17:24:18.202   601   818 I SFPerfTracer:      triggers: (rate: 259:7158) (11691071 sw vsyncs) (0 skipped) (0:13776337 vsyncs) (1:26039284)
12-03 17:24:21.577   601   818 I SFPerfTracer:      triggers: (rate: 259:7158) (11691071 sw vsyncs) (0 skipped) (0:13776337 vsyncs) (1:26039385)
12-03 17:24:21.899   601   601 I SFPerfTracer:       trigger: frame rate (-43.528%)	(33.883 fps)	(29.513 ms) 	(122 drops)	(231 frames)
12-03 17:24:21.899   601   601 I SFPerfTracer:      triggers: (rate: 4095:1028886) (compose: 0:3) (post: 0:114) (render: 0:118) (231:5217736 frames) (232:5538610)
12-03 17:24:21.899   601   601 D SFPerfTracer:        layers: (6:16) (StatusBar#0 (0xb1ce8000): 1:311054) (RoundedOverlay#0 (0xb1ceb000): 0:10450) (RoundedOverlay#1 (0xb1c37000): 0:11410) (com.android.systemui.ImageWallpaper#0 (0xb1c3a000): 0:8400)* (DimLayerController/Stack=0#0 (0xb1e1b000): 0:8297)* (Sprite#0 (0xb1e3e000): 0:4669)* (DockedStackDim#0 (0xb1e75000): 0:19)* (animation background stackId=1#0 (0xb1e45000): 0:290)* (#0 (0xb1ce6000): 0:9509)* (#1 (0xb1c08000): 0:733) (#2 (0xb1c7c000): 0:490)* (#3 (0xb1e27000): 0:1781)* (NavigationBar#0 (0xb1e05000): 0:457) (#4 (0xb1e34000): 0:93)* (InputMethod#0 (0xb1e1e000): 0:623)* (com.dji.FPVDemo/com.dji.FPVDemo.MainActivity#0 (0xb1e17000): 231:2005) 
12-03 17:24:24.902   601   818 I SFPerfTracer:      triggers: (rate: 259:7158) (11691071 sw vsyncs) (0 skipped) (0:13776338 vsyncs) (1:26039486)
12-03 17:24:25.477   601   601 I SFPerfTracer:       trigger: frame rate (-49.403%)	(30.358 fps)	(32.940 ms) 	(79 drops)	(106 frames)
12-03 17:24:25.477   601   601 I SFPerfTracer:      triggers: (rate: 4096:1028965) (compose: 0:3) (post: 0:114) (render: 0:118) (106:5217842 frames) (107:5538717)
12-03 17:24:25.477   601   601 D SFPerfTracer:        layers: (6:16) (StatusBar#0 (0xb1ce8000): 1:311055) (RoundedOverlay#0 (0xb1ceb000): 0:10450) (RoundedOverlay#1 (0xb1c37000): 0:11410) (com.android.systemui.ImageWallpaper#0 (0xb1c3a000): 0:8400)* (DimLayerController/Stack=0#0 (0xb1e1b000): 0:8297)* (Sprite#0 (0xb1e3e000): 0:4669)* (DockedStackDim#0 (0xb1e75000): 0:19)* (animation background stackId=1#0 (0xb1e45000): 0:290)* (#0 (0xb1ce6000): 0:9509)* (#1 (0xb1c08000): 0:733) (#2 (0xb1c7c000): 0:490)* (#3 (0xb1e27000): 0:1781)* (NavigationBar#0 (0xb1e05000): 0:457) (#4 (0xb1e34000): 0:93)* (InputMethod#0 (0xb1e1e000): 0:623)* (com.dji.FPVDemo/com.dji.FPVDemo.MainActivity#0 (0xb1e17000): 107:2112) 
12-03 17:24:28.227   601   818 I SFPerfTracer:      triggers: (rate: 259:7158) (11691071 sw vsyncs) (0 skipped) (0:13776340 vsyncs) (1:26039587)
12-03 17:24:28.535   601   601 I SFPerfTracer:       trigger: frame rate (-49.002%)	(30.599 fps)	(32.681 ms) 	(63 drops)	(91 frames)
12-03 17:24:28.535   601   601 I SFPerfTracer:      triggers: (rate: 4097:1029028) (compose: 0:3) (post: 0:114) (render: 0:118) (91:5217933 frames) (92:5538809)
12-03 17:24:28.535   601   601 D SFPerfTracer:        layers: (6:16) (StatusBar#0 (0xb1ce8000): 2:311057) (RoundedOverlay#0 (0xb1ceb000): 0:10450) (RoundedOverlay#1 (0xb1c37000): 0:11410) (com.android.systemui.ImageWallpaper#0 (0xb1c3a000): 0:8400)* (DimLayerController/Stack=0#0 (0xb1e1b000): 0:8297)* (Sprite#0 (0xb1e3e000): 0:4669)* (DockedStackDim#0 (0xb1e75000): 0:19)* (animation background stackId=1#0 (0xb1e45000): 0:290)* (#0 (0xb1ce6000): 0:9509)* (#1 (0xb1c08000): 0:733) (#2 (0xb1c7c000): 0:490)* (#3 (0xb1e27000): 0:1781)* (NavigationBar#0 (0xb1e05000): 0:457) (#4 (0xb1e34000): 0:93)* (InputMethod#0 (0xb1e1e000): 0:623)* (com.dji.FPVDemo/com.dji.FPVDemo.MainActivity#0 (0xb1e17000): 92:2204) 
12-03 17:24:31.543   601   601 I SFPerfTracer:       trigger: frame rate (-46.503%)	(32.098 fps)	(31.154 ms) 	(55 drops)	(96 frames)
12-03 17:24:31.543   601   601 I SFPerfTracer:      triggers: (rate: 4098:1029083) (compose: 0:3) (post: 0:114) (render: 0:118) (96:5218029 frames) (97:5538906)
12-03 17:24:31.544   601   601 D SFPerfTracer:        layers: (6:16) (StatusBar#0 (0xb1ce8000): 1:311058) (RoundedOverlay#0 (0xb1ceb000): 0:10450) (RoundedOverlay#1 (0xb1c37000): 0:11410) (com.android.systemui.ImageWallpaper#0 (0xb1c3a000): 0:8400)* (DimLayerController/Stack=0#0 (0xb1e1b000): 0:8297)* (Sprite#0 (0xb1e3e000): 0:4669)* (DockedStackDim#0 (0xb1e75000): 0:19)* (animation background stackId=1#0 (0xb1e45000): 0:290)* (#0 (0xb1ce6000): 0:9509)* (#1 (0xb1c08000): 0:733) (#2 (0xb1c7c000): 0:490)* (#3 (0xb1e27000): 0:1781)* (NavigationBar#0 (0xb1e05000): 5:462) (#4 (0xb1e34000): 0:93)* (InputMethod#0 (0xb1e1e000): 0:623)* (com.dji.FPVDemo/com.dji.FPVDemo.MainActivity#0 (0xb1e17000): 92:2296) 
12-03 17:24:31.553  1973  2634 I chatty  : uid=1000(system) Binder:1973_D expire 4 lines
12-03 17:24:31.686   601   818 I SFPerfTracer:      triggers: (rate: 259:7158) (11691071 sw vsyncs) (0 skipped) (13:13776354 vsyncs) (15:26039699)
12-03 17:24:31.952  1973  2038 I chatty  : uid=1000(system) android.display expire 1 line
12-03 17:24:31.991  1973  2176 I chatty  : uid=1000(system) android.anim expire 1 line
12-03 17:24:32.799  1973  5590 I chatty  : uid=1000(system) Binder:1973_16 expire 2 lines
12-03 17:24:32.805  1973  2634 I chatty  : uid=1000(system) Binder:1973_D expire 1 line
12-03 17:24:32.818  1973  2634 I ActivityManager: moveHomeStack, setupComplete:true
12-03 17:24:32.884  1973  2598 I WindowManager: WIN DEATH: Window{69ce8f4 u0 com.dji.FPVDemo/com.dji.FPVDemo.MainActivity}
12-03 17:24:32.888  1973  8320 I WindowManager: WIN DEATH: Window{f388447 u0 com.dji.FPVDemo/com.dji.FPVDemo.ConnectionActivity}
12-03 17:24:32.900  1973  2038 W ActivityManager: setHasOverlayUi called on unknown pid: 32752
12-03 17:24:32.903  1973  2428 W ContextImpl: Calling a method in the system process without a qualified user: android.app.ContextImpl.sendBroadcast:968 com.android.server.location.GnssLocationProvider.reportStatus:1828 <bottom of call stack> <bottom of call stack> <bottom of call stack> 
12-03 17:24:32.944  1973  2038 I LaunchCheckinHandler: Displayed com.motorola.launcher3/com.android.launcher3.CustomizationPanelLauncher,wp,wa,139
12-03 17:24:33.422  1973 10426 D BluetoothManagerService: Registered for death of com.google.android.gms
12-03 17:24:33.422  1973 10426 D BluetoothManagerService: 1 registered Ble Apps
12-03 17:24:33.423  1973 10426 D BluetoothManagerService: enable(com.google.android.gms):  mBluetooth =null mBinding = false mState = OFF
12-03 17:24:33.423  1973 10426 D BluetoothManagerService: enable returning
12-03 17:24:33.423  1973  2037 D BluetoothManagerService: MESSAGE_ENABLE(0): mBluetooth = null
12-03 17:24:33.442  1973  2037 I ActivityManager: Start proc 1794:com.android.bluetooth/1002 for service com.android.bluetooth/.btservice.AdapterService
12-03 17:24:33.568  1973  1973 D BluetoothManagerService: Bluetooth Adapter name changed to moto g(6) play
12-03 17:24:33.568  1973  1973 D BluetoothManagerService: Stored Bluetooth name: moto g(6) play
12-03 17:24:33.582   601   601 I SFPerfTracer:      triggers: (rate: 4098:1029085) (compose: 0:3) (post: 0:114) (render: 0:118) (16:5218109 frames) (17:5539014)
12-03 17:24:33.582   601   601 D SFPerfTracer:        layers: (8:24) (StatusBar#0 (0xb1ce8000): 0:311076) (RoundedOverlay#0 (0xb1ceb000): 0:10465) (RoundedOverlay#1 (0xb1c37000): 0:11426) (com.android.systemui.ImageWallpaper#0 (0xb1c3a000): 0:8415) (DimLayerController/Stack=0#0 (0xb1e1b000): 0:8297)* (Sprite#0 (0xb1e3e000): 0:4669)* (DockedStackDim#0 (0xb1e75000): 0:19)* (animation background stackId=1#0 (0xb1e45000): 0:290)* (#0 (0xb1ce6000): 0:9581) (#1 (0xb1c08000): 0:748)* (#2 (0xb1c7c000): 0:505) (#3 (0xb1e27000): 0:1830)* (NavigationBar#0 (0xb1e05000): 0:485) (#4 (0xb1e34000): 0:105)* (InputMethod#0 (0xb1e1e000): 0:635)* (com.dji.FPVDemo/com.dji.FPVDemo.MainActivity#0 (0xb1e17000): 0:2298)- (ScreenshotSurface#0 (0xb1ced000): 0:15)- (com.android.systemui/com.android.systemui.recents.RecentsActivity#0 (0xb1e17000): 0:43)- (BlackSurface#0 (0xb1787000): 0:14)- (BlackSurface#0 (0xb17e3000): 0:14)- (BlackSurface#0 (0xb170f000): 0:14)- (BlackSurface#0 (0xb1798000): 0:14)- (com.motorola.launcher3/com.android.launcher3.CustomizationPanelLauncher#0
12-03 17:24:33.583  1973  1973 D BluetoothManagerService: BluetoothServiceConnection: com.android.bluetooth.btservice.AdapterService
12-03 17:24:33.583  1973  2037 D BluetoothManagerService: MESSAGE_BLUETOOTH_SERVICE_CONNECTED: 1
12-03 17:24:33.584  1973  2037 D BluetoothManagerService: Broadcasting onBluetoothServiceUp() to 9 receivers.
12-03 17:24:33.586  1973  2037 D BluetoothManagerService: MESSAGE_BLUETOOTH_STATE_CHANGE: OFF > BLE_TURNING_ON
12-03 17:24:33.586  1973  2037 D BluetoothManagerService: Sending BLE State Change: OFF > BLE_TURNING_ON
12-03 17:24:33.770  1973  1973 D BluetoothManagerService: Bluetooth Adapter address changed to D0:04:01:5C:54:95
12-03 17:24:33.770  1973  1973 D BluetoothManagerService: Stored Bluetoothaddress: D0:04:01:5C:54:95
12-03 17:24:33.771  1973  1973 D BluetoothManagerService: Bluetooth Adapter name changed to moto g(6) play
12-03 17:24:33.771  1973  1973 D BluetoothManagerService: Stored Bluetooth name: moto g(6) play
12-03 17:24:33.772  1973  1973 D BluetoothManagerService: Bluetooth Adapter address changed to D0:04:01:5C:54:95
12-03 17:24:33.772  1973  1973 D BluetoothManagerService: Stored Bluetoothaddress: D0:04:01:5C:54:95
12-03 17:24:33.774  1973  2037 D BluetoothManagerService: MESSAGE_BLUETOOTH_STATE_CHANGE: BLE_TURNING_ON > BLE_ON
12-03 17:24:33.774  1973  2037 D BluetoothManagerService: Bluetooth is in LE only mode
12-03 17:24:33.774  1973  2037 D BluetoothManagerService: Binding Bluetooth GATT service
12-03 17:24:33.775  1973  2037 D BluetoothManagerService: Sending BLE State Change: BLE_TURNING_ON > BLE_ON
12-03 17:24:33.776  1973  1973 D BluetoothManagerService: BluetoothServiceConnection: com.android.bluetooth.gatt.GattService
12-03 17:24:33.776  1973  2037 D BluetoothManagerService: MESSAGE_BLUETOOTH_SERVICE_CONNECTED: 2
12-03 17:24:33.776  1973  2037 D BluetoothManagerService: BluetoothGatt Service is Up
12-03 17:24:33.777  1973  2037 D BluetoothManagerService: isBleAppPresent() count: 1
12-03 17:24:34.113  1973  2570 I ActivityManager: START u0 {act=android.intent.action.MAIN cat=[android.intent.category.LAUNCHER] flg=0x10200000 cmp=com.dji.FPVDemo/.ConnectionActivity bnds=[292,696][429,904]} from uid 10038
12-03 17:24:34.144  1973  4792 I ActivityManager: Start proc 1844:com.dji.FPVDemo/u0a180 for activity com.dji.FPVDemo/.ConnectionActivity
12-03 17:24:35.931   601   818 I SFPerfTracer:      triggers: (rate: 259:7158) (11691071 sw vsyncs) (0 skipped) (65:13776511 vsyncs) (67:26039866)
12-03 17:24:36.138  1973  2038 I LaunchCheckinHandler: Displayed com.dji.FPVDemo/.ConnectionActivity,cp,ca,2008
12-03 17:24:39.314  1973  1973 W WindowManager: removeWindowToken: Attempted to remove non-existing token: android.os.Binder@5fdf3c9
12-03 17:24:41.369  1844  1844 W ActivityThread: serviceCreate starts in 3174 ms, CreateServiceData = CreateServiceData{token=android.os.BinderProxy@c6f5b4c className=dji.sdk.sdkmanager.DJIGlobalService packageName=com.dji.FPVDemo intent=null}
12-03 17:24:41.374  1844  1844 W ActivityThread: serviceStart starts in 3179 ms, ServiceArgsData = ServiceArgsData{token=android.os.BinderProxy@c6f5b4c startId=1 args=Intent { cmp=com.dji.FPVDemo/dji.sdk.sdkmanager.DJIGlobalService }}
12-03 17:24:41.395  1973  4792 D BluetoothManagerService: Unregistered for death of com.google.android.gms
12-03 17:24:41.395  1973  4792 D BluetoothManagerService: 0 registered Ble Apps
12-03 17:24:41.400  1973  4792 D BluetoothManagerService: Reseting the mEnable flag for clean disable
12-03 17:24:41.402  1973  4792 D BluetoothManagerService: Move to BT state OFF
12-03 17:24:41.402  1973  4792 D BluetoothManagerService: Calling sendBrEdrDownCallback callbacks
12-03 17:24:41.402  1973  4792 D BluetoothManagerService: isBleAppPresent() count: 0
12-03 17:24:41.405  1973  2037 D BluetoothManagerService: MESSAGE_BLUETOOTH_STATE_CHANGE: BLE_ON > BLE_TURNING_OFF
12-03 17:24:41.405  1973  2037 D BluetoothManagerService: Sending BLE State Change: BLE_ON > BLE_TURNING_OFF
12-03 17:24:41.421  1973 10426 W NotificationService: Toast already killed. pkg=com.dji.FPVDemo callback=android.app.ITransientNotification$Stub$Proxy@8bd2592
12-03 17:24:41.850  1973  2037 D BluetoothManagerService: MESSAGE_BLUETOOTH_STATE_CHANGE: BLE_TURNING_OFF > OFF
12-03 17:24:41.851  1973  2037 D BluetoothManagerService: Bluetooth is complete send Service Down
12-03 17:24:41.851  1973  2037 D BluetoothManagerService: Broadcasting onBluetoothServiceDown() to 10 receivers.
12-03 17:24:41.852  1973  2037 D BluetoothManagerService: unbindAndFinish(): android.bluetooth.IBluetooth$Stub$Proxy@1ce6b34 mBinding = false mUnbinding = false
12-03 17:24:41.860  1973  2037 D BluetoothManagerService: Sending BLE State Change: BLE_TURNING_OFF > OFF
12-03 17:24:41.954  1973 10426 I ActivityManager: Process com.android.bluetooth (pid 1794) has died: fore SVC 
12-03 17:24:45.257  1973  1973 W WindowManager: removeWindowToken: Attempted to remove non-existing token: android.os.Binder@c6e5360
12-03 17:24:45.260  1973  2442 W NotificationService: Toast already killed. pkg=com.dji.FPVDemo callback=android.app.ITransientNotification$Stub$Proxy@955458c
12-03 17:24:45.529   601   601 I SFPerfTracer:      triggers: (rate: 4098:1029089) (compose: 0:3) (post: 0:114) (render: 0:118) (14:5218193 frames) (15:5539121)
12-03 17:24:45.530   601   601 D SFPerfTracer:        layers: (7:21) (StatusBar#0 (0xb1ce8000): 0:311077) (RoundedOverlay#0 (0xb1ceb000): 0:10465) (RoundedOverlay#1 (0xb1c37000): 0:11426) (com.android.systemui.ImageWallpaper#0 (0xb1c3a000): 0:8416)* (DimLayerController/Stack=0#0 (0xb1e1b000): 0:8297)* (Sprite#0 (0xb1e3e000): 0:4669)* (DockedStackDim#0 (0xb1e75000): 0:19)* (animation background stackId=1#0 (0xb1e45000): 0:290)* (#0 (0xb1ce6000): 0:9582)* (#1 (0xb1c08000): 0:749) (#2 (0xb1c7c000): 0:506)* (#3 (0xb1e27000): 15:1927)* (NavigationBar#0 (0xb1e05000): 0:485) (#4 (0xb1e34000): 0:105)* (InputMethod#0 (0xb1e1e000): 0:635)* (com.motorola.launcher3/com.android.launcher3.CustomizationPanelLauncher#0 (0xb1ced000): 0:23)- (com.motorola.launcher3/com.android.launcher3.CustomizationPanelLauncher#1 (0xb1787000): 0:19)- (Splash Screen com.dji.FPVDemo#0 (0xb1e17000): 0:22)- (com.dji.FPVDemo/com.dji.FPVDemo.ConnectionActivity#0 (0xb17e3000): 0:5) (Toast#0 (0xb170f000): 0:36)- (Toast#0 (0xb1ced000): 14:32) 
12-03 17:25:03.722  1973  2180 D BatteryService: uevent={POWER_SUPPLY_VOLTAGE_NOW=3866554, POWER_SUPPLY_CHARGE_RATE=Normal, POWER_SUPPLY_HEALTH=Good, POWER_SUPPLY_CURRENT_NOW=-226744, POWER_SUPPLY_PRESENT=1, SUBSYSTEM=power_supply, POWER_SUPPLY_TEMP=230, SEQNUM=1419682, ACTION=change, POWER_SUPPLY_NAME=battery, POWER_SUPPLY_STATUS=Charging, POWER_SUPPLY_CHARGE_COUNTER=1949443, POWER_SUPPLY_CAPACITY=44, DEVPATH=/devices/soc/qpnp-smbcharger-17/power_supply/battery}
12-03 17:25:10.818  1973 10426 I ActivityManager: START u0 {cmp=com.dji.FPVDemo/.MainActivity} from uid 10180
12-03 17:25:10.852  1973  2598 I ActivityManager: Config changes=480 {1.0 334mcc20mnc [en_US] ldltr sw360dp w672dp h336dp 320dpi nrml long widecg land finger -keyb/v/h -nav/h appBounds=Rect(0, 0 - 1344, 720) s.316 spntelcel gidnull}
12-03 17:25:10.870  1973  2598 I ActivityManager: Override config changes=480 {1.0 334mcc20mnc [en_US] ldltr sw360dp w672dp h336dp 320dpi nrml long widecg land finger -keyb/v/h -nav/h appBounds=Rect(0, 0 - 1344, 720) s.316 spntelcel gidnull} for displayId=0
12-03 17:25:10.881  1973  2598 I WindowManager: Keep hide if surface has never drawn Window{e4a50e8 u0 com.dji.FPVDemo/com.dji.FPVDemo.ConnectionActivity}
12-03 17:25:11.352  1973  2038 I LaunchCheckinHandler: Displayed com.dji.FPVDemo/.MainActivity,wp,ca,519
12-03 17:25:11.356  1973  2176 I WindowManager: Screen frozen for +522ms due to Window{2af25a8 u0 com.dji.FPVDemo/com.dji.FPVDemo.MainActivity}
12-03 17:25:12.505   601   818 I SFPerfTracer:      triggers: (rate: 259:7158) (11691071 sw vsyncs) (0 skipped) (72:13776591 vsyncs) (74:26039990)
12-03 17:25:12.510   601   601 I SFPerfTracer:      triggers: (rate: 4098:1029091) (compose: 0:3) (post: 0:114) (render: 0:118) (44:5218265 frames) (45:5539233)
12-03 17:25:12.510   601   601 D SFPerfTracer:        layers: (7:23) (StatusBar#0 (0xb1ce8000): 1:311103) (RoundedOverlay#0 (0xb1ceb000): 1:10480) (RoundedOverlay#1 (0xb1c37000): 1:11441) (com.android.systemui.ImageWallpaper#0 (0xb1c3a000): 1:8428)* (DimLayerController/Stack=0#0 (0xb1e1b000): 0:8297)* (Sprite#0 (0xb1e3e000): 0:4669)* (DockedStackDim#0 (0xb1e75000): 0:19)* (animation background stackId=1#0 (0xb1e45000): 0:290)* (#0 (0xb1ce6000): 41:9649) (#1 (0xb1c08000): 1:765)* (#2 (0xb1c7c000): 1:521) (#3 (0xb1e27000): 2:1961)* (NavigationBar#0 (0xb1e05000): 1:502) (#4 (0xb1e34000): 1:117)* (InputMethod#0 (0xb1e1e000): 1:647)* (com.dji.FPVDemo/com.dji.FPVDemo.ConnectionActivity#0 (0xb17e3000): 0:15)- (Toast#0 (0xb1ced000): 0:33)- (ScreenshotSurface#0 (0xb1ced000): 0:14)- (com.dji.FPVDemo/com.dji.FPVDemo.MainActivity#0 (0xb1e17000): 7:24) (BlackSurface#0 (0xb1787000): 0:14)- (BlackSurface#0 (0xb170f000): 0:14)- (BlackSurface#0 (0xb1798000): 0:14)- (BlackSurface#0 (0xb179a000): 0:14)- 
12-03 17:25:15.028   601   818 I SFPerfTracer:      triggers: (rate: 259:7158) (11691071 sw vsyncs) (0 skipped) (36:13776648 vsyncs) (38:26040092)
12-03 17:25:15.417   601   601 I SFPerfTracer:       trigger: frame rate (-35.740%)	(38.556 fps)	(25.936 ms) 	(39 drops)	(87 frames)
12-03 17:25:15.417   601   601 I SFPerfTracer:      triggers: (rate: 4099:1029130) (compose: 0:3) (post: 0:114) (render: 0:118) (87:5218374 frames) (88:5539346)
12-03 17:25:15.417   601   601 D SFPerfTracer:        layers: (6:16) (StatusBar#0 (0xb1ce8000): 0:311103) (RoundedOverlay#0 (0xb1ceb000): 0:10480) (RoundedOverlay#1 (0xb1c37000): 0:11441) (com.android.systemui.ImageWallpaper#0 (0xb1c3a000): 0:8428)* (DimLayerController/Stack=0#0 (0xb1e1b000): 0:8297)* (Sprite#0 (0xb1e3e000): 0:4669)* (DockedStackDim#0 (0xb1e75000): 0:19)* (animation background stackId=1#0 (0xb1e45000): 0:290)* (#0 (0xb1ce6000): 0:9650)* (#1 (0xb1c08000): 0:766) (#2 (0xb1c7c000): 0:522)* (#3 (0xb1e27000): 0:1962)* (NavigationBar#0 (0xb1e05000): 0:502) (#4 (0xb1e34000): 0:117)* (InputMethod#0 (0xb1e1e000): 0:647)* (com.dji.FPVDemo/com.dji.FPVDemo.MainActivity#0 (0xb1e17000): 87:135) 
12-03 17:25:19.072   601   818 I SFPerfTracer:      triggers: (rate: 259:7158) (11691071 sw vsyncs) (0 skipped) (57:13776707 vsyncs) (59:26040243)
12-03 17:25:19.846   601   601 I SFPerfTracer:       trigger: frame rate (-40.540%)	(35.676 fps)	(28.030 ms) 	(66 drops)	(152 frames)
12-03 17:25:19.846   601   601 I SFPerfTracer:      triggers: (rate: 4100:1029196) (compose: 0:3) (post: 0:114) (render: 0:118) (152:5218526 frames) (153:5539500)
12-03 17:25:19.846   601   601 D SFPerfTracer:        layers: (6:16) (StatusBar#0 (0xb1ce8000): 0:311103) (RoundedOverlay#0 (0xb1ceb000): 0:10480) (RoundedOverlay#1 (0xb1c37000): 0:11441) (com.android.systemui.ImageWallpaper#0 (0xb1c3a000): 0:8428)* (DimLayerController/Stack=0#0 (0xb1e1b000): 0:8297)* (Sprite#0 (0xb1e3e000): 0:4669)* (DockedStackDim#0 (0xb1e75000): 0:19)* (animation background stackId=1#0 (0xb1e45000): 0:290)* (#0 (0xb1ce6000): 0:9650)* (#1 (0xb1c08000): 0:766) (#2 (0xb1c7c000): 0:522)* (#3 (0xb1e27000): 0:1962)* (NavigationBar#0 (0xb1e05000): 0:502) (#4 (0xb1e34000): 0:117)* (InputMethod#0 (0xb1e1e000): 0:647)* (com.dji.FPVDemo/com.dji.FPVDemo.MainActivity#0 (0xb1e17000): 153:289) 
12-03 17:25:20.981  9749  2239 E ActivityThread: Failed to find provider info for com.facebook.mlite.sso.MessengerLoggedInUserProvider
12-03 17:25:21.083   601   601 I SFPerfTracer:       trigger: frame rate (-47.939%)	(31.236 fps)	(32.014 ms) 	(22 drops)	(36 frames)
