12-03 01:42:36.344  1973  2570 I chatty  : uid=1000(system) Binder:1973_8 expire 10 lines
12-03 01:43:15.785  1973  2025 I chatty  : uid=1000(system) batterystats-sy expire 16 lines
12-03 01:44:12.233  1973  2180 I chatty  : uid=1000(system) UEventObserver expire 10 lines
12-03 01:44:33.273  1973  2634 I chatty  : uid=1000(system) Binder:1973_D expire 15 lines
12-03 01:44:34.056  1973  1994 I chatty  : uid=1000(system) Binder:1973_2 expire 11 lines
12-03 01:45:00.050 21516 21516 W ActivityThread: serviceCreate starts in 18606 ms, CreateServiceData = CreateServiceData{token=android.os.BinderProxy@eff9779 className=com.facebook.conditionalworker.LollipopConditionalWorkerService packageName=com.facebook.katana intent=null}
12-03 01:45:02.029  1973  2442 I chatty  : uid=1000(system) Binder:1973_5 expire 13 lines
12-03 01:45:44.369  2572  2572 W ContextImpl: Calling a method in the system process without a qualified user: android.app.ContextImpl.sendBroadcast:968 android.content.ContextWrapper.sendBroadcast:436 com.motorola.blur.service.blur.BSUtils.sendBroadcast:151 com.motorola.blur.service.blur.BSUtils.sendBroadcast:146 com.motorola.ccc.plm.pollingmanager.PollingManagerService$MyConnectivityReceiver.sendConnectivityIntent:599 
12-03 01:46:03.998  7543  7543 W ActivityThread: serviceCreate lasts for 15879 ms, CreateServiceData = CreateServiceData{token=android.os.BinderProxy@749803f className=com.motorola.ccc.notification.SundryService packageName=com.motorola.ccc.notification intent=null}
12-03 01:46:03.998  7543  7543 W ActivityThread: serviceStart starts in 15880 ms, ServiceArgsData = ServiceArgsData{token=android.os.BinderProxy@749803f startId=1 args=Intent { act=com.motorola.blur.service.blur.Actions.POLLINGMGR_CONNECTIVITY flg=0x1000010 cmp=com.motorola.ccc.notification/.SundryService (has extras) }}
12-03 01:51:29.596  2572  2572 W ContextImpl: Calling a method in the system process without a qualified user: android.app.ContextImpl.sendBroadcast:968 android.content.ContextWrapper.sendBroadcast:436 com.motorola.blur.service.blur.BSUtils.sendBroadcast:151 com.motorola.blur.service.blur.BSUtils.sendBroadcast:146 com.motorola.ccc.plm.pollingmanager.PollingManagerService$MyConnectivityReceiver.sendConnectivityIntent:599 
12-03 01:51:29.793  1973  4989 I chatty  : uid=1000(system) Binder:1973_13 expire 11 lines
12-03 01:51:40.080  2572  2572 W ContextImpl: Calling a method in the system process without a qualified user: android.app.ContextImpl.sendBroadcast:968 android.content.ContextWrapper.sendBroadcast:436 com.motorola.blur.service.blur.BSUtils.sendBroadcast:151 com.motorola.blur.service.blur.BSUtils.sendBroadcast:146 com.motorola.ccc.plm.pollingmanager.PollingManagerService$MyConnectivityReceiver.sendConnectivityIntent:599 
12-03 01:52:28.001  1973  2025 I chatty  : uid=1000(system) batterystats-sy expire 12 lines
12-03 01:58:40.290  1144  1460 E NetlinkListener: recvmsg failed (No buffer space available)
12-03 01:58:40.316  1973  2025 I chatty  : uid=1000(system) batterystats-sy expire 12 lines
12-03 02:00:25.360  1973  2041 I chatty  : uid=1000(system) PowerManagerSer expire 12 lines
12-03 02:01:09.344   601   601 I chatty  : uid=1000(system) /system/bin/surfaceflinger expire 10 lines
12-03 02:01:34.792  2572  2572 W ContextImpl: Calling a method in the system process without a qualified user: android.app.ContextImpl.sendBroadcast:968 android.content.ContextWrapper.sendBroadcast:436 com.motorola.blur.service.blur.BSUtils.sendBroadcast:151 com.motorola.blur.service.blur.BSUtils.sendBroadcast:146 com.motorola.ccc.plm.pollingmanager.PollingManagerService$MyConnectivityReceiver.sendConnectivityIntent:599 
12-03 02:01:39.956  2572  2572 W ContextImpl: Calling a method in the system process without a qualified user: android.app.ContextImpl.sendBroadcast:968 android.content.ContextWrapper.sendBroadcast:436 com.motorola.blur.service.blur.BSUtils.sendBroadcast:151 com.motorola.blur.service.blur.BSUtils.sendBroadcast:146 com.motorola.ccc.plm.pollingmanager.PollingManagerService$MyConnectivityReceiver.sendConnectivityIntent:599 
12-03 02:01:55.996  7543  7543 W ActivityThread: serviceCreate starts in 5864 ms, CreateServiceData = CreateServiceData{token=android.os.BinderProxy@179e4c3 className=com.motorola.ccc.notification.SundryService packageName=com.motorola.ccc.notification intent=null}
12-03 02:01:56.008  7543  7543 W ActivityThread: serviceStart starts in 5876 ms, ServiceArgsData = ServiceArgsData{token=android.os.BinderProxy@179e4c3 startId=1 args=Intent { act=com.motorola.blur.service.blur.Actions.POLLINGMGR_CONNECTIVITY flg=0x1000010 cmp=com.motorola.ccc.notification/.SundryService (has extras) }}
12-03 02:02:05.662  1973  2038 I chatty  : uid=1000(system) android.display expire 10 lines
12-03 02:02:09.603  1973  2041 I chatty  : uid=1000(system) PowerManagerSer expire 10 lines
12-03 02:03:27.825 13598 13598 W ActivityThread: serviceCreate lasts for 3551 ms, CreateServiceData = CreateServiceData{token=android.os.BinderProxy@ada464e className=com.google.android.gms.ads.identifier.service.AdvertisingIdService packageName=com.google.android.gms intent=null}
12-03 02:06:09.813  1973  2025 I chatty  : uid=1000(system) batterystats-sy expire 30 lines
12-03 02:06:12.626  1973  2038 I chatty  : uid=1000(system) android.display expire 14 lines
12-03 02:06:13.229  1973  2041 I chatty  : uid=1000(system) PowerManagerSer expire 14 lines
12-03 02:13:24.367  1973  2610 I chatty  : uid=1000(system) Binder:1973_B expire 24 lines
12-03 02:14:07.767  1973  1973 I chatty  : uid=1000 system_server expire 11 lines
12-03 02:19:11.518  2572  2572 W ContextImpl: Calling a method in the system process without a qualified user: android.app.ContextImpl.sendBroadcast:968 android.content.ContextWrapper.sendBroadcast:436 com.motorola.blur.service.blur.BSUtils.sendBroadcast:151 com.motorola.blur.service.blur.BSUtils.sendBroadcast:146 com.motorola.ccc.plm.pollingmanager.PollingManagerService$MyConnectivityReceiver.sendConnectivityIntent:599 
12-03 02:19:16.695  2572  2572 W ContextImpl: Calling a method in the system process without a qualified user: android.app.ContextImpl.sendBroadcast:968 android.content.ContextWrapper.sendBroadcast:436 com.motorola.blur.service.blur.BSUtils.sendBroadcast:151 com.motorola.blur.service.blur.BSUtils.sendBroadcast:146 com.motorola.ccc.plm.pollingmanager.PollingManagerService$MyConnectivityReceiver.sendConnectivityIntent:599 
12-03 02:19:32.222  7543  7543 W ActivityThread: serviceCreate lasts for 8040 ms, CreateServiceData = CreateServiceData{token=android.os.BinderProxy@8d84b3 className=com.motorola.blur.service.blur.BlurServiceMother packageName=com.motorola.ccc.notification intent=null}
12-03 02:20:28.390  1973  2025 I chatty  : uid=1000(system) batterystats-sy expire 30 lines
12-03 02:30:55.799  1973  2328 I chatty  : uid=1000(system) ConnectivitySer expire 13 lines
12-03 02:30:55.800  1973  2022 I chatty  : uid=1000(system) ActivityManager expire 15 lines
12-03 02:34:17.603  2572  2572 W ContextImpl: Calling a method in the system process without a qualified user: android.app.ContextImpl.sendBroadcast:968 android.content.ContextWrapper.sendBroadcast:436 com.motorola.blur.service.blur.BSUtils.sendBroadcast:151 com.motorola.blur.service.blur.BSUtils.sendBroadcast:146 com.motorola.ccc.plm.pollingmanager.PollingManagerService$MyConnectivityReceiver.sendConnectivityIntent:599 
12-03 02:34:28.263  2572  2572 W ContextImpl: Calling a method in the system process without a qualified user: android.app.ContextImpl.sendBroadcast:968 android.content.ContextWrapper.sendBroadcast:436 com.motorola.blur.service.blur.BSUtils.sendBroadcast:151 com.motorola.blur.service.blur.BSUtils.sendBroadcast:146 com.motorola.ccc.plm.pollingmanager.PollingManagerService$MyConnectivityReceiver.sendConnectivityIntent:599 
12-03 02:34:56.237  7543  7543 W ActivityThread: serviceCreate lasts for 19925 ms, CreateServiceData = CreateServiceData{token=android.os.BinderProxy@bae025d className=com.motorola.blur.service.blur.BlurServiceMother packageName=com.motorola.ccc.notification intent=null}
12-03 02:35:40.473  1973  2025 I chatty  : uid=1000(system) batterystats-sy expire 22 lines
12-03 02:45:03.834  2572  2572 W ContextImpl: Calling a method in the system process without a qualified user: android.app.ContextImpl.sendBroadcast:968 android.content.ContextWrapper.sendBroadcast:436 com.motorola.blur.service.blur.BSUtils.sendBroadcast:151 com.motorola.blur.service.blur.BSUtils.sendBroadcast:146 com.motorola.ccc.plm.pollingmanager.PollingManagerService$MyConnectivityReceiver.sendConnectivityIntent:599 
12-03 02:45:03.847  2572  2572 W ContextImpl: Calling a method in the system process without a qualified user: android.app.ContextImpl.sendBroadcast:968 android.content.ContextWrapper.sendBroadcast:436 com.motorola.blur.service.blur.BSUtils.sendBroadcast:151 com.motorola.blur.service.blur.BSUtils.sendBroadcast:146 com.motorola.ccc.plm.pollingmanager.PollingManagerService$MyConnectivityReceiver.sendConnectivityIntent:599 
12-03 02:46:04.380  1973  2025 I chatty  : uid=1000(system) batterystats-sy expire 140 lines
12-03 03:31:08.386  1973  2372 I chatty  : uid=1000(system) Binder:1973_4 expire 16 lines
12-03 03:34:52.832  1973  2635 I chatty  : uid=1000(system) Binder:1973_E expire 11 lines
12-03 03:39:05.544  2572  2572 W ContextImpl: Calling a method in the system process without a qualified user: android.app.ContextImpl.sendBroadcast:968 android.content.ContextWrapper.sendBroadcast:436 com.motorola.blur.service.blur.BSUtils.sendBroadcast:151 com.motorola.blur.service.blur.BSUtils.sendBroadcast:146 com.motorola.ccc.plm.pollingmanager.PollingManagerService$MyConnectivityReceiver.sendConnectivityIntent:599 
12-03 03:39:06.303 22490 22490 D ActivityThread: Loading provider com.google.android.gm.sapi: com.google.android.gm.sapi.SapiUiProvider
12-03 03:39:10.449  1973  1993 I chatty  : uid=1000(system) Binder:1973_1 expire 10 lines
12-03 03:39:12.159  1973  2025 I chatty  : uid=1000(system) batterystats-sy expire 51 lines
12-03 03:39:35.835  2572  2572 W ContextImpl: Calling a method in the system process without a qualified user: android.app.ContextImpl.sendBroadcast:968 android.content.ContextWrapper.sendBroadcast:436 com.motorola.blur.service.blur.BSUtils.sendBroadcast:151 com.motorola.blur.service.blur.BSUtils.sendBroadcast:146 com.motorola.ccc.plm.pollingmanager.PollingManagerService$MyConnectivityReceiver.sendConnectivityIntent:599 
12-03 03:39:57.232  7543  7543 W ActivityThread: serviceCreate lasts for 15934 ms, CreateServiceData = CreateServiceData{token=android.os.BinderProxy@abff33d className=com.motorola.blur.service.blur.BlurServiceMother packageName=com.motorola.ccc.notification intent=null}
12-03 03:58:05.359  1973  2025 I chatty  : uid=1000(system) batterystats-sy expire 167 lines
12-03 04:00:37.468 22937 22937 W ActivityThread: serviceCreate starts in 35117 ms, CreateServiceData = CreateServiceData{token=android.os.BinderProxy@e391dcb className=com.google.android.finsky.billing.iab.InAppBillingService packageName=com.android.vending intent=null}
12-03 04:08:29.721  1973  1994 I chatty  : uid=1000(system) Binder:1973_2 expire 13 lines
12-03 04:21:33.551  1973  2180 I chatty  : uid=1000(system) UEventObserver expire 10 lines
12-03 05:02:55.693  6448 23258 E ActivityThread: Failed to find provider info for com.facebook.mlite.sso.MessengerLoggedInUserProvider
12-03 05:03:09.041 23275 23275 W ActivityThread: serviceStart lasts for 2325 ms, ServiceArgsData = ServiceArgsData{token=android.os.BinderProxy@b0c1c6c startId=1 args=Intent { act=Orca.PERSISTENT_KICK cmp=com.facebook.katana/com.facebook.rti.push.service.FbnsService (has extras) }}
12-03 05:04:29.199  1973  2025 I chatty  : uid=1000(system) batterystats-sy expire 91 lines
12-03 05:16:29.266  1973  5646 I chatty  : uid=1000(system) Binder:1973_17 expire 16 lines
12-03 05:37:36.849  2572  2572 W ContextImpl: Calling a method in the system process without a qualified user: android.app.ContextImpl.sendBroadcast:968 android.content.ContextWrapper.sendBroadcast:436 com.motorola.blur.service.blur.BSUtils.sendBroadcast:151 com.motorola.blur.service.blur.BSUtils.sendBroadcast:146 com.motorola.ccc.plm.pollingmanager.PollingManagerService$MyConnectivityReceiver.sendConnectivityIntent:599 
12-03 05:37:37.303  1973  5590 I chatty  : uid=1000(system) Binder:1973_16 expire 18 lines
12-03 05:37:38.297   454   459 D VoldCryptCmdListener: cryptfs getpwtype
12-03 05:37:38.779  1973  2634 I chatty  : uid=1000(system) Binder:1973_D expire 11 lines
12-03 05:37:39.671 23588 23588 W ActivityThread: serviceCreate starts in 2210 ms, CreateServiceData = CreateServiceData{token=android.os.BinderProxy@3a96672 className=com.amazon.mls.sushi.internal.BackupUploaderService packageName=com.amazon.mShop.android.shopping intent=null}
12-03 05:37:39.761 23910 23910 D ActivityThread: Loading provider com.whatsapp.provider.contact: com.whatsapp.contact.ContactProvider
12-03 05:37:39.821  1973  2597 I chatty  : uid=1000(system) Binder:1973_9 expire 14 lines
12-03 05:37:43.528  1973  2022 I chatty  : uid=1000(system) ActivityManager expire 45 lines
12-03 05:37:47.584  1973  2372 I chatty  : uid=1000(system) Binder:1973_4 expire 30 lines
12-03 05:38:03.545 24490 24490 D ActivityThread: Loading provider com.google.android.gm.sapi: com.google.android.gm.sapi.SapiUiProvider
12-03 05:38:08.835  1973  2613 I chatty  : uid=1000(system) Binder:1973_C expire 14 lines
12-03 05:38:13.576   454   459 D VoldCryptCmdListener: cryptfs getpwtype
12-03 05:38:14.222  2572  2572 W ContextImpl: Calling a method in the system process without a qualified user: android.app.ContextImpl.sendBroadcast:968 android.content.ContextWrapper.sendBroadcast:436 com.motorola.blur.service.blur.BSUtils.sendBroadcast:151 com.motorola.blur.service.blur.BSUtils.sendBroadcast:146 com.motorola.ccc.plm.pollingmanager.PollingManagerService$MyConnectivityReceiver.sendConnectivityIntent:599 
12-03 05:38:14.311  1973  2328 I chatty  : uid=1000(system) ConnectivitySer expire 10 lines
12-03 05:38:36.594  1973  2025 I chatty  : uid=1000(system) batterystats-sy expire 40 lines
12-03 05:38:36.601  7543  7543 W ActivityThread: serviceCreate lasts for 22238 ms, CreateServiceData = CreateServiceData{token=android.os.BinderProxy@3f925ad className=com.motorola.blur.service.blur.BlurServiceMother packageName=com.motorola.ccc.notification intent=null}
12-03 05:51:05.558 13598 13598 W ActivityThread: serviceCreate lasts for 2178 ms, CreateServiceData = CreateServiceData{token=android.os.BinderProxy@4b2f8bc className=com.google.android.gms.icing.service.IndexWorkerService packageName=com.google.android.gms intent=null}
12-03 05:51:05.558 13598 13598 W ActivityThread: serviceStart starts in 2178 ms, ServiceArgsData = ServiceArgsData{token=android.os.BinderProxy@4b2f8bc startId=1 args=Intent { act=com.google.android.gms.icing.START_STICKY cmp=com.google.android.gms/.icing.service.IndexWorkerService }}
12-03 05:51:29.585  1973  2025 I chatty  : uid=1000(system) batterystats-sy expire 75 lines
12-03 06:10:49.265  1144  1460 E NetlinkListener: recvmsg failed (No buffer space available)
12-03 06:23:40.121  1973  8693 I chatty  : uid=1000(system) Binder:1973_1D expire 10 lines
12-03 06:24:05.954  1973  2025 I chatty  : uid=1000(system) batterystats-sy expire 59 lines
12-03 06:55:19.453  1973  2038 I chatty  : uid=1000(system) android.display expire 10 lines
12-03 06:55:19.965  1973  2041 I chatty  : uid=1000(system) PowerManagerSer expire 14 lines
12-03 06:55:20.011  1973  1973 I chatty  : uid=1000 system_server expire 20 lines
12-03 06:55:23.545  2572  2572 W ContextImpl: Calling a method in the system process without a qualified user: android.app.ContextImpl.sendBroadcast:968 android.content.ContextWrapper.sendBroadcast:436 com.motorola.blur.service.blur.BSUtils.sendBroadcast:151 com.motorola.blur.service.blur.BSUtils.sendBroadcast:146 com.motorola.ccc.plm.pollingmanager.PollingManagerService$MyConnectivityReceiver.sendConnectivityIntent:599 
12-03 06:55:23.834  1973  2372 I chatty  : uid=1000(system) Binder:1973_4 expire 11 lines
12-03 06:55:24.699  1973  3039 I chatty  : uid=1000(system) Binder:1973_F expire 11 lines
12-03 06:55:26.427  1973  2037 I chatty  : uid=1000(system) android.io expire 20 lines
12-03 06:55:26.817  1973 10426 I chatty  : uid=1000(system) Binder:1973_1F expire 15 lines
12-03 06:55:29.871   601   818 I chatty  : uid=1000(system) EventThread expire 14 lines
12-03 06:55:31.701   601   601 I chatty  : uid=1000(system) /system/bin/surfaceflinger expire 18 lines
12-03 06:55:34.645  1973  2194 I chatty  : uid=1000(system) InputReader expire 10 lines
12-03 06:55:34.974  1973  2025 I chatty  : uid=1000(system) batterystats-sy expire 13 lines
12-03 06:55:35.117 16943 25173 E ActivityThread: Failed to find provider info for com.motorola.audiomonitor.settings.provider
12-03 06:55:35.119 16943 25174 E ActivityThread: Failed to find provider info for com.motorola.audiomonitor.settings.provider
12-03 06:55:35.604  1973  1973 I chatty  : uid=1000 system_server expire 13 lines
12-03 06:55:46.085  1973 10425 I chatty  : uid=1000(system) Binder:1973_1E expire 15 lines
12-03 06:55:47.266  1973  7739 I chatty  : uid=1000(system) Binder:1973_1B expire 14 lines
12-03 06:56:22.571  1973  2021 I chatty  : uid=1000(system) android.bg expire 11 lines
12-03 06:58:45.640  2572  2572 W ContextImpl: Calling a method in the system process without a qualified user: android.app.ContextImpl.sendBroadcast:968 android.content.ContextWrapper.sendBroadcast:436 com.motorola.blur.service.blur.BSUtils.sendBroadcast:151 com.motorola.blur.service.blur.BSUtils.sendBroadcast:146 com.motorola.ccc.plm.pollingmanager.PollingManagerService$MyConnectivityReceiver.sendConnectivityIntent:599 
12-03 06:58:46.441  1973  5590 I chatty  : uid=1000(system) Binder:1973_16 expire 16 lines
12-03 06:58:46.590  2572  2572 W ContextImpl: Calling a method in the system process without a qualified user: android.app.ContextImpl.sendBroadcast:968 android.content.ContextWrapper.sendBroadcast:436 com.motorola.blur.service.blur.BSUtils.sendBroadcast:151 com.motorola.blur.service.blur.BSUtils.sendBroadcast:146 com.motorola.ccc.plm.pollingmanager.PollingManagerService$MyConnectivityReceiver.sendConnectivityIntent:599 
12-03 06:58:47.802 16943 25483 E ActivityThread: Failed to find provider info for com.motorola.audiomonitor.settings.provider
12-03 06:58:47.805 16943 25484 E ActivityThread: Failed to find provider info for com.motorola.audiomonitor.settings.provider
12-03 06:58:48.163  1973  2022 I chatty  : uid=1000(system) ActivityManager expire 11 lines
12-03 06:59:26.244  1973  2025 I chatty  : uid=1000(system) batterystats-sy expire 20 lines
12-03 07:03:02.245  2572  2572 W ContextImpl: Calling a method in the system process without a qualified user: android.app.ContextImpl.sendBroadcast:968 android.content.ContextWrapper.sendBroadcast:436 com.motorola.blur.service.blur.BSUtils.sendBroadcast:151 com.motorola.blur.service.blur.BSUtils.sendBroadcast:146 com.motorola.ccc.plm.pollingmanager.PollingManagerService$MyConnectivityReceiver.sendConnectivityIntent:599 
12-03 07:03:08.764  7543  7543 W ActivityThread: serviceCreate lasts for 6361 ms, CreateServiceData = CreateServiceData{token=android.os.BinderProxy@64cce51 className=com.motorola.blur.service.blur.BlurServiceMother packageName=com.motorola.ccc.notification intent=null}
12-03 07:08:02.684  2572  2572 W ContextImpl: Calling a method in the system process without a qualified user: android.app.ContextImpl.sendBroadcast:968 android.content.ContextWrapper.sendBroadcast:436 com.motorola.blur.service.blur.BSUtils.sendBroadcast:151 com.motorola.blur.service.blur.BSUtils.sendBroadcast:146 com.motorola.ccc.plm.pollingmanager.PollingManagerService$MyConnectivityReceiver.sendConnectivityIntent:599 
12-03 07:08:14.327  2572  2572 W ContextImpl: Calling a method in the system process without a qualified user: android.app.ContextImpl.sendBroadcast:968 android.content.ContextWrapper.sendBroadcast:436 com.motorola.blur.service.blur.BSUtils.sendBroadcast:151 com.motorola.blur.service.blur.BSUtils.sendBroadcast:146 com.motorola.ccc.plm.pollingmanager.PollingManagerService$MyConnectivityReceiver.sendConnectivityIntent:599 
12-03 07:08:38.294  7543  7543 W ActivityThread: serviceCreate lasts for 15942 ms, CreateServiceData = CreateServiceData{token=android.os.BinderProxy@9f476cb className=com.motorola.blur.service.blur.BlurServiceMother packageName=com.motorola.ccc.notification intent=null}
12-03 07:09:43.490  1973  2025 I chatty  : uid=1000(system) batterystats-sy expire 20 lines
12-03 07:18:39.211  6448 25570 E ActivityThread: Failed to find provider info for com.facebook.mlite.sso.MessengerLoggedInUserProvider
12-03 07:19:02.215  1973  2025 I chatty  : uid=1000(system) batterystats-sy expire 22 lines
12-03 07:19:47.369 19330 19330 W ActivityThread: serviceCreate lasts for 13129 ms, CreateServiceData = CreateServiceData{token=android.os.BinderProxy@f5ee3c8 className=com.google.android.gms.beacon.BleService packageName=com.google.android.gms intent=null}
12-03 07:20:25.708 25762 25762 W ActivityThread: serviceCreate starts in 4826 ms, CreateServiceData = CreateServiceData{token=android.os.BinderProxy@b0c1c6c className=com.facebook.rti.push.service.FbnsService packageName=com.facebook.katana intent=null}
12-03 07:20:25.813 25762 25762 W ActivityThread: serviceStart starts in 4927 ms, ServiceArgsData = ServiceArgsData{token=android.os.BinderProxy@b0c1c6c startId=1 args=Intent { act=Orca.START cmp=com.facebook.katana/com.facebook.rti.push.service.FbnsService (has extras) }}
12-03 07:20:35.986  6448  6448 W ActivityThread: serviceStart starts in 10150 ms, ServiceArgsData = ServiceArgsData{token=android.os.BinderProxy@9adcf2f startId=208 args=Intent { act=com.facebook.orca.chatheads.ACTION_NEW_MESSAGE_NOTIFICATION cmp=com.facebook.orca/com.facebook.messaging.chatheads.service.ChatHeadService (has extras) }}
12-03 07:20:36.008 25762 25762 W ActivityThread: serviceStart lasts for 10195 ms, ServiceArgsData = ServiceArgsData{token=android.os.BinderProxy@b0c1c6c startId=1 args=Intent { act=Orca.START cmp=com.facebook.katana/com.facebook.rti.push.service.FbnsService (has extras) }}
12-03 07:20:36.008 25762 25762 W ActivityThread: serviceStart starts in 15122 ms, ServiceArgsData = ServiceArgsData{token=android.os.BinderProxy@b0c1c6c startId=2 args=Intent { act=Orca.START cmp=com.facebook.katana/com.facebook.rti.push.service.FbnsService (has extras) }}
12-03 07:21:18.331  6448 25867 E ActivityThread: Failed to find provider info for com.facebook.mlite.sso.MessengerLoggedInUserProvider
12-03 07:21:26.266  6448  6448 W ActivityThread: serviceStart lasts for 7866 ms, ServiceArgsData = ServiceArgsData{token=android.os.BinderProxy@9adcf2f startId=210 args=Intent { act=com.facebook.orca.chatheads.ACTION_NEW_MESSAGE_NOTIFICATION cmp=com.facebook.orca/com.facebook.messaging.chatheads.service.ChatHeadService (has extras) }}
12-03 07:21:29.581  2572  2572 W ContextImpl: Calling a method in the system process without a qualified user: android.app.ContextImpl.sendBroadcast:968 android.content.ContextWrapper.sendBroadcast:436 com.motorola.blur.service.blur.BSUtils.sendBroadcast:151 com.motorola.blur.service.blur.BSUtils.sendBroadcast:146 com.motorola.ccc.plm.pollingmanager.PollingManagerService$MyConnectivityReceiver.sendConnectivityIntent:599 
12-03 07:21:42.237  2572  2572 W ContextImpl: Calling a method in the system process without a qualified user: android.app.ContextImpl.sendBroadcast:968 android.content.ContextWrapper.sendBroadcast:436 com.motorola.blur.service.blur.BSUtils.sendBroadcast:151 com.motorola.blur.service.blur.BSUtils.sendBroadcast:146 com.motorola.ccc.plm.pollingmanager.PollingManagerService$MyConnectivityReceiver.sendConnectivityIntent:599 
12-03 07:21:42.238  1973  2316 I chatty  : uid=1000(system) NetworkPolicy expire 11 lines
12-03 07:22:00.376  7543  7543 W ActivityThread: serviceCreate lasts for 12862 ms, CreateServiceData = CreateServiceData{token=android.os.BinderProxy@92d76b5 className=com.motorola.blur.service.blur.BlurServiceMother packageName=com.motorola.ccc.notification intent=null}
12-03 07:26:37.833  1973  2038 I chatty  : uid=1000(system) android.display expire 18 lines
12-03 07:26:38.623  1973  2041 I chatty  : uid=1000(system) PowerManagerSer expire 22 lines
12-03 07:26:39.786  1973  4540 I chatty  : uid=1000(system) Binder:1973_10 expire 12 lines
12-03 07:26:39.887  2572  2572 W ContextImpl: Calling a method in the system process without a qualified user: android.app.ContextImpl.sendBroadcast:968 android.content.ContextWrapper.sendBroadcast:436 com.motorola.blur.service.blur.BSUtils.sendBroadcast:151 com.motorola.blur.service.blur.BSUtils.sendBroadcast:146 com.motorola.ccc.plm.pollingmanager.PollingManagerService$MyConnectivityReceiver.sendConnectivityIntent:599 
12-03 07:26:39.994  1973  5588 I chatty  : uid=1000(system) Binder:1973_15 expire 11 lines
12-03 07:26:40.020  1973  2635 I chatty  : uid=1000(system) Binder:1973_E expire 11 lines
12-03 07:26:45.306  1973  2036 I chatty  : uid=1000(system) android.fg expire 11 lines
12-03 07:26:45.373 16943 25970 E ActivityThread: Failed to find provider info for com.motorola.audiomonitor.settings.provider
12-03 07:26:45.375 16943 25971 E ActivityThread: Failed to find provider info for com.motorola.audiomonitor.settings.provider
12-03 07:26:45.721  1973  2022 I chatty  : uid=1000(system) ActivityManager expire 11 lines
12-03 07:29:36.710  1973  2484 I chatty  : uid=1000(system) Binder:1973_7 expire 11 lines
12-03 07:30:26.691  2572  2572 W ContextImpl: Calling a method in the system process without a qualified user: android.app.ContextImpl.sendBroadcast:968 android.content.ContextWrapper.sendBroadcast:436 com.motorola.blur.service.blur.BSUtils.sendBroadcast:151 com.motorola.blur.service.blur.BSUtils.sendBroadcast:146 com.motorola.ccc.plm.pollingmanager.PollingManagerService$MyConnectivityReceiver.sendConnectivityIntent:599 
12-03 07:30:35.642  7543  7543 W ActivityThread: serviceCreate lasts for 5316 ms, CreateServiceData = CreateServiceData{token=android.os.BinderProxy@de5208f className=com.motorola.blur.service.blur.BlurServiceMother packageName=com.motorola.ccc.notification intent=null}
12-03 07:31:23.283  1973  1973 I chatty  : uid=1000 system_server expire 24 lines
12-03 07:31:23.310  1973  2038 I chatty  : uid=1000(system) android.display expire 10 lines
12-03 07:31:27.251  1973  2041 I chatty  : uid=1000(system) PowerManagerSer expire 10 lines
12-03 07:31:31.913  1973  2180 I chatty  : uid=1000(system) UEventObserver expire 14 lines
12-03 07:35:26.731  2572  2572 W ContextImpl: Calling a method in the system process without a qualified user: android.app.ContextImpl.sendBroadcast:968 android.content.ContextWrapper.sendBroadcast:436 com.motorola.blur.service.blur.BSUtils.sendBroadcast:151 com.motorola.blur.service.blur.BSUtils.sendBroadcast:146 com.motorola.ccc.plm.pollingmanager.PollingManagerService$MyConnectivityReceiver.sendConnectivityIntent:599 
12-03 07:35:34.459  2572  2572 W ContextImpl: Calling a method in the system process without a qualified user: android.app.ContextImpl.sendBroadcast:968 android.content.ContextWrapper.sendBroadcast:436 com.motorola.blur.service.blur.BSUtils.sendBroadcast:151 com.motorola.blur.service.blur.BSUtils.sendBroadcast:146 com.motorola.ccc.plm.pollingmanager.PollingManagerService$MyConnectivityReceiver.sendConnectivityIntent:599 
12-03 07:35:42.450  7543  7543 W ActivityThread: serviceCreate lasts for 7648 ms, CreateServiceData = CreateServiceData{token=android.os.BinderProxy@54382d9 className=com.motorola.blur.service.blur.BlurServiceMother packageName=com.motorola.ccc.notification intent=null}
12-03 07:36:31.655  1973  2025 I chatty  : uid=1000(system) batterystats-sy expire 16 lines
12-03 07:47:08.228  2572  2572 W ContextImpl: Calling a method in the system process without a qualified user: android.app.ContextImpl.sendBroadcast:968 android.content.ContextWrapper.sendBroadcast:436 com.motorola.blur.service.blur.BSUtils.sendBroadcast:151 com.motorola.blur.service.blur.BSUtils.sendBroadcast:146 com.motorola.ccc.plm.pollingmanager.PollingManagerService$MyConnectivityReceiver.sendConnectivityIntent:599 
12-03 07:47:17.870  2572  2572 W ContextImpl: Calling a method in the system process without a qualified user: android.app.ContextImpl.sendBroadcast:968 android.content.ContextWrapper.sendBroadcast:436 com.motorola.blur.service.blur.BSUtils.sendBroadcast:151 com.motorola.blur.service.blur.BSUtils.sendBroadcast:146 com.motorola.ccc.plm.pollingmanager.PollingManagerService$MyConnectivityReceiver.sendConnectivityIntent:599 
12-03 07:48:29.760  1973  2025 I chatty  : uid=1000(system) batterystats-sy expire 12 lines
12-03 07:51:33.768  1973  2023 I chatty  : uid=1000(system) android.ui expire 11 lines
12-03 07:51:41.764  1973  7118 I chatty  : uid=1000(system) Binder:1973_19 expire 11 lines
12-03 07:58:51.936  1973  2038 I chatty  : uid=1000(system) android.display expire 10 lines
12-03 07:58:54.399  2376  2376 D StatusBarKeyguardViewManager: requestUnlock collapse=true
12-03 07:58:54.458  1973  8320 I chatty  : uid=1000(system) Binder:1973_1C expire 22 lines
12-03 07:58:54.591  2572  2572 W ContextImpl: Calling a method in the system process without a qualified user: android.app.ContextImpl.sendBroadcast:968 android.content.ContextWrapper.sendBroadcast:436 com.motorola.blur.service.blur.BSUtils.sendBroadcast:151 com.motorola.blur.service.blur.BSUtils.sendBroadcast:146 com.motorola.ccc.plm.pollingmanager.PollingManagerService$MyConnectivityReceiver.sendConnectivityIntent:599 
12-03 07:58:55.724  1973  2598 I chatty  : uid=1000(system) Binder:1973_A expire 11 lines
12-03 07:58:56.196  1973  2037 I chatty  : uid=1000(system) android.io expire 40 lines
12-03 07:59:07.858   601   601 I chatty  : uid=1000(system) /system/bin/surfaceflinger expire 106 lines
12-03 07:59:08.971   601   818 I chatty  : uid=1000(system) EventThread expire 75 lines
12-03 07:59:15.328  1973  1973 I chatty  : uid=1000 system_server expire 12 lines
12-03 07:59:16.445  1973  2022 I chatty  : uid=1000(system) ActivityManager expire 10 lines
12-03 07:59:17.793  1973  2331 I chatty  : uid=1000(system) NsdService expire 11 lines
12-03 07:59:18.525  1973  5588 I chatty  : uid=1000(system) Binder:1973_15 expire 16 lines
12-03 07:59:24.434  1973  7668 I chatty  : uid=1000(system) Binder:1973_1A expire 12 lines
12-03 07:59:56.954  1973  2025 I chatty  : uid=1000(system) batterystats-sy expire 23 lines
12-03 08:00:05.451  1973  4989 I chatty  : uid=1000(system) Binder:1973_13 expire 11 lines
12-03 08:02:51.307  1973  5692 I chatty  : uid=1000(system) Binder:1973_18 expire 11 lines
12-03 08:03:16.459 25595 25595 E ActivityThread: Activity com.facebook.audience.snacks.storyviewer.app.StoryviewerActivity has leaked IntentReceiver X.04a@694df9b that was originally registered here. Are you missing a call to unregisterReceiver()?
12-03 08:03:16.459 25595 25595 E ActivityThread: android.app.IntentReceiverLeaked: Activity com.facebook.audience.snacks.storyviewer.app.StoryviewerActivity has leaked IntentReceiver X.04a@694df9b that was originally registered here. Are you missing a call to unregisterReceiver()?
12-03 08:03:16.459 25595 25595 E ActivityThread: 	at android.app.LoadedApk$ReceiverDispatcher.<init>(LoadedApk.java:1342)
12-03 08:03:16.459 25595 25595 E ActivityThread: 	at android.app.LoadedApk.getReceiverDispatcher(LoadedApk.java:1123)
12-03 08:03:16.459 25595 25595 E ActivityThread: 	at android.app.ContextImpl.registerReceiverInternal(ContextImpl.java:1420)
12-03 08:03:16.459 25595 25595 E ActivityThread: 	at android.app.ContextImpl.registerReceiver(ContextImpl.java:1381)
12-03 08:03:16.459 25595 25595 E ActivityThread: 	at android.app.ContextImpl.registerReceiver(ContextImpl.java:1369)
12-03 08:03:16.459 25595 25595 E ActivityThread: 	at android.content.ContextWrapper.registerReceiver(ContextWrapper.java:603)
12-03 08:03:16.459 25595 25595 E ActivityThread: 	at X.MGO.D(:3139524)
12-03 08:03:16.459 25595 25595 E ActivityThread: 	at X.MGO.j(:3139743)
12-03 08:03:16.459 25595 25595 E ActivityThread: 	at X.0cP.R(:197522)
12-03 08:03:16.459 25595 25595 E ActivityThread: 	at X.0cQ.a(:197596)
12-03 08:03:16.459 25595 25595 E ActivityThread: 	at X.0cQ.I(:197578)
12-03 08:03:16.459 25595 25595 E ActivityThread: 	at X.Azz.I(:1748278)
12-03 08:03:16.459 25595 25595 E ActivityThread: 	at X.LQx.I(:3028118)
12-03 08:03:16.459 25595 25595 E ActivityThread: 	at X.LQy.I(:3028239)
12-03 08:03:16.459 25595 25595 E ActivityThread: 	at X.LOY.run(:3020236)
12-03 08:03:16.459 25595 25595 E ActivityThread: 	at android.os.Handler.handleCallback(Handler.java:789)
12-03 08:03:16.459 25595 25595 E ActivityThread: 	at android.os.Handler.dispatchMessage(Handler.java:98)
12-03 08:03:16.459 25595 25595 E ActivityThread: 	at android.os.Looper.loop(Looper.java:164)
12-03 08:03:16.459 25595 25595 E ActivityThread: 	at android.app.ActivityThread.main(ActivityThread.java:6694)
12-03 08:03:16.459 25595 25595 E ActivityThread: 	at java.lang.reflect.Method.invoke(Native Method)
12-03 08:03:16.459 25595 25595 E ActivityThread: 	at com.android.internal.os.Zygote$MethodAndArgsCaller.run(Zygote.java:240)
12-03 08:03:16.459 25595 25595 E ActivityThread: 	at com.android.internal.os.ZygoteInit.main(ZygoteInit.java:769)
12-03 08:03:16.463 25595 25595 E ActivityThread: Activity com.facebook.audience.snacks.storyviewer.app.StoryviewerActivity has leaked IntentReceiver X.04a@f12887d that was originally registered here. Are you missing a call to unregisterReceiver()?
12-03 08:03:16.463 25595 25595 E ActivityThread: android.app.IntentReceiverLeaked: Activity com.facebook.audience.snacks.storyviewer.app.StoryviewerActivity has leaked IntentReceiver X.04a@f12887d that was originally registered here. Are you missing a call to unregisterReceiver()?
12-03 08:03:16.463 25595 25595 E ActivityThread: 	at android.app.LoadedApk$ReceiverDispatcher.<init>(LoadedApk.java:1342)
12-03 08:03:16.463 25595 25595 E ActivityThread: 	at android.app.LoadedApk.getReceiverDispatcher(LoadedApk.java:1123)
12-03 08:03:16.463 25595 25595 E ActivityThread: 	at android.app.ContextImpl.registerReceiverInternal(ContextImpl.java:1420)
12-03 08:03:16.463 25595 25595 E ActivityThread: 	at android.app.ContextImpl.registerReceiver(ContextImpl.java:1381)
12-03 08:03:16.463 25595 25595 E ActivityThread: 	at android.app.ContextImpl.registerReceiver(ContextImpl.java:1369)
12-03 08:03:16.463 25595 25595 E ActivityThread: 	at android.content.ContextWrapper.registerReceiver(ContextWrapper.java:603)
12-03 08:03:16.463 25595 25595 E ActivityThread: 	at X.MGO.D(:3139524)
12-03 08:03:16.463 25595 25595 E ActivityThread: 	at X.MGO.j(:3139743)
12-03 08:03:16.463 25595 25595 E ActivityThread: 	at X.0cP.R(:197522)
12-03 08:03:16.463 25595 25595 E ActivityThread: 	at X.0cQ.a(:197596)
12-03 08:03:16.463 25595 25595 E ActivityThread: 	at X.0cQ.E(:197564)
12-03 08:03:16.463 25595 25595 E ActivityThread: 	at X.Azz.E(:1748258)
12-03 08:03:16.463 25595 25595 E ActivityThread: 	at X.LQx.P(:3028075)
12-03 08:03:16.463 25595 25595 E ActivityThread: 	at X.LQy.Y(:3028312)
12-03 08:03:16.463 25595 25595 E ActivityThread: 	at X.LOa.getView(:3020405)
12-03 08:03:16.463 25595 25595 E ActivityThread: 	at com.instagram.common.ui.widget.reboundviewpager.ReboundViewPager.I(:1648167)
12-03 08:03:16.463 25595 25595 E ActivityThread: 	at com.instagram.common.ui.widget.reboundviewpager.ReboundViewPager.D(:1648254)
12-03 08:03:16.463 25595 25595 E ActivityThread: 	at com.instagram.common.ui.widget.reboundviewpager.ReboundViewPager.D(:1648562)
12-03 08:03:16.463 25595 25595 E ActivityThread: 	at com.instagram.common.ui.widget.reboundviewpager.ReboundViewPager.VhC(:1648520)
12-03 08:03:16.463 25595 25595 E ActivityThread: 	at X.1VA.C(:306523)
12-03 08:03:16.463 25595 25595 E ActivityThread: 	at X.1VF.doFrame(:306591)
12-03 08:03:16.463 25595 25595 E ActivityThread: 	at android.view.Choreographer$CallbackRecord.run(Choreographer.java:909)
12-03 08:03:16.463 25595 25595 E ActivityThread: 	at android.view.Choreographer.doCallbacks(Choreographer.java:723)
12-03 08:03:16.463 25595 25595 E ActivityThread: 	at android.view.Choreographer.doFrame(Choreographer.java:655)
12-03 08:03:16.463 25595 25595 E ActivityThread: 	at android.view.Choreographer$FrameDisplayEventReceiver.run(Choreographer.java:897)
12-03 08:03:16.463 25595 25595 E ActivityThread: 	at android.os.Handler.handleCallback(Handler.java:789)
12-03 08:03:16.463 25595 25595 E ActivityThread: 	at android.os.Handler.dispatchMessage(Handler.java:98)
12-03 08:03:16.463 25595 25595 E ActivityThread: 	at android.os.Looper.loop(Looper.java:164)
12-03 08:03:16.463 25595 25595 E ActivityThread: 	at android.app.ActivityThread.main(ActivityThread.java:6694)
12-03 08:03:16.463 25595 25595 E ActivityThread: 	at java.lang.reflect.Method.invoke(Native Method)
12-03 08:03:16.463 25595 25595 E ActivityThread: 	at com.android.internal.os.Zygote$MethodAndArgsCaller.run(Zygote.java:240)
12-03 08:03:16.463 25595 25595 E ActivityThread: 	at com.android.internal.os.ZygoteInit.main(ZygoteInit.java:769)
12-03 08:03:20.025   601   601 I chatty  : uid=1000(system) /system/bin/surfaceflinger expire 335 lines
12-03 08:03:30.396   601   818 I chatty  : uid=1000(system) EventThread expire 92 lines
12-03 08:03:46.364  1973  2331 I chatty  : uid=1000(system) NsdService expire 12 lines
12-03 08:03:49.890  1973  2022 I chatty  : uid=1000(system) ActivityManager expire 13 lines
12-03 08:08:58.318  1973  2180 I chatty  : uid=1000(system) UEventObserver expire 12 lines
12-03 08:09:33.471 28870 28870 D ActivityThread: Loading provider com.google.android.gm.sapi: com.google.android.gm.sapi.SapiUiProvider
12-03 08:09:33.911  1973  1973 I chatty  : uid=1000 system_server expire 11 lines
12-03 08:09:33.917   601   601 I chatty  : uid=1000(system) /system/bin/surfaceflinger expire 10 lines
12-03 08:09:34.173  1973  2041 I chatty  : uid=1000(system) PowerManagerSer expire 10 lines
12-03 08:09:34.692 28923 28954 E ActivityThread: Failed to find provider info for com.motorola.audiomonitor.settings.provider
12-03 08:09:34.693 28923 28955 E ActivityThread: Failed to find provider info for com.motorola.audiomonitor.settings.provider
12-03 08:09:37.762  1973  2022 I chatty  : uid=1000(system) ActivityManager expire 10 lines
12-03 08:11:41.595  1973  2610 I chatty  : uid=1000(system) Binder:1973_B expire 11 lines
12-03 08:12:41.878  2572  2572 W ContextImpl: Calling a method in the system process without a qualified user: android.app.ContextImpl.sendBroadcast:968 android.content.ContextWrapper.sendBroadcast:436 com.motorola.blur.service.blur.BSUtils.sendBroadcast:151 com.motorola.blur.service.blur.BSUtils.sendBroadcast:146 com.motorola.ccc.plm.pollingmanager.PollingManagerService$MyConnectivityReceiver.sendConnectivityIntent:599 
12-03 08:12:41.900  1973  2570 I chatty  : uid=1000(system) Binder:1973_8 expire 21 lines
12-03 08:13:37.896  6448 29136 E ActivityThread: Failed to find provider info for com.facebook.mlite.sso.MessengerLoggedInUserProvider
12-03 08:13:37.906  1973  3039 I chatty  : uid=1000(system) Binder:1973_F expire 15 lines
12-03 08:15:14.241  6448  6448 W ActivityThread: serviceCreate lasts for 3962 ms, CreateServiceData = CreateServiceData{token=android.os.BinderProxy@80748bc className=com.facebook.fbservice.service.BlueService packageName=com.facebook.orca intent=null}
12-03 08:15:30.067  6448 29221 E ActivityThread: Failed to find provider info for com.facebook.mlite.sso.MessengerLoggedInUserProvider
12-03 08:16:45.992  6448 29312 E ActivityThread: Failed to find provider info for com.facebook.mlite.sso.MessengerLoggedInUserProvider
12-03 08:17:46.910  1144  1460 E NetlinkListener: recvmsg failed (No buffer space available)
12-03 08:21:24.329  2572  2572 W ContextImpl: Calling a method in the system process without a qualified user: android.app.ContextImpl.sendBroadcast:968 android.content.ContextWrapper.sendBroadcast:436 com.motorola.blur.service.blur.BSUtils.sendBroadcast:151 com.motorola.blur.service.blur.BSUtils.sendBroadcast:146 com.motorola.ccc.plm.pollingmanager.PollingManagerService$MyConnectivityReceiver.sendConnectivityIntent:599 
12-03 08:21:24.376  1973  2025 I chatty  : uid=1000(system) batterystats-sy expire 21 lines
12-03 08:21:24.554 29434 29434 D ActivityThread: Loading provider com.whatsapp.provider.contact: com.whatsapp.contact.ContactProvider
12-03 08:21:25.691  1973  7118 I chatty  : uid=1000(system) Binder:1973_19 expire 11 lines
12-03 08:21:29.544  2572  2572 W ContextImpl: Calling a method in the system process without a qualified user: android.app.ContextImpl.sendBroadcast:968 android.content.ContextWrapper.sendBroadcast:436 com.motorola.blur.service.blur.BSUtils.sendBroadcast:151 com.motorola.blur.service.blur.BSUtils.sendBroadcast:146 com.motorola.ccc.plm.pollingmanager.PollingManagerService$MyConnectivityReceiver.sendConnectivityIntent:599 
12-03 08:21:42.005  7543  7543 W ActivityThread: serviceCreate lasts for 10782 ms, CreateServiceData = CreateServiceData{token=android.os.BinderProxy@44bb157 className=com.motorola.blur.service.blur.BlurServiceMother packageName=com.motorola.ccc.notification intent=null}
12-03 08:22:30.165 19330 19330 W ActivityThread: serviceCreate lasts for 4839 ms, CreateServiceData = CreateServiceData{token=android.os.BinderProxy@ebd6aa8 className=com.google.android.gms.lockbox.LockboxService packageName=com.google.android.gms intent=null}
12-03 08:22:30.165 19330 19330 W ActivityThread: serviceStart starts in 4839 ms, ServiceArgsData = ServiceArgsData{token=android.os.BinderProxy@ebd6aa8 startId=1 args=Intent { cmp=com.google.android.gms/.lockbox.LockboxService }}
12-03 08:31:09.110  1973  2328 I chatty  : uid=1000(system) ConnectivitySer expire 10 lines
12-03 08:32:09.220  2572  2572 W ContextImpl: Calling a method in the system process without a qualified user: android.app.ContextImpl.sendBroadcast:968 android.content.ContextWrapper.sendBroadcast:436 com.motorola.blur.service.blur.BSUtils.sendBroadcast:151 com.motorola.blur.service.blur.BSUtils.sendBroadcast:146 com.motorola.ccc.plm.pollingmanager.PollingManagerService$MyConnectivityReceiver.sendConnectivityIntent:599 
12-03 08:32:30.025  2572  2572 W ContextImpl: Calling a method in the system process without a qualified user: android.app.ContextImpl.sendBroadcast:968 android.content.ContextWrapper.sendBroadcast:436 com.motorola.blur.service.blur.BSUtils.sendBroadcast:151 com.motorola.blur.service.blur.BSUtils.sendBroadcast:146 com.motorola.ccc.plm.pollingmanager.PollingManagerService$MyConnectivityReceiver.sendConnectivityIntent:599 
12-03 08:32:46.210  7543  7543 W ActivityThread: serviceCreate lasts for 8050 ms, CreateServiceData = CreateServiceData{token=android.os.BinderProxy@2c81661 className=com.motorola.blur.service.blur.BlurServiceMother packageName=com.motorola.ccc.notification intent=null}
12-03 08:33:34.042  1973  2025 I chatty  : uid=1000(system) batterystats-sy expire 26 lines
12-03 08:38:50.457  1973  2022 I chatty  : uid=1000(system) ActivityManager expire 11 lines
12-03 08:47:41.440  2572  2572 W ContextImpl: Calling a method in the system process without a qualified user: android.app.ContextImpl.sendBroadcast:968 android.content.ContextWrapper.sendBroadcast:436 com.motorola.blur.service.blur.BSUtils.sendBroadcast:151 com.motorola.blur.service.blur.BSUtils.sendBroadcast:146 com.motorola.ccc.plm.pollingmanager.PollingManagerService$MyConnectivityReceiver.sendConnectivityIntent:599 
12-03 08:47:46.681  2572  2572 W ContextImpl: Calling a method in the system process without a qualified user: android.app.ContextImpl.sendBroadcast:968 android.content.ContextWrapper.sendBroadcast:436 com.motorola.blur.service.blur.BSUtils.sendBroadcast:151 com.motorola.blur.service.blur.BSUtils.sendBroadcast:146 com.motorola.ccc.plm.pollingmanager.PollingManagerService$MyConnectivityReceiver.sendConnectivityIntent:599 
12-03 08:51:02.201  1973  2025 I chatty  : uid=1000(system) batterystats-sy expire 22 lines
12-03 08:51:18.183  7543  7543 W ActivityThread: serviceCreate lasts for 15925 ms, CreateServiceData = CreateServiceData{token=android.os.BinderProxy@d52605b className=com.motorola.blur.service.blur.BlurServiceMother packageName=com.motorola.ccc.notification intent=null}
12-03 09:02:46.652  2572  2572 W ContextImpl: Calling a method in the system process without a qualified user: android.app.ContextImpl.sendBroadcast:968 android.content.ContextWrapper.sendBroadcast:436 com.motorola.blur.service.blur.BSUtils.sendBroadcast:151 com.motorola.blur.service.blur.BSUtils.sendBroadcast:146 com.motorola.ccc.plm.pollingmanager.PollingManagerService$MyConnectivityReceiver.sendConnectivityIntent:599 
12-03 09:02:46.695  1973 19852 I chatty  : uid=1000(system) Binder:1973_20 expire 10 lines
12-03 09:02:54.295  2572  2572 W ContextImpl: Calling a method in the system process without a qualified user: android.app.ContextImpl.sendBroadcast:968 android.content.ContextWrapper.sendBroadcast:436 com.motorola.blur.service.blur.BSUtils.sendBroadcast:151 com.motorola.blur.service.blur.BSUtils.sendBroadcast:146 com.motorola.ccc.plm.pollingmanager.PollingManagerService$MyConnectivityReceiver.sendConnectivityIntent:599 
12-03 09:03:09.665  7543  7543 W ActivityThread: serviceCreate lasts for 7337 ms, CreateServiceData = CreateServiceData{token=android.os.BinderProxy@d2c5941 className=com.motorola.blur.service.blur.BlurServiceMother packageName=com.motorola.ccc.notification intent=null}
12-03 09:05:34.381  1973  2025 I chatty  : uid=1000(system) batterystats-sy expire 12 lines
12-03 09:10:14.499  1973  2442 I chatty  : uid=1000(system) Binder:1973_5 expire 24 lines
12-03 09:10:39.588  1973 27685 I chatty  : uid=1000(system) HwBinder:1973_5 expire 7 lines
12-03 09:10:39.599  2572  2572 W ContextImpl: Calling a method in the system process without a qualified user: android.app.ContextImpl.sendBroadcast:968 android.content.ContextWrapper.sendBroadcast:436 com.motorola.blur.service.blur.BSUtils.sendBroadcast:151 com.motorola.blur.service.blur.BSUtils.sendBroadcast:146 com.motorola.ccc.plm.pollingmanager.PollingManagerService$MyConnectivityReceiver.sendConnectivityIntent:599 
12-03 09:10:39.613  2572  2572 W ContextImpl: Calling a method in the system process without a qualified user: android.app.ContextImpl.sendBroadcast:968 android.content.ContextWrapper.sendBroadcast:436 com.motorola.blur.service.blur.BSUtils.sendBroadcast:151 com.motorola.blur.service.blur.BSUtils.sendBroadcast:146 com.motorola.ccc.plm.pollingmanager.PollingManagerService$MyConnectivityReceiver.sendConnectivityIntent:599 
12-03 09:10:54.182  7543  7543 W ActivityThread: serviceCreate lasts for 7944 ms, CreateServiceData = CreateServiceData{token=android.os.BinderProxy@c5004be className=com.motorola.blur.service.blur.BlurServiceMother packageName=com.motorola.ccc.notification intent=null}
12-03 09:11:10.429  1973  2025 I chatty  : uid=1000(system) batterystats-sy expire 13 lines
12-03 09:11:34.418  7543  7543 W ActivityThread: serviceCreate lasts for 40200 ms, CreateServiceData = CreateServiceData{token=android.os.BinderProxy@31d14b1 className=com.motorola.blur.service.blur.BlurServiceMother packageName=com.motorola.ccc.notification intent=null}
12-03 09:19:58.726  1973  2025 I chatty  : uid=1000(system) batterystats-sy expire 10 lines
12-03 09:21:14.956  6448 30136 E ActivityThread: Failed to find provider info for com.facebook.mlite.sso.MessengerLoggedInUserProvider
12-03 09:23:10.997  1973  2025 I chatty  : uid=1000(system) batterystats-sy expire 25 lines
12-03 09:24:51.950  6448 30179 E ActivityThread: Failed to find provider info for com.facebook.mlite.sso.MessengerLoggedInUserProvider
12-03 09:25:24.669  6448 30278 E ActivityThread: Failed to find provider info for com.facebook.mlite.sso.MessengerLoggedInUserProvider
12-03 09:25:39.988  6448  6448 W ActivityThread: serviceCreate lasts for 5122 ms, CreateServiceData = CreateServiceData{token=android.os.BinderProxy@5b930da className=com.facebook.fbservice.service.BlueService packageName=com.facebook.orca intent=null}
12-03 09:26:38.970  6448  6448 W ActivityThread: serviceCreate lasts for 7886 ms, CreateServiceData = CreateServiceData{token=android.os.BinderProxy@d512248 className=com.facebook.fbservice.service.BlueService packageName=com.facebook.orca intent=null}
12-03 09:39:50.949  1973  2025 I chatty  : uid=1000(system) batterystats-sy expire 18 lines
12-03 09:45:19.700  6448 30610 E ActivityThread: Failed to find provider info for com.facebook.mlite.sso.MessengerLoggedInUserProvider
12-03 09:49:03.052  6448 30667 E ActivityThread: Failed to find provider info for com.facebook.mlite.sso.MessengerLoggedInUserProvider
12-03 09:49:34.923  6448  6448 W ActivityThread: serviceCreate lasts for 15889 ms, CreateServiceData = CreateServiceData{token=android.os.BinderProxy@97e7cc3 className=com.facebook.fbservice.service.BlueService packageName=com.facebook.orca intent=null}
12-03 09:50:34.510  6448  6448 W ActivityThread: serviceCreate lasts for 27553 ms, CreateServiceData = CreateServiceData{token=android.os.BinderProxy@7735e8e className=com.facebook.fbservice.service.BlueService packageName=com.facebook.orca intent=null}
12-03 09:50:34.521  1973  2025 I chatty  : uid=1000(system) batterystats-sy expire 34 lines
12-03 09:50:49.878  6448  6448 W ActivityThread: serviceCreate starts in 2667 ms, CreateServiceData = CreateServiceData{token=android.os.BinderProxy@b3ccfa8 className=com.facebook.fbservice.service.BlueService packageName=com.facebook.orca intent=null}
